Archive member included to satisfy reference by file (symbol)

C:/devkitPro/libgba/lib\libmm.a(mm_mas.o)
                              bn_hw_audio.bn_noflto.o (mmStart)
C:/devkitPro/libgba/lib\libmm.a(mm_main.o)
                              C:/devkitPro/libgba/lib\libmm.a(mm_mas.o) (mmCallback)
C:/devkitPro/libgba/lib\libmm.a(mm_effect.o)
                              bn_hw_audio.bn_noflto.o (mmEffect)
C:/devkitPro/libgba/lib\libmm.a(mm_mas_arm.o)
                              C:/devkitPro/libgba/lib\libmm.a(mm_mas.o) (mmAllocChannel)
C:/devkitPro/libgba/lib\libmm.a(mm_mixer_gba.o)
                              bn_hw_audio.bn_noflto.o (mmVBlank)
C:/devkitPro/libgba/lib\libmm.a(mm_main_gba.o)
                              C:/devkitPro/libgba/lib\libmm.a(mm_mixer_gba.o) (mm_vblank_function)
C:/devkitPro/devkitARM/bin/../lib/gcc/arm-none-eabi/13.1.0/thumb\libgcc.a(_call_via_rX.o)
                              C:/devkitPro/libgba/lib\libmm.a(mm_main_gba.o) (_call_via_r1)
C:/devkitPro/devkitARM/bin/../lib/gcc/arm-none-eabi/13.1.0/thumb\libgcc.a(_aeabi_ldivmod.o)
                              bn_hw_text.o (__aeabi_ldivmod)
C:/devkitPro/devkitARM/bin/../lib/gcc/arm-none-eabi/13.1.0/thumb\libgcc.a(_aeabi_uldivmod.o)
                              bn_hw_text.o (__aeabi_uldivmod)
C:/devkitPro/devkitARM/bin/../lib/gcc/arm-none-eabi/13.1.0/thumb\libgcc.a(_udivmoddi4.o)
                              C:/devkitPro/devkitARM/bin/../lib/gcc/arm-none-eabi/13.1.0/thumb\libgcc.a(_aeabi_ldivmod.o) (__udivmoddi4)
C:/devkitPro/devkitARM/bin/../lib/gcc/arm-none-eabi/13.1.0/../../../../arm-none-eabi/lib/thumb\libg.a(libc_a-init.o)
                              C:/devkitPro/devkitARM/bin/../lib/gcc/arm-none-eabi/13.1.0/../../../../arm-none-eabi/lib/thumb/gba_crt0.o (__libc_init_array)
C:/devkitPro/devkitARM/bin/../lib/gcc/arm-none-eabi/13.1.0/../../../../arm-none-eabi/lib/thumb\libsysbase.a(libsysbase_libsysbase_a-malloc_vars.o)
                              C:/devkitPro/devkitARM/bin/../lib/gcc/arm-none-eabi/13.1.0/../../../../arm-none-eabi/lib/thumb/gba_crt0.o (fake_heap_end)

Discarded input sections

 .text          0x00000000        0x0 C:/devkitPro/devkitARM/bin/../lib/gcc/arm-none-eabi/13.1.0/../../../../arm-none-eabi/lib/thumb/gba_crt0.o
 .data          0x00000000        0x0 C:/devkitPro/devkitARM/bin/../lib/gcc/arm-none-eabi/13.1.0/../../../../arm-none-eabi/lib/thumb/gba_crt0.o
 .bss           0x00000000        0x0 C:/devkitPro/devkitARM/bin/../lib/gcc/arm-none-eabi/13.1.0/../../../../arm-none-eabi/lib/thumb/gba_crt0.o
 .text          0x00000000        0x0 C:/devkitPro/devkitARM/bin/../lib/gcc/arm-none-eabi/13.1.0/thumb/crti.o
 .data          0x00000000        0x0 C:/devkitPro/devkitARM/bin/../lib/gcc/arm-none-eabi/13.1.0/thumb/crti.o
 .bss           0x00000000        0x0 C:/devkitPro/devkitARM/bin/../lib/gcc/arm-none-eabi/13.1.0/thumb/crti.o
 .text          0x00000000        0x0 C:/devkitPro/devkitARM/bin/../lib/gcc/arm-none-eabi/13.1.0/thumb/crtbegin.o
 .data          0x00000000        0x0 C:/devkitPro/devkitARM/bin/../lib/gcc/arm-none-eabi/13.1.0/thumb/crtbegin.o
 .bss           0x00000000        0x0 C:/devkitPro/devkitARM/bin/../lib/gcc/arm-none-eabi/13.1.0/thumb/crtbegin.o
 .rodata.all_implied_fbits
                0x00000000       0x24 C:/devkitPro/devkitARM/bin/../lib/gcc/arm-none-eabi/13.1.0/thumb/crtbegin.o
 .data.__dso_handle
                0x00000000        0x4 C:/devkitPro/devkitARM/bin/../lib/gcc/arm-none-eabi/13.1.0/thumb/crtbegin.o
 .text          0x00000000        0x0 _bn_audio_soundbank.bin.o
 .data          0x00000000        0x0 _bn_audio_soundbank.bin.o
 .bss           0x00000000        0x0 _bn_audio_soundbank.bin.o
 .text          0x00000000        0x0 cursor_bn_gfx.o
 .data          0x00000000        0x0 cursor_bn_gfx.o
 .bss           0x00000000        0x0 cursor_bn_gfx.o
 .text          0x00000000        0x0 entity_bn_gfx.o
 .data          0x00000000        0x0 entity_bn_gfx.o
 .bss           0x00000000        0x0 entity_bn_gfx.o
 .text          0x00000000        0x0 overworld_bn_gfx.o
 .data          0x00000000        0x0 overworld_bn_gfx.o
 .bss           0x00000000        0x0 overworld_bn_gfx.o
 .rodata        0x00000000     0xe640 overworld_bn_gfx.o
 .text          0x00000000        0x0 selected_bn_gfx.o
 .data          0x00000000        0x0 selected_bn_gfx.o
 .bss           0x00000000        0x0 selected_bn_gfx.o
 .rodata        0x00000000       0x60 selected_bn_gfx.o
 .text          0x00000000        0x0 world_bn_gfx.o
 .data          0x00000000        0x0 world_bn_gfx.o
 .bss           0x00000000        0x0 world_bn_gfx.o
 .text          0x00000000        0x0 common_fixed_8x16_font_bn_gfx.o
 .data          0x00000000        0x0 common_fixed_8x16_font_bn_gfx.o
 .bss           0x00000000        0x0 common_fixed_8x16_font_bn_gfx.o
 .rodata        0x00000000     0x1ba0 common_fixed_8x16_font_bn_gfx.o
 .text          0x00000000        0x0 common_fixed_8x8_font_bn_gfx.o
[...]
Memory Configuration

Name             Origin             Length             Attributes
rom              0x08000000         0x02000000
iwram            0x03000000         0x00008000
ewram            0x02000000         0x00040000
*default*        0x00000000         0xffffffff

Linker script and memory map

                0x08000000                        __text_start = ORIGIN (rom)
                0x02040000                        __eheap_end = (ORIGIN (ewram) + LENGTH (ewram))
                0x03000000                        __iwram_start = ORIGIN (iwram)
                0x03008000                        __iwram_top = (ORIGIN (iwram) + LENGTH (iwram))
                0x03007fa0                        __sp_irq = (__iwram_top - 0x60)
                0x03007f00                        __sp_usr = (__sp_irq - 0xa0)
                0x03007ff8                        __irq_flags = 0x3007ff8
                0x08000000                        . = __text_start

.crt0           0x08000000      0x210
 *(.crt0)
 .crt0          0x08000000      0x210 C:/devkitPro/devkitARM/bin/../lib/gcc/arm-none-eabi/13.1.0/../../../../arm-none-eabi/lib/thumb/gba_crt0.o
                0x08000000                _start
                0x080000c4                __boot_method
                0x080000c5                __slave_number
                0x080000e0                start_vector
                0x08000210                        . = ALIGN (0x4)

.init           0x08000210        0xc
 *(SORT_NONE(.init))
 .init          0x08000210        0x4 C:/devkitPro/devkitARM/bin/../lib/gcc/arm-none-eabi/13.1.0/thumb/crti.o
                0x08000210                _init
 .init          0x08000214        0x8 C:/devkitPro/devkitARM/bin/../lib/gcc/arm-none-eabi/13.1.0/thumb/crtn.o

.plt            0x0800021c        0x0
 *(.plt)
                0x0800021c                        . = ALIGN (0x4)

.text           0x08000220    0x11800
 *(EXCLUDE_FILE(*.iwram*) .text*)
 .text.__do_global_dtors_aux
                0x08000220       0x2c C:/devkitPro/devkitARM/bin/../lib/gcc/arm-none-eabi/13.1.0/thumb/crtbegin.o
 .text.frame_dummy
                0x0800024c       0x24 C:/devkitPro/devkitARM/bin/../lib/gcc/arm-none-eabi/13.1.0/thumb/crtbegin.o
 .text._ZN3dnd6Player6updateENS_4MathE
                0x08000270       0x2c entity.o
                0x08000270                dnd::Player::update(dnd::Math)
 .text._ZN3dnd6PlayerD2Ev
                0x0800029c       0x94 entity.o
                0x0800029c                dnd::Player::~Player()
                0x0800029c                dnd::Player::~Player()
 .text._ZN3dnd6PlayerD0Ev
                0x08000330       0x9c entity.o
                0x08000330                dnd::Player::~Player()
 .text._ZN3dnd6EntityC2EiiN2bn6randomEiiNS_4MathENS1_21sprite_text_generatorE
                0x080003cc       0x78 entity.o
                0x080003cc                dnd::Entity::Entity(int, int, bn::random, int, int, dnd::Math, bn::sprite_text_generator)
                0x080003cc                dnd::Entity::Entity(int, int, bn::random, int, int, dnd::Math, bn::sprite_text_generator)
 .text.startup.main
                0x08000444      0x138 main.o
                0x08000444                main
 .text._ZN3dnd4Math9isoToCartEN2bn5pointE
                0x0800057c       0x50 math.o
                0x0800057c                dnd::Math::isoToCart(bn::point)
 .text._ZN3dnd6SelectC2ENS_4MathE
                0x080005cc       0x9c select.o
                0x080005cc                dnd::Select::Select(dnd::Math)
                0x080005cc                dnd::Select::Select(dnd::Math)
 .text._ZN3_bn6assert9show_argsIJA16_ciA4_ciEEEvPKcS5_S5_iDpRKT_
                0x08000668       0x6c select.o
                0x08000668                void _bn::assert::show_args<char [16], int, char [4], int>(char const*, char const*, char const*, int, char const (&) [16], int const&, char const (&) [4], int const&)
 .text._ZN3dnd4TileC2EN2bn10sprite_ptrE
                0x080006d4       0x18 tile.o
                0x080006d4                dnd::Tile::Tile(bn::sprite_ptr)
                0x080006d4                dnd::Tile::Tile(bn::sprite_ptr)
 .text._ZN3_bn6assert9show_argsIA22_cEEvPKcS4_S4_iRKT_
                0x080006ec       0x50 world.o
                0x080006ec                void _bn::assert::show_args<char [22]>(char const*, char const*, char const*, int, char const (&) [22])
 .text._ZN3dnd6PlayerC2EiiN2bn6randomENS_4MathENS1_21sprite_text_generatorE
                0x0800073c      0x384 world.o
                0x0800073c                dnd::Player::Player(int, int, bn::random, dnd::Math, bn::sprite_text_generator)
                0x0800073c                dnd::Player::Player(int, int, bn::random, dnd::Math, bn::sprite_text_generator)
 .text._ZN3dnd5WorldC2ENS_4MathEN2bn21sprite_text_generatorE
                0x08000ac0      0x560 world.o
                0x08000ac0                dnd::World::World(dnd::Math, bn::sprite_text_generator)
                0x08000ac0                dnd::World::World(dnd::Math, bn::sprite_text_generator)
 .text._ZN3dnd5World8setDepthEb
                0x08001020      0x1e4 world.o
                0x08001020                dnd::World::setDepth(bool)
 .text._ZN3dnd5World6updateEv
                0x08001204      0x144 world.o
                0x08001204                dnd::World::update()
 .text._ZN2bn13audio_manager4initEv
                0x08001348        0xc bn_audio_manager.o
                0x08001348                bn::audio_manager::init()
 .text._ZN2bn13audio_manager7disableEv
                0x08001354        0xc bn_audio_manager.o
                0x08001354                bn::audio_manager::disable()
 .text._ZN2bn13audio_manager22disable_vblank_handlerEv
                0x08001360        0xc bn_audio_manager.o
                0x08001360                bn::audio_manager::disable_vblank_handler()
 .text._ZN2bn13audio_manager6updateEv
                0x0800136c       0x18 bn_audio_manager.o
                0x0800136c                bn::audio_manager::update()
 .text._ZN2bn13audio_manager6commitEv
                0x08001384        0xc bn_audio_manager.o
                0x08001384                bn::audio_manager::commit()
 .text._ZN3_bn6assert9show_argsIA18_ciEEvPKcS4_S4_iRKT_RKT0_
                0x08001390       0x58 bn_audio_manager.o
                0x08001390                void _bn::assert::show_args<char [18], int>(char const*, char const*, char const*, int, char const (&) [18], int const&)
 .text._ZN3_bn6assert9show_argsIA14_ciEEvPKcS4_S4_iRKT_RKT0_
                0x080013e8       0x58 bn_audio_manager.o
                0x080013e8                void _bn::assert::show_args<char [14], int>(char const*, char const*, char const*, int, char const (&) [14], int const&)
 .text._ZN2bn13audio_manager16execute_commandsEv
                0x08001440      0x240 bn_audio_manager.o
                0x08001440                bn::audio_manager::execute_commands()
 .text._ZN3_bn6assert9show_argsIA26_ciEEvPKcS4_S4_iRKT_RKT0_
                0x08001680       0x58 bn_audio_manager.o
                0x08001680                void _bn::assert::show_args<char [26], int>(char const*, char const*, char const*, int, char const (&) [26], int const&)
 .text._ZN3_bn6assert9show_argsIA33_cEEvPKcS4_S4_iRKT_
                0x080016d8       0x50 bn_audio_manager.o
                0x080016d8                void _bn::assert::show_args<char [33]>(char const*, char const*, char const*, int, char const (&) [33])
 .text._ZN3_bn6assert9show_argsIA25_cEEvPKcS4_S4_iRKT_
                0x08001728       0x50 bn_audio_manager.o
                0x08001728                void _bn::assert::show_args<char [25]>(char const*, char const*, char const*, int, char const (&) [25])
 .text._ZN2bn13audio_manager10stop_musicEv
                0x08001778       0x70 bn_audio_manager.o
                0x08001778                bn::audio_manager::stop_music()
 .text._ZN2bn13audio_manager4stopEv
                0x080017e8       0x60 bn_audio_manager.o
                0x080017e8                bn::audio_manager::stop()
 .text._ZN3_bn6assert9show_argsIA24_cEEvPKcS4_S4_iRKT_
                0x08001848       0x50 bn_audio_manager.o
                0x08001848                void _bn::assert::show_args<char [24]>(char const*, char const*, char const*, int, char const (&) [24])
 .text.startup._GLOBAL__sub_I__ZN2bn5audio16update_on_vblankEv
                0x08001898       0x38 bn_audio_manager.o
 .text._ZN2bn18best_fit_allocator4freeEPv
                0x080018d0      0x110 bn_best_fit_allocator.o
                0x080018d0                bn::best_fit_allocator::free(void*)
 .text._ZN3_bn6assert9show_argsIA23_cEEvPKcS4_S4_iRKT_
                0x080019e0       0x50 bn_best_fit_allocator.o
                0x080019e0                void _bn::assert::show_args<char [23]>(char const*, char const*, char const*, int, char const (&) [23])
 .text._ZN2bn18best_fit_allocatorD2Ev
                0x08001a30       0x34 bn_best_fit_allocator.o
                0x08001a30                bn::best_fit_allocator::~best_fit_allocator()
                0x08001a30                bn::best_fit_allocator::~best_fit_allocator()
 .text._ZN3_bn6assert9show_argsIA16_ciEEvPKcS4_S4_iRKT_RKT0_
                0x08001a64       0x58 bn_best_fit_allocator.o
                0x08001a64                void _bn::assert::show_args<char [16], int>(char const*, char const*, char const*, int, char const (&) [16], int const&)
 .text._ZN3_bn6assert9show_argsIA14_cEEvPKcS4_S4_iRKT_
                0x08001abc       0x50 bn_best_fit_allocator.o
                0x08001abc                void _bn::assert::show_args<char [14]>(char const*, char const*, char const*, int, char const (&) [14])
 .text._ZN3_bn6assert9show_argsIA21_cEEvPKcS4_S4_iRKT_
                0x08001b0c       0x50 bn_best_fit_allocator.o
                0x08001b0c                void _bn::assert::show_args<char [21]>(char const*, char const*, char const*, int, char const (&) [21])
 .text._ZN2bn18best_fit_allocator5resetEPvi
                0x08001b5c       0xc4 bn_best_fit_allocator.o
                0x08001b5c                bn::best_fit_allocator::reset(void*, int)
 .text._ZN2bn13ostringstream11append_argsIiJA4_ciEEEvRKT_DpRKT0_.isra.0
                0x08001c20       0x24 bn_bg_blocks_manager.o
 .text._ZNK2bn18regular_bg_map_ptr2idEv
                0x08001c44       0x18 bn_bg_blocks_manager.o
                0x08001c44                bn::regular_bg_map_ptr::id() const
 .text._ZNK2bn18regular_bg_map_ptr10dimensionsEv
                0x08001c5c       0x20 bn_bg_blocks_manager.o
                0x08001c5c                bn::regular_bg_map_ptr::dimensions() const
 .text._ZNK2bn20regular_bg_tiles_ptr3cbbEv
                0x08001c7c       0x18 bn_bg_blocks_manager.o
                0x08001c7c                bn::regular_bg_tiles_ptr::cbb() const
 .text._ZNK2bn17affine_bg_map_ptr2idEv
                0x08001c94       0x18 bn_bg_blocks_manager.o
                0x08001c94                bn::affine_bg_map_ptr::id() const
 .text._ZNK2bn17affine_bg_map_ptr10dimensionsEv
                0x08001cac       0x20 bn_bg_blocks_manager.o
                0x08001cac                bn::affine_bg_map_ptr::dimensions() const
 .text._ZNK2bn19affine_bg_tiles_ptr3cbbEv
                0x08001ccc       0x18 bn_bg_blocks_manager.o
                0x08001ccc                bn::affine_bg_tiles_ptr::cbb() const
 .text._ZN2bn17bg_blocks_manager15decrease_usagesEi
                0x08001ce4       0x98 bn_bg_blocks_manager.o
                0x08001ce4                bn::bg_blocks_manager::decrease_usages(int)
 .text._ZN2bn17bg_blocks_manager12_GLOBAL__N_110items_list12insert_afterEiRKNS1_9item_typeE.constprop.0
                0x08001d7c      0x250 bn_bg_blocks_manager.o
 .text._ZN2bn17bg_blocks_manager4initEv
                0x08001fcc       0x7c bn_bg_blocks_manager.o
                0x08001fcc                bn::bg_blocks_manager::init()
 .text._ZN2bn17bg_blocks_manager11must_commitEi
                0x08002048       0x18 bn_bg_blocks_manager.o
                0x08002048                bn::bg_blocks_manager::must_commit(int)
 .text._ZN3_bn6assert9show_argsIA27_ciEEvPKcS4_S4_iRKT_RKT0_
                0x08002060       0x58 bn_bg_blocks_manager.o
                0x08002060                void _bn::assert::show_args<char [27], int>(char const*, char const*, char const*, int, char const (&) [27], int const&)
 .text._ZN3_bn6assert9show_argsIA15_ciEEvPKcS4_S4_iRKT_RKT0_
                0x080020b8       0x58 bn_bg_blocks_manager.o
                0x080020b8                void _bn::assert::show_args<char [15], int>(char const*, char const*, char const*, int, char const (&) [15], int const&)
 .text._ZN3_bn6assert9show_argsIJA22_ciA4_ciEEEvPKcS5_S5_iDpRKT_
                0x08002110       0x5c bn_bg_blocks_manager.o
                0x08002110                void _bn::assert::show_args<char [22], int, char [4], int>(char const*, char const*, char const*, int, char const (&) [22], int const&, char const (&) [4], int const&)
 .text._ZN3_bn6assert9show_argsIJA58_ciA4_ciEEEvPKcS5_S5_iDpRKT_
                0x0800216c       0x5c bn_bg_blocks_manager.o
                0x0800216c                void _bn::assert::show_args<char [58], int, char [4], int>(char const*, char const*, char const*, int, char const (&) [58], int const&, char const (&) [4], int const&)
 .text._ZN3_bn6assert9show_argsIA22_ciEEvPKcS4_S4_iRKT_RKT0_
                0x080021c8       0x58 bn_bg_blocks_manager.o
                0x080021c8                void _bn::assert::show_args<char [22], int>(char const*, char const*, char const*, int, char const (&) [22], int const&)
 .text._ZN3_bn6assert9show_argsIA19_cEEvPKcS4_S4_iRKT_
                0x08002220       0x50 bn_bg_blocks_manager.o
                0x08002220                void _bn::assert::show_args<char [19]>(char const*, char const*, char const*, int, char const (&) [19])
 .text._ZNK2bn18regular_bg_map_ptr5tilesEv
                0x08002270       0x48 bn_bg_blocks_manager.o
                0x08002270                bn::regular_bg_map_ptr::tiles() const
 .text._ZNK2bn17affine_bg_map_ptr5tilesEv
                0x080022b8       0x48 bn_bg_blocks_manager.o
                0x080022b8                bn::affine_bg_map_ptr::tiles() const
 .text._ZNK2bn18regular_bg_map_ptr3bppEv
                0x08002300       0x4c bn_bg_blocks_manager.o
                0x08002300                bn::regular_bg_map_ptr::bpp() const
 .text._ZN2bn17bg_blocks_manager21update_affine_map_rowEiii
                0x0800234c      0x104 bn_bg_blocks_manager.o
                0x0800234c                bn::bg_blocks_manager::update_affine_map_row(int, int, int)
 .text._ZN2bn17bg_blocks_manager23set_affine_map_positionEiii
                0x08002450      0x1c4 bn_bg_blocks_manager.o
                0x08002450                bn::bg_blocks_manager::set_affine_map_position(int, int, int)
 .text._ZN2bn17bg_blocks_manager21update_affine_map_colEiii
                0x08002614      0x224 bn_bg_blocks_manager.o
                0x08002614                bn::bg_blocks_manager::update_affine_map_col(int, int, int)
 .text._ZN2bn17bg_blocks_manager22update_regular_map_colEiii
                0x08002838      0x174 bn_bg_blocks_manager.o
                0x08002838                bn::bg_blocks_manager::update_regular_map_col(int, int, int)
 .text._ZN2bn17bg_blocks_manager22update_regular_map_rowEiii
                0x080029ac      0x14c bn_bg_blocks_manager.o
                0x080029ac                bn::bg_blocks_manager::update_regular_map_row(int, int, int)
 .text._ZN2bn17bg_blocks_manager24set_regular_map_positionEiii
                0x08002af8      0x1d4 bn_bg_blocks_manager.o
                0x08002af8                bn::bg_blocks_manager::set_regular_map_position(int, int, int)
 .text._ZN2bn17bg_blocks_manager12_GLOBAL__N_112_commit_itemERKNS1_9item_typeE
                0x08002ccc      0x2b8 bn_bg_blocks_manager.o
 .text._ZN2bn17bg_blocks_manager6commitEv
                0x08002f84       0x40 bn_bg_blocks_manager.o
                0x08002f84                bn::bg_blocks_manager::commit()
 .text._ZN3_bn6assert9show_argsIA26_cEEvPKcS4_S4_iRKT_
                0x08002fc4       0x50 bn_bg_blocks_manager.o
                0x08002fc4                void _bn::assert::show_args<char [26]>(char const*, char const*, char const*, int, char const (&) [26])
 .text._ZN3_bn6assert9show_argsIA31_cEEvPKcS4_S4_iRKT_
                0x08003014       0x50 bn_bg_blocks_manager.o
                0x08003014                void _bn::assert::show_args<char [31]>(char const*, char const*, char const*, int, char const (&) [31])
 .text._ZN3_bn6assert9show_argsIA17_cEEvPKcS4_S4_iRKT_
                0x08003064       0x50 bn_bg_blocks_manager.o
                0x08003064                void _bn::assert::show_args<char [17]>(char const*, char const*, char const*, int, char const (&) [17])
 .text._ZN3_bn6assert9show_argsIA39_ciEEvPKcS4_S4_iRKT_RKT0_
                0x080030b4       0x58 bn_bg_blocks_manager.o
                0x080030b4                void _bn::assert::show_args<char [39], int>(char const*, char const*, char const*, int, char const (&) [39], int const&)
 .text._ZN3_bn6assert9show_argsIA25_ciEEvPKcS4_S4_iRKT_RKT0_
                0x0800310c       0x58 bn_bg_blocks_manager.o
                0x0800310c                void _bn::assert::show_args<char [25], int>(char const*, char const*, char const*, int, char const (&) [25], int const&)
 .text._ZN2bn14iunordered_mapIPKviNS_17bg_blocks_manager12_GLOBAL__N_115identity_hasherENS_8equal_toIS2_EEE5eraseERKNS8_14const_iteratorE.constprop.0.isra.0
                0x08003164      0x1a4 bn_bg_blocks_manager.o
 .text._ZN2bn17bg_blocks_manager12_GLOBAL__N_121_remove_adjacent_itemEiRNS1_9item_typeE
                0x08003308       0xcc bn_bg_blocks_manager.o
 .text._ZN2bn17bg_blocks_manager6updateEv
                0x080033d4      0x200 bn_bg_blocks_manager.o
                0x080033d4                bn::bg_blocks_manager::update()
 .text.startup._GLOBAL__sub_I__ZN2bn7bg_maps16used_cells_countEv
                0x080035d4       0x98 bn_bg_blocks_manager.o
 .text.exit._GLOBAL__sub_D__ZN2bn7bg_maps16used_cells_countEv
                0x0800366c       0x50 bn_bg_blocks_manager.o
 .text._ZN2bn11bgs_manager12_GLOBAL__N_133_update_item_hw_affine_attributesERKNS1_9item_typeE
                0x080036bc       0x48 bn_bgs_manager.o
 .text._ZN2bn13ostringstream11append_argsIiJA4_ciEEEvRKT_DpRKT0_.isra.0
                0x08003704       0x24 bn_bgs_manager.o
 .text._ZN2bn11bgs_manager5hw_idEPv
                0x08003728        0x8 bn_bgs_manager.o
                0x08003728                bn::bgs_manager::hw_id(void*)
 .text._ZN2bn11bgs_manager11hw_positionEPv
                0x08003730        0x4 bn_bgs_manager.o
                0x08003730                bn::bgs_manager::hw_position(void*)
 .text._ZN2bn11bgs_manager14mat_attributesEPv
                0x08003734        0x4 bn_bgs_manager.o
                0x08003734                bn::bgs_manager::mat_attributes(void*)
 .text._ZN2bn11bgs_manager20update_windows_flagsEPj
                0x08003738       0x7c bn_bgs_manager.o
                0x08003738                bn::bgs_manager::update_windows_flags(unsigned int*)
 .text._ZN2bn11bgs_manager36fill_hblank_effect_regular_positionsEiPKNS_7fixed_tILi12EEEPt
                0x080037b4       0x38 bn_bgs_manager.o
                0x080037b4                bn::bgs_manager::fill_hblank_effect_regular_positions(int, bn::fixed_t<12> const*, unsigned short*)
 .text._ZN2bn11bgs_manager45fill_hblank_effect_pivot_horizontal_positionsEPvPKNS_7fixed_tILi12EEEPj
                0x080037ec       0x24 bn_bgs_manager.o
                0x080037ec                bn::bgs_manager::fill_hblank_effect_pivot_horizontal_positions(void*, bn::fixed_t<12> const*, unsigned int*)
 .text._ZN2bn11bgs_manager43fill_hblank_effect_pivot_vertical_positionsEPvPKNS_7fixed_tILi12EEEPj
                0x08003810       0x24 bn_bgs_manager.o
                0x08003810                bn::bgs_manager::fill_hblank_effect_pivot_vertical_positions(void*, bn::fixed_t<12> const*, unsigned int*)
 .text._ZN2bn11bgs_manager6commitEb
                0x08003834       0x58 bn_bgs_manager.o
                0x08003834                bn::bgs_manager::commit(bool)
 .text._ZN2bn11bgs_manager4stopEv
                0x0800388c       0x28 bn_bgs_manager.o
                0x0800388c                bn::bgs_manager::stop()
 .text._ZN3_bn6assert9show_argsIA30_cEEvPKcS4_S4_iRKT_
                0x080038b4       0x50 bn_bgs_manager.o
                0x080038b4                void _bn::assert::show_args<char [30]>(char const*, char const*, char const*, int, char const (&) [30])
 .text._ZN3_bn6assert9show_argsIJA60_ciA4_ciEEEvPKcS5_S5_iDpRKT_
                0x08003904       0x5c bn_bgs_manager.o
                0x08003904                void _bn::assert::show_args<char [60], int, char [4], int>(char const*, char const*, char const*, int, char const (&) [60], int const&, char const (&) [4], int const&)
 .text._ZN3_bn6assert9show_argsIJA59_ciA4_ciEEEvPKcS5_S5_iDpRKT_
                0x08003960       0x5c bn_bgs_manager.o
                0x08003960                void _bn::assert::show_args<char [59], int, char [4], int>(char const*, char const*, char const*, int, char const (&) [59], int const&, char const (&) [4], int const&)
 .text._ZN3_bn6assert9show_argsIJA57_ciA4_ciEEEvPKcS5_S5_iDpRKT_
                0x080039bc       0x5c bn_bgs_manager.o
                0x080039bc                void _bn::assert::show_args<char [57], int, char [4], int>(char const*, char const*, char const*, int, char const (&) [57], int const&, char const (&) [4], int const&)
 .text._ZN2bn11bgs_manager14update_camerasEv
                0x08003a18      0x2b4 bn_bgs_manager.o
                0x08003a18                bn::bgs_manager::update_cameras()
 .text._ZN3_bn6assert9show_argsIA27_cEEvPKcS4_S4_iRKT_
                0x08003ccc       0x50 bn_bgs_manager.o
                0x08003ccc                void _bn::assert::show_args<char [27]>(char const*, char const*, char const*, int, char const (&) [27])
 .text._ZN2bn11bgs_manager15rebuild_handlesEv.part.0
                0x08003d1c      0x198 bn_bgs_manager.o
 .text._ZN2bn11bgs_manager37fill_hblank_effect_regular_attributesEPvPKNS_21regular_bg_attributesEPt
                0x08003eb4      0x100 bn_bgs_manager.o
                0x08003eb4                bn::bgs_manager::fill_hblank_effect_regular_attributes(void*, bn::regular_bg_attributes const*, unsigned short*)
 .text._ZN2bn11bgs_manager6updateEv
                0x08003fb4      0x1d0 bn_bgs_manager.o
                0x08003fb4                bn::bgs_manager::update()
 .text._ZN2bn11bgs_manager15commit_big_mapsEv
                0x08004184      0x1d4 bn_bgs_manager.o
                0x08004184                bn::bgs_manager::commit_big_maps()
 .text._ZN2bn11bgs_manager36fill_hblank_effect_affine_attributesEPvPKNS_20affine_bg_attributesEPt
                0x08004358      0x104 bn_bgs_manager.o
                0x08004358                bn::bgs_manager::fill_hblank_effect_affine_attributes(void*, bn::affine_bg_attributes const*, unsigned short*)
 .text._ZN2bn11bgs_manager10affine_mapEPv
                0x0800445c       0x34 bn_bgs_manager.o
                0x0800445c                bn::bgs_manager::affine_map(void*)
 .text._ZN2bn11bgs_manager11regular_mapEPv
                0x08004490       0x34 bn_bgs_manager.o
                0x08004490                bn::bgs_manager::regular_map(void*)
 .text._ZN3_bn6assert9show_argsIA15_cEEvPKcS4_S4_iRKT_
                0x080044c4       0x50 bn_bgs_manager.o
                0x080044c4                void _bn::assert::show_args<char [15]>(char const*, char const*, char const*, int, char const (&) [15])
 .text._ZN3_bn6assert9show_argsIA13_cEEvPKcS4_S4_iRKT_
                0x08004514       0x50 bn_bgs_manager.o
                0x08004514                void _bn::assert::show_args<char [13]>(char const*, char const*, char const*, int, char const (&) [13])
 .text.startup._GLOBAL__sub_I__ZN2bn3bgs16used_items_countEv
                0x08004564       0x80 bn_bgs_manager.o
 .text.exit._GLOBAL__sub_D__ZN2bn3bgs16used_items_countEv
                0x080045e4       0x14 bn_bgs_manager.o
 .text._ZN2bn10camera_ptrD2Ev
                0x080045f8       0x38 bn_cameras_manager.o
                0x080045f8                bn::camera_ptr::~camera_ptr()
                0x080045f8                bn::camera_ptr::~camera_ptr()
 .text._ZNK2bn10camera_ptr8positionEv
                0x08004630       0x14 bn_cameras_manager.o
                0x08004630                bn::camera_ptr::position() const
 .text._ZN2bn15cameras_manager4initEv
                0x08004644       0x10 bn_cameras_manager.o
                0x08004644                bn::cameras_manager::init()
 .text._ZN2bn15cameras_manager6updateEv
                0x08004654       0x28 bn_cameras_manager.o
                0x08004654                bn::cameras_manager::update()
 .text._ZN3_bn6assert9show_argsIA23_ciEEvPKcS4_S4_iRKT_RKT0_
                0x0800467c       0x58 bn_color_effect.o
                0x0800467c                void _bn::assert::show_args<char [23], int>(char const*, char const*, char const*, int, char const (&) [23], int const&)
 .text._ZN2bn4core12_GLOBAL__N_14stopEb.constprop.0
                0x080046d4       0x54 bn_core.o
 .text._ZN2bn4core12_GLOBAL__N_111update_implEv
                0x08004728       0xd8 bn_core.o
 .text._ZN2bn11string_viewC2EPKc
                0x08004800       0x1c bn_core.o
                0x08004800                bn::string_view::string_view(char const*)
                0x08004800                bn::string_view::string_view(char const*)
 .text._ZN2bn4core6updateEv
                0x0800481c       0x68 bn_core.o
                0x0800481c                bn::core::update()
 .text._ZN2bn4core4initERKNS_11string_viewE
                0x08004884       0x94 bn_core.o
                0x08004884                bn::core::init(bn::string_view const&)
 .text._ZN2bn4core4initEv
                0x08004918       0x18 bn_core.o
                0x08004918                bn::core::init()
 .text._ZN2bn4core9on_vblankEv
                0x08004930       0x2c bn_core.o
                0x08004930                bn::core::on_vblank()
 .text._ZN3_bn6assert4showEPKcS2_S2_iRKN2bn12istring_baseE
                0x0800495c       0x80 bn_core.o
                0x0800495c                _bn::assert::show(char const*, char const*, char const*, int, bn::istring_base const&)
 .text.startup._GLOBAL__sub_I__ZN2bn4core4initEv
                0x080049dc       0x44 bn_core.o
 .text._ZN2bn15display_manager12_GLOBAL__N_134_update_rect_windows_hw_boundariesEi
                0x08004a20       0x8c bn_display_manager.o
 .text._ZN2bn15display_manager4initEv
                0x08004aac       0x40 bn_display_manager.o
                0x08004aac                bn::display_manager::init()
 .text._ZN2bn15display_manager8set_modeEi
                0x08004aec       0x1c bn_display_manager.o
                0x08004aec                bn::display_manager::set_mode(int)
 .text._ZN2bn15display_manager14set_bg_enabledEib
                0x08004b08       0x1c bn_display_manager.o
                0x08004b08                bn::display_manager::set_bg_enabled(int, bool)
 .text._ZN2bn15display_manager15disable_all_bgsEv
                0x08004b24       0x18 bn_display_manager.o
                0x08004b24                bn::display_manager::disable_all_bgs()
 .text._ZN2bn15display_manager36fill_mosaic_hblank_effect_attributesEPKNS_17mosaic_attributesEPt
                0x08004b3c       0xb4 bn_display_manager.o
                0x08004b3c                bn::display_manager::fill_mosaic_hblank_effect_attributes(bn::mosaic_attributes const*, unsigned short*)
 .text._ZN2bn15display_manager23set_blending_bg_enabledEib
                0x08004bf0       0x14 bn_display_manager.o
                0x08004bf0                bn::display_manager::set_blending_bg_enabled(int, bool)
 .text._ZN2bn15display_manager32blending_transparency_top_weightEv
                0x08004c04       0x18 bn_display_manager.o
                0x08004c04                bn::display_manager::blending_transparency_top_weight()
 .text._ZN2bn15display_manager35blending_transparency_bottom_weightEv
                0x08004c1c       0x28 bn_display_manager.o
                0x08004c1c                bn::display_manager::blending_transparency_bottom_weight()
 .text._ZN2bn15display_manager51fill_blending_transparency_hblank_effect_attributesEPKNS_32blending_transparency_attributesEPt
                0x08004c44       0x30 bn_display_manager.o
                0x08004c44                bn::display_manager::fill_blending_transparency_hblank_effect_attributes(bn::blending_transparency_attributes const*, unsigned short*)
 .text._ZN2bn15display_manager21blending_fade_enabledEv
                0x08004c74       0x10 bn_display_manager.o
                0x08004c74                bn::display_manager::blending_fade_enabled()
 .text._ZN2bn15display_manager39fill_blending_fade_hblank_effect_alphasEPKNS_19blending_fade_alphaEPt
                0x08004c84       0x24 bn_display_manager.o
                0x08004c84                bn::display_manager::fill_blending_fade_hblank_effect_alphas(bn::blending_fade_alpha const*, unsigned short*)
 .text._ZN2bn15display_manager26update_windows_visible_bgsEv
                0x08004ca8       0x10 bn_display_manager.o
                0x08004ca8                bn::display_manager::update_windows_visible_bgs()
 .text._ZN2bn15display_manager36rect_window_hw_horizontal_boundariesEi
                0x08004cb8       0x14 bn_display_manager.o
                0x08004cb8                bn::display_manager::rect_window_hw_horizontal_boundaries(int)
 .text._ZN2bn15display_manager34rect_window_hw_vertical_boundariesEi
                0x08004ccc       0x14 bn_display_manager.o
                0x08004ccc                bn::display_manager::rect_window_hw_vertical_boundaries(int)
 .text._ZN2bn15display_manager52fill_rect_window_hblank_effect_horizontal_boundariesERKNS_4pairIiiEEPKNS1_INS_7fixed_tILi12EEES6_EEPt
                0x08004ce0      0x13c bn_display_manager.o
                0x08004ce0                bn::display_manager::fill_rect_window_hblank_effect_horizontal_boundaries(bn::pair<int, int> const&, bn::pair<bn::fixed_t<12>, bn::fixed_t<12> > const*, unsigned short*)
 .text._ZN2bn15display_manager50fill_rect_window_hblank_effect_vertical_boundariesERKNS_4pairIiiEEPKNS1_INS_7fixed_tILi12EEES6_EEPt
                0x08004e1c      0x13c bn_display_manager.o
                0x08004e1c                bn::display_manager::fill_rect_window_hblank_effect_vertical_boundaries(bn::pair<int, int> const&, bn::pair<bn::fixed_t<12>, bn::fixed_t<12> > const*, unsigned short*)
 .text._ZN2bn15display_manager36fill_green_swap_hblank_effect_statesEPKbPt
                0x08004f58       0x38 bn_display_manager.o
                0x08004f58                bn::display_manager::fill_green_swap_hblank_effect_states(bool const*, unsigned short*)
 .text._ZN2bn15display_manager14update_camerasEv
                0x08004f90       0x40 bn_display_manager.o
                0x08004f90                bn::display_manager::update_cameras()
 .text._ZN2bn15display_manager6updateEv
                0x08004fd0      0x218 bn_display_manager.o
                0x08004fd0                bn::display_manager::update()
 .text._ZN2bn15display_manager6commitEv
                0x080051e8      0x164 bn_display_manager.o
                0x080051e8                bn::display_manager::commit()
 .text._ZN2bn15display_manager4stopEv
                0x0800534c       0x28 bn_display_manager.o
                0x0800534c                bn::display_manager::stop()
 .text._ZN3_bn6assert9show_argsIA66_cEEvPKcS4_S4_iRKT_
                0x08005374       0x50 bn_display_manager.o
                0x08005374                void _bn::assert::show_args<char [66]>(char const*, char const*, char const*, int, char const (&) [66])
 .text.startup._GLOBAL__sub_I__ZNK2bn6window7show_bgERKNS_14regular_bg_ptrE
                0x080053c4       0x7c bn_display_manager.o
 .text.exit._GLOBAL__sub_D__ZNK2bn6window7show_bgERKNS_14regular_bg_ptrE
                0x08005440       0x38 bn_display_manager.o
 .text._ZN2bn18igeneric_pool_baseC2EPci
                0x08005478       0x10 bn_generic_pool.o
                0x08005478                bn::igeneric_pool_base::igeneric_pool_base(char*, int)
                0x08005478                bn::igeneric_pool_base::igeneric_pool_base(char*, int)
 .text._ZN2bn18igeneric_pool_base5_freeEPc
                0x08005488       0x10 bn_generic_pool.o
                0x08005488                bn::igeneric_pool_base::_free(char*)
 .text._ZN3_bn6assert9show_argsIA18_cEEvPKcS4_S4_iRKT_
                0x08005498       0x50 bn_generic_pool.o
                0x08005498                void _bn::assert::show_args<char [18]>(char const*, char const*, char const*, int, char const (&) [18])
 .text._ZN2bn18igeneric_pool_baseD2Ev
                0x080054e8       0x30 bn_generic_pool.o
                0x080054e8                bn::igeneric_pool_base::~igeneric_pool_base()
                0x080054e8                bn::igeneric_pool_base::~igeneric_pool_base()
 .text._ZN2bn18igeneric_pool_base9_allocateEv
                0x08005518       0x48 bn_generic_pool.o
                0x08005518                bn::igeneric_pool_base::_allocate()
 .text._ZN2bn12gpio_manager6commitEv
                0x08005560       0x48 bn_gpio_manager.o
                0x08005560                bn::gpio_manager::commit()
 .text._ZN2bn12gpio_manager4stopEv
                0x080055a8       0x3c bn_gpio_manager.o
                0x080055a8                bn::gpio_manager::stop()
 .text._ZN2bn22hblank_effects_manager12_GLOBAL__N_19item_type18_output_values_ptrEv
                0x080055e4       0x40 bn_hblank_effects_manager.o
 .text._ZN2bn7type_idINS_4pairIiiEEEENS_9type_id_tEv
                0x08005624        0x8 bn_hblank_effects_manager.o
                0x08005624                bn::type_id_t bn::type_id<bn::pair<int, int> >()
 .text._ZN2bn7type_idINS_33regular_bg_attributes_hbe_handler15last_value_typeEEENS_9type_id_tEv
                0x0800562c        0x8 bn_hblank_effects_manager.o
                0x0800562c                bn::type_id_t bn::type_id<bn::regular_bg_attributes_hbe_handler::last_value_type>()
 .text._ZN2bn7type_idINS_32affine_bg_attributes_hbe_handler15last_value_typeEEENS_9type_id_tEv
                0x08005634        0x8 bn_hblank_effects_manager.o
                0x08005634                bn::type_id_t bn::type_id<bn::affine_bg_attributes_hbe_handler::last_value_type>()
 .text._ZN2bn7type_idIiEENS_9type_id_tEv
                0x0800563c        0x8 bn_hblank_effects_manager.o
                0x0800563c                bn::type_id_t bn::type_id<int>()
 .text._ZN2bn7type_idINS_47affine_bg_pivot_horizontal_position_hbe_handler15last_value_typeEEENS_9type_id_tEv
                0x08005644        0x8 bn_hblank_effects_manager.o
                0x08005644                bn::type_id_t bn::type_id<bn::affine_bg_pivot_horizontal_position_hbe_handler::last_value_type>()
 .text._ZN2bn7type_idINS_45affine_bg_pivot_vertical_position_hbe_handler15last_value_typeEEENS_9type_id_tEv
                0x0800564c        0x8 bn_hblank_effects_manager.o
                0x0800564c                bn::type_id_t bn::type_id<bn::affine_bg_pivot_vertical_position_hbe_handler::last_value_type>()
 .text._ZN2bn7type_idINS_35sprite_first_attributes_hbe_handler15last_value_typeEEENS_9type_id_tEv
                0x08005654        0x8 bn_hblank_effects_manager.o
                0x08005654                bn::type_id_t bn::type_id<bn::sprite_first_attributes_hbe_handler::last_value_type>()
 .text._ZN2bn7type_idINS_35sprite_second_attributes_last_valueEEENS_9type_id_tEv
                0x0800565c        0x8 bn_hblank_effects_manager.o
                0x0800565c                bn::type_id_t bn::type_id<bn::sprite_second_attributes_last_value>()
 .text._ZN2bn7type_idINS_17sprite_shape_sizeEEENS_9type_id_tEv
                0x08005664        0x8 bn_hblank_effects_manager.o
                0x08005664                bn::type_id_t bn::type_id<bn::sprite_shape_size>()
 .text._ZN2bn22hblank_effects_manager7disableEv
                0x0800566c       0x24 bn_hblank_effects_manager.o
                0x0800566c                bn::hblank_effects_manager::disable()
 .text._ZN2bn22hblank_effects_manager6commitEv
                0x08005690       0x74 bn_hblank_effects_manager.o
                0x08005690                bn::hblank_effects_manager::commit()
 .text._ZN2bn22hblank_effects_manager12_GLOBAL__N_110_is_uint32ENS0_12handler_typeE
                0x08005704       0x64 bn_hblank_effects_manager.o
 .text._ZN2bn22hblank_effects_manager12_GLOBAL__N_19item_type12check_updateEv
                0x08005768     0x1ac0 bn_hblank_effects_manager.o
 .text._ZN2bn22hblank_effects_manager6updateEv
                0x08007228      0x1ec bn_hblank_effects_manager.o
                0x08007228                bn::hblank_effects_manager::update()
 .text._ZN2bn22hblank_effects_manager4initEv
                0x08007414       0xd4 bn_hblank_effects_manager.o
                0x08007414                bn::hblank_effects_manager::init()
 .text.startup._GLOBAL__sub_I__ZN2bn4hbes10used_countEv
                0x080074e8       0xfc bn_hblank_effects_manager.o
 .text.exit._GLOBAL__sub_D__ZN2bn4hbes10used_countEv
                0x080075e4       0x3c bn_hblank_effects_manager.o
 .text._ZN2bn12hdma_manager7disableEv
                0x08007620       0x30 bn_hdma_manager.o
                0x08007620                bn::hdma_manager::disable()
 .text._ZN2bn12hdma_manager10force_stopEv
                0x08007650       0x3c bn_hdma_manager.o
                0x08007650                bn::hdma_manager::force_stop()
 .text._ZN2bn12hdma_manager6updateEv
                0x0800768c       0x6c bn_hdma_manager.o
                0x0800768c                bn::hdma_manager::update()
 .text._ZN2bn12hdma_manager6commitEb
                0x080076f8      0x118 bn_hdma_manager.o
                0x080076f8                bn::hdma_manager::commit(bool)
 .text.startup._GLOBAL__sub_I__ZN2bn4hdma7runningEv
                0x08007810       0x34 bn_hdma_manager.o
 .text._ZN2bn6keypad9a_pressedEv
                0x08007844       0x10 bn_keypad_manager.o
                0x08007844                bn::keypad::a_pressed()
 .text._ZN2bn6keypad9b_pressedEv
                0x08007854       0x10 bn_keypad_manager.o
                0x08007854                bn::keypad::b_pressed()
 .text._ZN2bn14keypad_manager4stopEv
                0x08007864        0x4 bn_keypad_manager.o
                0x08007864                bn::keypad_manager::stop()
 .text._ZN3_bn6assert9show_argsIJA19_ciA4_ciEEEvPKcS5_S5_iDpRKT_
                0x08007868       0x6c bn_keypad_manager.o
                0x08007868                void _bn::assert::show_args<char [19], int, char [4], int>(char const*, char const*, char const*, int, char const (&) [19], int const&, char const (&) [4], int const&)
 .text._ZN2bn14keypad_manager6updateEv
                0x080078d4       0xa8 bn_keypad_manager.o
                0x080078d4                bn::keypad_manager::update()
 .text._ZN3_bn6assert9show_argsIA24_ciEEvPKcS4_S4_iRKT_RKT0_
                0x0800797c       0x58 bn_keypad_manager.o
                0x0800797c                void _bn::assert::show_args<char [24], int>(char const*, char const*, char const*, int, char const (&) [24], int const&)
 .text._ZN2bn14keypad_manager4initERKNS_11string_viewE
                0x080079d4       0x58 bn_keypad_manager.o
                0x080079d4                bn::keypad_manager::init(bn::string_view const&)
 .text._ZN3_bn6assert9show_argsIA16_cEEvPKcS4_S4_iRKT_
                0x08007a2c       0x50 bn_keypad_manager.o
                0x08007a2c                void _bn::assert::show_args<char [16]>(char const*, char const*, char const*, int, char const (&) [16])
 .text._ZN2bn12link_manager4initEv
                0x08007a7c        0xc bn_link_manager.o
                0x08007a7c                bn::link_manager::init()
 .text._ZN2bn12link_manager6activeEv
                0x08007a88        0xc bn_link_manager.o
                0x08007a88                bn::link_manager::active()
 .text._ZN2bn12link_manager7disableEv
                0x08007a94       0x18 bn_link_manager.o
                0x08007a94                bn::link_manager::disable()
 .text._ZN2bn3logERKNS_12istring_baseE
                0x08007aac        0xc bn_log.o
                0x08007aac                bn::log(bn::istring_base const&)
 .text._ZdlPvj  0x08007ab8       0x18 bn_memory_manager.o
                0x08007ab8                operator delete(void*, unsigned int)
 .text._ZN2bn14memory_manager4initEv
                0x08007ad0       0x20 bn_memory_manager.o
                0x08007ad0                bn::memory_manager::init()
 .text.exit._GLOBAL__sub_D__Znwj
                0x08007af0       0x14 bn_memory_manager.o
 .text._ZN2bn2hw8palettes9grayscaleEPKNS_5colorEiiPS2_.part.0
                0x08007b04       0x40 bn_palettes_manager.o
 .text._ZN2bn14bg_palette_ptrC2ERKS0_
                0x08007b44       0x2c bn_palettes_manager.o
                0x08007b44                bn::bg_palette_ptr::bg_palette_ptr(bn::bg_palette_ptr const&)
                0x08007b44                bn::bg_palette_ptr::bg_palette_ptr(bn::bg_palette_ptr const&)
 .text._ZNK2bn14bg_palette_ptr3bppEv
                0x08007b70       0x20 bn_palettes_manager.o
                0x08007b70                bn::bg_palette_ptr::bpp() const
 .text._ZNK2bn18sprite_palette_ptr3bppEv
                0x08007b90       0x1c bn_palettes_manager.o
                0x08007b90                bn::sprite_palette_ptr::bpp() const
 .text._ZNK2bn13palettes_bank10log_statusEv
                0x08007bac      0x178 bn_palettes_manager.o
                0x08007bac                bn::palettes_bank::log_status() const
 .text._ZNK2bn13palettes_bank20retrieve_commit_dataEv
                0x08007d24       0x4c bn_palettes_manager.o
                0x08007d24                bn::palettes_bank::retrieve_commit_data() const
 .text._ZNK2bn13palettes_bank12_same_colorsERKNS_4spanIKNS_5colorEEEi
                0x08007d70       0x50 bn_palettes_manager.o
                0x08007d70                bn::palettes_bank::_same_colors(bn::span<bn::color const> const&, int) const
 .text._ZN2bn13palettes_bank10find_bpp_4ERKNS_4spanIKNS_5colorEEEt
                0x08007dc0       0xdc bn_palettes_manager.o
                0x08007dc0                bn::palettes_bank::find_bpp_4(bn::span<bn::color const> const&, unsigned short)
 .text._ZNK2bn13palettes_bank21_apply_global_effectsEiPNS_5colorE
                0x08007e9c      0x13c bn_palettes_manager.o
                0x08007e9c                bn::palettes_bank::_apply_global_effects(int, bn::color*) const
 .text._ZNK2bn13palettes_bank25fill_hblank_effect_colorsEPKNS_5colorEPt
                0x08007fd8       0x30 bn_palettes_manager.o
                0x08007fd8                bn::palettes_bank::fill_hblank_effect_colors(bn::color const*, unsigned short*) const
 .text._ZNK2bn13palettes_bank7palette13apply_effectsEiPNS_5colorE
                0x08008008       0xbc bn_palettes_manager.o
                0x08008008                bn::palettes_bank::palette::apply_effects(int, bn::color*) const
 .text._ZNK2bn13palettes_bank25fill_hblank_effect_colorsEiPKNS_5colorEPt
                0x080080c4       0x44 bn_palettes_manager.o
                0x080080c4                bn::palettes_bank::fill_hblank_effect_colors(int, bn::color const*, unsigned short*) const
 .text._ZN2bn13palettes_bank15_update_paletteEi
                0x08008108       0x6c bn_palettes_manager.o
                0x08008108                bn::palettes_bank::_update_palette(int)
 .text._ZN2bn13palettes_bank6updateEv
                0x08008174      0x124 bn_palettes_manager.o
                0x08008174                bn::palettes_bank::update()
 .text._ZN2bn13palettes_bankC2Ev
                0x08008298       0xcc bn_palettes_manager.o
                0x08008298                bn::palettes_bank::palettes_bank()
                0x08008298                bn::palettes_bank::palettes_bank()
 .text._ZN2bn16palettes_manager20sprite_palettes_bankEv
                0x08008364        0x8 bn_palettes_manager.o
                0x08008364                bn::palettes_manager::sprite_palettes_bank()
 .text._ZN2bn16palettes_manager16bg_palettes_bankEv
                0x0800836c        0x8 bn_palettes_manager.o
                0x0800836c                bn::palettes_manager::bg_palettes_bank()
 .text._ZN2bn16palettes_manager6updateEv
                0x08008374       0x20 bn_palettes_manager.o
                0x08008374                bn::palettes_manager::update()
 .text._ZN2bn16palettes_manager6commitEb
                0x08008394       0xf4 bn_palettes_manager.o
                0x08008394                bn::palettes_manager::commit(bool)
 .text._ZN2bn16palettes_manager4stopEv
                0x08008488       0x20 bn_palettes_manager.o
                0x08008488                bn::palettes_manager::stop()
 .text._ZN3_bn6assert9show_argsIA35_cEEvPKcS4_S4_iRKT_
                0x080084a8       0x50 bn_palettes_manager.o
                0x080084a8                void _bn::assert::show_args<char [35]>(char const*, char const*, char const*, int, char const (&) [35])
 .text._ZN2bn13palettes_bank11colors_hashERKNS_4spanIKNS_5colorEEE
                0x080084f8       0x50 bn_palettes_manager.o
                0x080084f8                bn::palettes_bank::colors_hash(bn::span<bn::color const> const&)
 .text._ZN3_bn6assert9show_argsIJA43_ciA36_cA42_cEEEvPKcS6_S6_iDpRKT_
                0x08008548       0x68 bn_palettes_manager.o
                0x08008548                void _bn::assert::show_args<char [43], int, char [36], char [42]>(char const*, char const*, char const*, int, char const (&) [43], int const&, char const (&) [36], char const (&) [42])
 .text._ZN2bn13palettes_bank12create_bpp_8ERKNS_4spanIKNS_5colorEEENS_16compression_typeEb
                0x080085b0      0x22c bn_palettes_manager.o
                0x080085b0                bn::palettes_bank::create_bpp_8(bn::span<bn::color const> const&, bn::compression_type, bool)
 .text._ZNK2bn19sprite_palette_item10decompressENS_4spanINS_5colorEEE
                0x080087dc      0x16c bn_palettes_manager.o
                0x080087dc                bn::sprite_palette_item::decompress(bn::span<bn::color>) const
 .text._ZN2bn13palettes_bank12create_bpp_4ERKNS_4spanIKNS_5colorEEEtb
                0x08008948      0x298 bn_palettes_manager.o
                0x08008948                bn::palettes_bank::create_bpp_4(bn::span<bn::color const> const&, unsigned short, bool)
 .text._ZN2bn12_GLOBAL__N_112_create_implERKNS_19sprite_palette_itemEb
                0x08008be0       0x7c bn_palettes_manager.o
 .text._ZNK2bn19sprite_palette_item14create_paletteEv
                0x08008c5c       0x48 bn_palettes_manager.o
                0x08008c5c                bn::sprite_palette_item::create_palette() const
 .text._ZN2bn14iunordered_mapItsNS_13palettes_bank15identity_hasherENS_8equal_toItEEE5eraseERKNS5_14const_iteratorE.isra.0
                0x08008ca4      0x170 bn_palettes_manager.o
 .text._ZN2bn13palettes_bank15decrease_usagesEi.part.0
                0x08008e14       0xdc bn_palettes_manager.o
 .text._ZN2bn14bg_palette_ptrD2Ev
                0x08008ef0       0x3c bn_palettes_manager.o
                0x08008ef0                bn::bg_palette_ptr::~bg_palette_ptr()
                0x08008ef0                bn::bg_palette_ptr::~bg_palette_ptr()
 .text._ZN2bn18sprite_palette_ptrD2Ev
                0x08008f2c       0x30 bn_palettes_manager.o
                0x08008f2c                bn::sprite_palette_ptr::~sprite_palette_ptr()
                0x08008f2c                bn::sprite_palette_ptr::~sprite_palette_ptr()
 .text._ZN2bn14bg_palette_ptraSERKS0_
                0x08008f5c       0x5c bn_palettes_manager.o
                0x08008f5c                bn::bg_palette_ptr::operator=(bn::bg_palette_ptr const&)
 .text.startup._GLOBAL__sub_I__ZN2bn11bg_palettes17used_colors_countEv
                0x08008fb8       0x20 bn_palettes_manager.o
 .text._ZNK2bn21sprite_affine_mat_ptr15horizontal_flipEv
                0x08008fd8       0x18 bn_sprite_affine_mats_manager.o
                0x08008fd8                bn::sprite_affine_mat_ptr::horizontal_flip() const
 .text._ZNK2bn21sprite_affine_mat_ptr13vertical_flipEv
                0x08008ff0       0x18 bn_sprite_affine_mats_manager.o
                0x08008ff0                bn::sprite_affine_mat_ptr::vertical_flip() const
 .text._ZN2bn26sprite_affine_mats_manager20retrieve_commit_dataEv
                0x08009008       0x38 bn_sprite_affine_mats_manager.o
                0x08009008                bn::sprite_affine_mats_manager::retrieve_commit_data()
 .text._ZN3_bn6assert9show_argsIA37_cEEvPKcS4_S4_iRKT_
                0x08009040       0x50 bn_sprite_affine_mats_manager.o
                0x08009040                void _bn::assert::show_args<char [37]>(char const*, char const*, char const*, int, char const (&) [37])
 .text._ZN2bn26sprite_affine_mats_manager15decrease_usagesEi.part.0
                0x08009090       0x68 bn_sprite_affine_mats_manager.o
 .text._ZN2bn21sprite_affine_mat_ptrD2Ev
                0x080090f8       0x34 bn_sprite_affine_mats_manager.o
                0x080090f8                bn::sprite_affine_mat_ptr::~sprite_affine_mat_ptr()
                0x080090f8                bn::sprite_affine_mat_ptr::~sprite_affine_mat_ptr()
 .text._ZN2bn26sprite_affine_mats_manager6updateEv
                0x0800912c       0xa0 bn_sprite_affine_mats_manager.o
                0x0800912c                bn::sprite_affine_mats_manager::update()
 .text._ZN2bn26sprite_affine_mats_manager4initEPv
                0x080091cc       0x6c bn_sprite_affine_mats_manager.o
                0x080091cc                bn::sprite_affine_mats_manager::init(void*)
 .text._ZN2bn26sprite_affine_mats_manager14dettach_spriteEiRNS_24intrusive_list_node_typeE
                0x08009238       0x50 bn_sprite_affine_mats_manager.o
                0x08009238                bn::sprite_affine_mats_manager::dettach_sprite(int, bn::intrusive_list_node_type&)
 .text.startup._GLOBAL__sub_I__ZN2bn18sprite_affine_mats10used_countEv
                0x08009288       0x98 bn_sprite_affine_mats_manager.o
 .text.exit._GLOBAL__sub_D__ZN2bn18sprite_affine_mats10used_countEv
                0x08009320       0x3c bn_sprite_affine_mats_manager.o
 .text._ZN2bn22isprite_animate_action9_set_refsERNS_10sprite_ptrERNS_17sprite_tiles_itemERNS_7ivectorItEE
                0x0800935c        0x4 bn_sprite_animate_actions.o
                0x0800935c                bn::isprite_animate_action::_set_refs(bn::sprite_ptr&, bn::sprite_tiles_item&, bn::ivector<unsigned short>&)
 .text._ZN2bn22isprite_animate_action7_assignERKS0_
                0x08009360       0x10 bn_sprite_animate_actions.o
                0x08009360                bn::isprite_animate_action::_assign(bn::isprite_animate_action const&)
 .text._ZN2bn22isprite_animate_action16set_wait_updatesEi
                0x08009370       0x68 bn_sprite_animate_actions.o
                0x08009370                bn::isprite_animate_action::set_wait_updates(int)
 .text._ZN3_bn6assert9show_argsIA33_ciEEvPKcS4_S4_iRKT_RKT0_
                0x080093d8       0x58 bn_sprite_animate_actions.o
                0x080093d8                void _bn::assert::show_args<char [33], int>(char const*, char const*, char const*, int, char const (&) [33], int const&)
 .text._ZN2bn22isprite_animate_action24_assign_graphics_indexesERKNS_4spanIKtEE
                0x08009430       0x84 bn_sprite_animate_actions.o
                0x08009430                bn::isprite_animate_action::_assign_graphics_indexes(bn::span<unsigned short const> const&)
 .text._ZN2bn22isprite_animate_action6updateEv
                0x080094b4       0xb8 bn_sprite_animate_actions.o
                0x080094b4                bn::isprite_animate_action::update()
 .text._ZN2bn21sprite_text_generator5_initEv
                0x0800956c      0x17c bn_sprite_text_generator.o
                0x0800956c                bn::sprite_text_generator::_init()
 .text._ZN2bn21sprite_text_generatorC2ERKNS_11sprite_fontE
                0x080096e8       0x2c bn_sprite_text_generator.o
                0x080096e8                bn::sprite_text_generator::sprite_text_generator(bn::sprite_font const&)
                0x080096e8                bn::sprite_text_generator::sprite_text_generator(bn::sprite_font const&)
 .text._ZN3_bn6assert9show_argsIA54_cEEvPKcS4_S4_iRKT_
                0x08009714       0x50 bn_sprite_text_generator.o
                0x08009714                void _bn::assert::show_args<char [54]>(char const*, char const*, char const*, int, char const (&) [54])
 .text._ZN3_bn6assert9show_argsIJA25_ciA4_ctEEEvPKcS5_S5_iDpRKT_
                0x08009764       0x6c bn_sprite_text_generator.o
                0x08009764                void _bn::assert::show_args<char [25], int, char [4], unsigned short>(char const*, char const*, char const*, int, char const (&) [25], int const&, char const (&) [4], unsigned short const&)
 .text._ZNK2bn16sprite_tiles_ptr2idEv
                0x080097d0       0x18 bn_sprite_tiles_manager.o
                0x080097d0                bn::sprite_tiles_ptr::id() const
 .text._ZNK2bn16sprite_tiles_ptr11tiles_countEv
                0x080097e8       0x18 bn_sprite_tiles_manager.o
                0x080097e8                bn::sprite_tiles_ptr::tiles_count() const
 .text._ZN2bn20sprite_tiles_manager10log_statusEv
                0x08009800      0x1ec bn_sprite_tiles_manager.o
                0x08009800                bn::sprite_tiles_manager::log_status()
 .text._ZN2bn20sprite_tiles_manager19commit_uncompressedEb
                0x080099ec       0xdc bn_sprite_tiles_manager.o
                0x080099ec                bn::sprite_tiles_manager::commit_uncompressed(bool)
 .text._ZN2bn20sprite_tiles_manager17commit_compressedEv
                0x08009ac8       0xe4 bn_sprite_tiles_manager.o
                0x08009ac8                bn::sprite_tiles_manager::commit_compressed()
 .text._ZN3_bn6assert9show_argsIJA44_cPKN2bn4tileEA4_cS6_EEEvPKcS9_S9_iDpRKT_
                0x08009bac       0x6c bn_sprite_tiles_manager.o
                0x08009bac                void _bn::assert::show_args<char [44], bn::tile const*, char [4], bn::tile const*>(char const*, char const*, char const*, int, char const (&) [44], bn::tile const* const&, char const (&) [4], bn::tile const* const&)
 .text._ZN3_bn6assert9show_argsIJA46_ciA4_cjEEEvPKcS5_S5_iDpRKT_
                0x08009c18       0x6c bn_sprite_tiles_manager.o
                0x08009c18                void _bn::assert::show_args<char [46], int, char [4], unsigned int>(char const*, char const*, char const*, int, char const (&) [46], int const&, char const (&) [4], unsigned int const&)
 .text._ZN3_bn6assert9show_argsIJA28_cA15_cPKN2bn4tileEA16_ciA34_cNS4_11string_viewEEEEvPKcSC_SC_iDpRKT_
                0x08009c84       0x84 bn_sprite_tiles_manager.o
                0x08009c84                void _bn::assert::show_args<char [28], char [15], bn::tile const*, char [16], int, char [34], bn::string_view>(char const*, char const*, char const*, int, char const (&) [28], char const (&) [15], bn::tile const* const&, char const (&) [16], int const&, char const (&) [34], bn::string_view const&)
 .text._ZN3_bn6assert9show_argsIA53_cEEvPKcS4_S4_iRKT_
                0x08009d08       0x50 bn_sprite_tiles_manager.o
                0x08009d08                void _bn::assert::show_args<char [53]>(char const*, char const*, char const*, int, char const (&) [53])
 .text._ZN3_bn6assert9show_argsIJA32_cA15_cPKN2bn4tileEA16_ciA34_cNS4_11string_viewEEEEvPKcSC_SC_iDpRKT_
                0x08009d58       0x84 bn_sprite_tiles_manager.o
                0x08009d58                void _bn::assert::show_args<char [32], char [15], bn::tile const*, char [16], int, char [34], bn::string_view>(char const*, char const*, char const*, int, char const (&) [32], char const (&) [15], bn::tile const* const&, char const (&) [16], int const&, char const (&) [34], bn::string_view const&)
 .text._ZN2bn20sprite_tiles_manager4initEv
                0x08009ddc       0xf4 bn_sprite_tiles_manager.o
                0x08009ddc                bn::sprite_tiles_manager::init()
 .text._ZN2bn20sprite_tiles_manager12_GLOBAL__N_122_insert_to_commit_itemEiRNS1_9item_typeE.part.0
                0x08009ed0       0x6c bn_sprite_tiles_manager.o
 .text._ZN2bn20sprite_tiles_manager12_GLOBAL__N_117_insert_free_itemEiPt
                0x08009f3c       0xcc bn_sprite_tiles_manager.o
 .text._ZN2bn20sprite_tiles_manager12_GLOBAL__N_116_erase_free_itemEi
                0x0800a008       0xe4 bn_sprite_tiles_manager.o
 .text._ZN2bn20sprite_tiles_manager12_GLOBAL__N_121_erase_to_commit_itemEiRNS1_9item_typeE
                0x0800a0ec      0x100 bn_sprite_tiles_manager.o
 .text._ZN2bn20sprite_tiles_manager15decrease_usagesEi
                0x0800a1ec      0x134 bn_sprite_tiles_manager.o
                0x0800a1ec                bn::sprite_tiles_manager::decrease_usages(int)
 .text._ZN2bn16sprite_tiles_ptrD2Ev
                0x0800a320       0x18 bn_sprite_tiles_manager.o
                0x0800a320                bn::sprite_tiles_ptr::~sprite_tiles_ptr()
                0x0800a320                bn::sprite_tiles_ptr::~sprite_tiles_ptr()
 .text._ZN2bn20sprite_tiles_manager12_GLOBAL__N_110_find_implEPKNS_4tileENS_16compression_typeEi
                0x0800a338      0x28c bn_sprite_tiles_manager.o
 .text._ZNK2bn17sprite_tiles_item10find_tilesEi
                0x0800a5c4       0xe0 bn_sprite_tiles_manager.o
                0x0800a5c4                bn::sprite_tiles_item::find_tiles(int) const
 .text._ZN2bn14iunordered_mapIPKNS_4tileEiNS_4hashIS3_EENS_8equal_toIS3_EEE5eraseERKNS8_14const_iteratorE.isra.0
                0x0800a6a4      0x178 bn_sprite_tiles_manager.o
 .text._ZN2bn20sprite_tiles_manager12_GLOBAL__N_112_create_itemEiPKNS_4tileENS_16compression_typeEib
                0x0800a81c      0x2ec bn_sprite_tiles_manager.o
 .text._ZN2bn20sprite_tiles_manager6updateEv
                0x0800ab08      0x234 bn_sprite_tiles_manager.o
                0x0800ab08                bn::sprite_tiles_manager::update()
 .text._ZN2bn20sprite_tiles_manager12_GLOBAL__N_112_create_implEPKNS_4tileENS_16compression_typeEi
                0x0800ad3c      0x200 bn_sprite_tiles_manager.o
 .text._ZN2bn20sprite_tiles_manager10create_newERKNS_4spanIKNS_4tileEEENS_16compression_typeE
                0x0800af3c      0x18c bn_sprite_tiles_manager.o
                0x0800af3c                bn::sprite_tiles_manager::create_new(bn::span<bn::tile const> const&, bn::compression_type)
 .text._ZNK2bn17sprite_tiles_item16create_new_tilesEi
                0x0800b0c8       0xd4 bn_sprite_tiles_manager.o
                0x0800b0c8                bn::sprite_tiles_item::create_new_tiles(int) const
 .text._ZN2bn20sprite_tiles_manager6createERKNS_4spanIKNS_4tileEEENS_16compression_typeE
                0x0800b19c      0x13c bn_sprite_tiles_manager.o
                0x0800b19c                bn::sprite_tiles_manager::create(bn::span<bn::tile const> const&, bn::compression_type)
 .text._ZNK2bn17sprite_tiles_item12create_tilesEv
                0x0800b2d8       0x84 bn_sprite_tiles_manager.o
                0x0800b2d8                bn::sprite_tiles_item::create_tiles() const
 .text.startup._GLOBAL__sub_I__ZN2bn12sprite_tiles16used_tiles_countEv
                0x0800b35c      0x11c bn_sprite_tiles_manager.o
 .text._ZN2bn15sprites_manager12_GLOBAL__N_125_update_indexes_to_commitERKNS_20sprites_manager_itemE
                0x0800b478       0x48 bn_sprites_manager.o
 .text._ZN2bn13ostringstream11append_argsIiJA4_ciEEEvRKT_DpRKT0_.isra.0
                0x0800b4c0       0x24 bn_sprites_manager.o
 .text._ZN2bn15sprites_manager12_GLOBAL__N_123_update_item_dimensionsERNS_20sprites_manager_itemE
                0x0800b4e4       0xcc bn_sprites_manager.o
 .text._ZN2bn10sprite_ptrC2ERKS0_
                0x0800b5b0        0xc bn_sprites_manager.o
                0x0800b5b0                bn::sprite_ptr::sprite_ptr(bn::sprite_ptr const&)
                0x0800b5b0                bn::sprite_ptr::sprite_ptr(bn::sprite_ptr const&)
 .text._ZNK2bn10sprite_ptr1yEv
                0x0800b5bc        0x8 bn_sprites_manager.o
                0x0800b5bc                bn::sprite_ptr::y() const
 .text._ZN2bn10sprite_ptr5set_yENS_7fixed_tILi12EEE
                0x0800b5c4       0x44 bn_sprites_manager.o
                0x0800b5c4                bn::sprite_ptr::set_y(bn::fixed_t<12>)
 .text._ZN2bn15sprites_manager4initEv
                0x0800b608       0x34 bn_sprites_manager.o
                0x0800b608                bn::sprites_manager::init()
 .text._ZN2bn15sprites_manager5hw_idEPv
                0x0800b63c        0x8 bn_sprites_manager.o
                0x0800b63c                bn::sprites_manager::hw_id(void*)
 .text._ZN2bn15sprites_manager5shapeEPv
                0x0800b644        0x8 bn_sprites_manager.o
                0x0800b644                bn::sprites_manager::shape(void*)
 .text._ZN2bn15sprites_manager4sizeEPv
                0x0800b64c        0x8 bn_sprites_manager.o
                0x0800b64c                bn::sprites_manager::size(void*)
 .text._ZN2bn15sprites_manager10shape_sizeEPv
                0x0800b654       0x14 bn_sprites_manager.o
                0x0800b654                bn::sprites_manager::shape_size(void*)
 .text._ZN2bn15sprites_manager11hw_positionEPv
                0x0800b668        0x4 bn_sprites_manager.o
                0x0800b668                bn::sprites_manager::hw_position(void*)
 .text._ZN2bn15sprites_manager9view_modeEPv
                0x0800b66c        0xc bn_sprites_manager.o
                0x0800b66c                bn::sprites_manager::view_mode(void*)
 .text._ZN2bn15sprites_manager10affine_matEPv
                0x0800b678        0x4 bn_sprites_manager.o
                0x0800b678                bn::sprites_manager::affine_mat(void*)
 .text._ZN2bn15sprites_manager39fill_hblank_effect_horizontal_positionsEPviPKNS_7fixed_tILi12EEEPt
                0x0800b67c       0x44 bn_sprites_manager.o
                0x0800b67c                bn::sprites_manager::fill_hblank_effect_horizontal_positions(void*, int, bn::fixed_t<12> const*, unsigned short*)
 .text._ZN2bn15sprites_manager37fill_hblank_effect_vertical_positionsEPviPKNS_7fixed_tILi12EEEPt
                0x0800b6c0       0x44 bn_sprites_manager.o
                0x0800b6c0                bn::sprites_manager::fill_hblank_effect_vertical_positions(void*, int, bn::fixed_t<12> const*, unsigned short*)
 .text._ZN2bn15sprites_manager35fill_hblank_effect_first_attributesEiNS_12sprite_shapeENS_8bpp_modeEiPKNS_23sprite_first_attributesEPt
                0x0800b704      0x108 bn_sprites_manager.o
                0x0800b704                bn::sprites_manager::fill_hblank_effect_first_attributes(int, bn::sprite_shape, bn::bpp_mode, int, bn::sprite_first_attributes const*, unsigned short*)
 .text._ZN2bn15sprites_manager44fill_hblank_effect_regular_second_attributesEPviNS_11sprite_sizeEPKNS_32sprite_regular_second_attributesEPt
                0x0800b80c       0x60 bn_sprites_manager.o
                0x0800b80c                bn::sprites_manager::fill_hblank_effect_regular_second_attributes(void*, int, bn::sprite_size, bn::sprite_regular_second_attributes const*, unsigned short*)
 .text._ZN2bn15sprites_manager43fill_hblank_effect_affine_second_attributesEPviNS_11sprite_sizeEPKNS_31sprite_affine_second_attributesEPt
                0x0800b86c       0x58 bn_sprites_manager.o
                0x0800b86c                bn::sprites_manager::fill_hblank_effect_affine_second_attributes(void*, int, bn::sprite_size, bn::sprite_affine_second_attributes const*, unsigned short*)
 .text._ZN2bn15sprites_manager14update_camerasEv
                0x0800b8c4       0x2c bn_sprites_manager.o
                0x0800b8c4                bn::sprites_manager::update_cameras()
 .text._ZN2bn15sprites_manager6commitEb
                0x0800b8f0       0xa4 bn_sprites_manager.o
                0x0800b8f0                bn::sprites_manager::commit(bool)
 .text._ZNK2bn17sprite_shape_size11tiles_countENS_8bpp_modeE.isra.0
                0x0800b994      0x14c bn_sprites_manager.o
 .text._ZN2bn15sprites_manager12_GLOBAL__N_118_remove_affine_matERNS_20sprites_manager_itemE
                0x0800bae0       0xd4 bn_sprites_manager.o
 .text._ZN2bn15sprites_manager40remove_identity_affine_mat_if_not_neededEPv
                0x0800bbb4       0x18 bn_sprites_manager.o
                0x0800bbb4                bn::sprites_manager::remove_identity_affine_mat_if_not_needed(void*)
 .text._ZN2bn15sprites_manager7paletteEPv
                0x0800bbcc       0x34 bn_sprites_manager.o
                0x0800bbcc                bn::sprites_manager::palette(void*)
 .text._ZN2bn15sprites_manager9set_tilesEPvONS_16sprite_tiles_ptrE
                0x0800bc00      0x124 bn_sprites_manager.o
                0x0800bc00                bn::sprites_manager::set_tiles(void*, bn::sprite_tiles_ptr&&)
 .text._ZN2bn10sprite_ptr9set_tilesERKNS_17sprite_tiles_itemEi
                0x0800bd24       0x80 bn_sprites_manager.o
                0x0800bd24                bn::sprite_ptr::set_tiles(bn::sprite_tiles_item const&, int)
 .text._ZN2bn15sprites_manager6updateEv
                0x0800bda4      0x17c bn_sprites_manager.o
                0x0800bda4                bn::sprites_manager::update()
 .text._ZN3_bn6assert9show_argsIJA27_ciA4_ciEEEvPKcS5_S5_iDpRKT_
                0x0800bf20       0x5c bn_sprites_manager.o
                0x0800bf20                void _bn::assert::show_args<char [27], int, char [4], int>(char const*, char const*, char const*, int, char const (&) [27], int const&, char const (&) [4], int const&)
 .text._ZN2bn15sprites_manager35fill_hblank_effect_third_attributesENS_17sprite_shape_sizeEPKNS_23sprite_third_attributesEPt
                0x0800bf7c       0xc8 bn_sprites_manager.o
                0x0800bf7c                bn::sprites_manager::fill_hblank_effect_third_attributes(bn::sprite_shape_size, bn::sprite_third_attributes const*, unsigned short*)
 .text._ZN2bn14sorted_sprites6sorter6insertERNS_20sprites_manager_itemE
                0x0800c044      0x170 bn_sprites_manager.o
                0x0800c044                bn::sorted_sprites::sorter::insert(bn::sprites_manager_item&)
 .text._ZN2bn15sprites_manager6createERKNS_11fixed_pointERKNS_17sprite_shape_sizeEONS_16sprite_tiles_ptrEONS_18sprite_palette_ptrE
                0x0800c1b4      0x1dc bn_sprites_manager.o
                0x0800c1b4                bn::sprites_manager::create(bn::fixed_point const&, bn::sprite_shape_size const&, bn::sprite_tiles_ptr&&, bn::sprite_palette_ptr&&)
 .text._ZNK2bn11sprite_item13create_spriteENS_7fixed_tILi12EEES2_
                0x0800c390       0x44 bn_sprites_manager.o
                0x0800c390                bn::sprite_item::create_sprite(bn::fixed_t<12>, bn::fixed_t<12>) const
 .text._ZN2bn15sprites_manager15set_bg_priorityEPvi
                0x0800c3d4      0x148 bn_sprites_manager.o
                0x0800c3d4                bn::sprites_manager::set_bg_priority(void*, int)
 .text._ZN2bn10sprite_ptr15set_bg_priorityEi
                0x0800c51c       0x10 bn_sprites_manager.o
                0x0800c51c                bn::sprite_ptr::set_bg_priority(int)
 .text._ZN2bn15sprites_manager15decrease_usagesEPv
                0x0800c52c      0x17c bn_sprites_manager.o
                0x0800c52c                bn::sprites_manager::decrease_usages(void*)
 .text._ZN2bn10sprite_ptrD2Ev
                0x0800c6a8       0x18 bn_sprites_manager.o
                0x0800c6a8                bn::sprite_ptr::~sprite_ptr()
                0x0800c6a8                bn::sprite_ptr::~sprite_ptr()
 .text.startup._GLOBAL__sub_I__ZN2bn7sprites16used_items_countEv
                0x0800c6c0       0x9c bn_sprites_manager.o
 .text.exit._GLOBAL__sub_D__ZN2bn7sprites16used_items_countEv
                0x0800c75c       0x4c bn_sprites_manager.o
 .text._ZN2bn13ostringstreamC2ERNS_12istring_baseE
                0x0800c7a8        0x8 bn_sstream.o
                0x0800c7a8                bn::ostringstream::ostringstream(bn::istring_base&)
                0x0800c7a8                bn::ostringstream::ostringstream(bn::istring_base&)
 .text._ZN2bn13ostringstream6appendEPKc
                0x0800c7b0       0x94 bn_sstream.o
                0x0800c7b0                bn::ostringstream::append(char const*)
 .text._ZN2bn13ostringstream6appendEi
                0x0800c844       0xa8 bn_sstream.o
                0x0800c844                bn::ostringstream::append(int)
 .text._ZN2bn13ostringstream6appendERKNS_11string_viewE
                0x0800c8ec       0x9c bn_sstream.o
                0x0800c8ec                bn::ostringstream::append(bn::string_view const&)
 .text._ZN2bn13ostringstream6appendEj
                0x0800c988       0xa8 bn_sstream.o
                0x0800c988                bn::ostringstream::append(unsigned int)
 .text._ZN2bn13ostringstream6appendEPKv
                0x0800ca30       0xfc bn_sstream.o
                0x0800ca30                bn::ostringstream::append(void const*)
 .text._ZN2bn13ostringstream6appendEc
                0x0800cb2c       0x44 bn_sstream.o
                0x0800cb2c                bn::ostringstream::append(char)
 .text._ZN2bn5timerC2Ev
                0x0800cb70       0x18 bn_timer.o
                0x0800cb70                bn::timer::timer()
                0x0800cb70                bn::timer::timer()
 .text._ZNK2bn5timer13elapsed_ticksEv
                0x0800cb88       0x38 bn_timer.o
                0x0800cb88                bn::timer::elapsed_ticks() const
 .text._ZN2bn5timer7restartEv
                0x0800cbc0       0x18 bn_timer.o
                0x0800cbc0                bn::timer::restart()
 .text._ZN2bn2hw5audio12_GLOBAL__N_124_disabled_vblank_handlerEv
                0x0800cbd8       0x10 bn_hw_audio.bn_noflto.o
 .text._ZN2bn2hw5audio12_GLOBAL__N_17_commitEv
                0x0800cbe8       0x7c bn_hw_audio.bn_noflto.o
 .text._ZN2bn2hw5audio12_GLOBAL__N_123_enabled_vblank_handlerEv
                0x0800cc64       0x24 bn_hw_audio.bn_noflto.o
 .text._ZN2bn2hw5audio4initEv
                0x0800cc88       0x68 bn_hw_audio.bn_noflto.o
                0x0800cc88                bn::hw::audio::init()
 .text._ZN2bn2hw5audio7disableEv
                0x0800ccf0       0x30 bn_hw_audio.bn_noflto.o
                0x0800ccf0                bn::hw::audio::disable()
 .text._ZN2bn2hw5audio13music_playingEv
                0x0800cd20       0x10 bn_hw_audio.bn_noflto.o
                0x0800cd20                bn::hw::audio::music_playing()
 .text._ZN2bn2hw5audio10play_musicEib
                0x0800cd30       0x24 bn_hw_audio.bn_noflto.o
                0x0800cd30                bn::hw::audio::play_music(int, bool)
 .text._ZN2bn2hw5audio10stop_musicEv
                0x0800cd54        0xc bn_hw_audio.bn_noflto.o
                0x0800cd54                bn::hw::audio::stop_music()
 .text._ZN2bn2hw5audio11pause_musicEv
                0x0800cd60        0xc bn_hw_audio.bn_noflto.o
                0x0800cd60                bn::hw::audio::pause_music()
 .text._ZN2bn2hw5audio12resume_musicEv
                0x0800cd6c        0xc bn_hw_audio.bn_noflto.o
                0x0800cd6c                bn::hw::audio::resume_music()
 .text._ZN2bn2hw5audio14music_positionEv
                0x0800cd78        0xc bn_hw_audio.bn_noflto.o
                0x0800cd78                bn::hw::audio::music_position()
 .text._ZN2bn2hw5audio18set_music_positionEi
                0x0800cd84        0xc bn_hw_audio.bn_noflto.o
                0x0800cd84                bn::hw::audio::set_music_position(int)
 .text._ZN2bn2hw5audio16set_music_volumeEi
                0x0800cd90        0xc bn_hw_audio.bn_noflto.o
                0x0800cd90                bn::hw::audio::set_music_volume(int)
 .text._ZN2bn2hw5audio15set_music_tempoEi
                0x0800cd9c        0xc bn_hw_audio.bn_noflto.o
                0x0800cd9c                bn::hw::audio::set_music_tempo(int)
 .text._ZN2bn2hw5audio15set_music_pitchEi
                0x0800cda8        0xc bn_hw_audio.bn_noflto.o
                0x0800cda8                bn::hw::audio::set_music_pitch(int)
 .text._ZN2bn2hw5audio22disable_vblank_handlerEv
                0x0800cdb4       0x14 bn_hw_audio.bn_noflto.o
                0x0800cdb4                bn::hw::audio::disable_vblank_handler()
 .text._ZN2bn2hw5audio6updateEb
                0x0800cdc8       0x18 bn_hw_audio.bn_noflto.o
                0x0800cdc8                bn::hw::audio::update(bool)
 .text._ZN2bn2hw5audio6commitEv
                0x0800cde0       0x20 bn_hw_audio.bn_noflto.o
                0x0800cde0                bn::hw::audio::commit()
 .text._ZN2bn2hw5audio12_GLOBAL__N_119_add_sound_to_queueEit
                0x0800ce00       0xa0 bn_hw_audio.bn_noflto.o
 .text._ZN2bn2hw5audio15stop_all_soundsEv
                0x0800cea0       0x6c bn_hw_audio.bn_noflto.o
                0x0800cea0                bn::hw::audio::stop_all_sounds()
 .text._ZN2bn2hw5audio12_GLOBAL__N_119_check_sounds_queueEv.part.0
                0x0800cf0c       0x98 bn_hw_audio.bn_noflto.o
 .text._ZN2bn2hw5audio10play_soundEiiiii
                0x0800cfa4       0x44 bn_hw_audio.bn_noflto.o
                0x0800cfa4                bn::hw::audio::play_sound(int, int, int, int, int)
 .text._ZN2bn2hw5audio10play_soundEii
                0x0800cfe8       0x30 bn_hw_audio.bn_noflto.o
                0x0800cfe8                bn::hw::audio::play_sound(int, int)
 .text._ZN2bn2hw5audio19update_sounds_queueEv
                0x0800d018       0x90 bn_hw_audio.bn_noflto.o
                0x0800d018                bn::hw::audio::update_sounds_queue()
 .text.startup._GLOBAL__sub_I__ZN2bn2hw5audio4initEv
                0x0800d0a8       0x30 bn_hw_audio.bn_noflto.o
 .text.exit._GLOBAL__sub_D__ZN2bn2hw5audio4initEv
                0x0800d0d8       0x74 bn_hw_audio.bn_noflto.o
 .text.__cxa_pure_virtual
                0x0800d14c       0x24 bn_hw_common.bn_noflto.o
                0x0800d14c                __cxa_pure_virtual
 .text._ZN3_bn6assert9show_argsIA40_cEEvPKcS4_S4_iRKT_
                0x0800d170       0x50 bn_hw_common.bn_noflto.o
                0x0800d170                void _bn::assert::show_args<char [40]>(char const*, char const*, char const*, int, char const (&) [40])
 .text.__aeabi_idiv0
                0x0800d1c0       0x24 bn_hw_common.bn_noflto.o
                0x0800d1c0                __aeabi_idiv0
 .text._ZN2bn2hw8game_pak14_slow_game_pakEv
                0x0800d1e4       0x88 bn_hw_game_pak.bn_ewram.o
                0x0800d1e4                bn::hw::game_pak::_slow_game_pak()
 .text._ZN2bn2hw8game_pak4initEv
                0x0800d26c       0x28 bn_hw_game_pak.o
                0x0800d26c                bn::hw::game_pak::init()
 .text._ZN2bn2hw3irq4initEv
                0x0800d294        0xc bn_hw_irq.o
                0x0800d294                bn::hw::irq::init()
 .text._ZN2bn2hw3irq7set_isrENS1_2idEPFvvE
                0x0800d2a0       0x10 bn_hw_irq.o
                0x0800d2a0                bn::hw::irq::set_isr(bn::hw::irq::id, void (*)())
 .text._ZN2bn2hw3irq6enableENS1_2idE
                0x0800d2b0       0x10 bn_hw_irq.o
                0x0800d2b0                bn::hw::irq::enable(bn::hw::irq::id)
 .text._ZN2bn2hw3irq7disableENS1_2idE
                0x0800d2c0       0x10 bn_hw_irq.o
                0x0800d2c0                bn::hw::irq::disable(bn::hw::irq::id)
 .text._ZN2bn2hw4link12_GLOBAL__N_119_resetStateCallbackEv
                0x0800d2d0       0x4c bn_hw_link.o
 .text._ZN2bn2hw4link4initEv
                0x0800d31c       0xc0 bn_hw_link.o
                0x0800d31c                bn::hw::link::init()
 .text._ZN2bn2hw4link6activeEv
                0x0800d3dc       0x10 bn_hw_link.o
                0x0800d3dc                bn::hw::link::active()
 .text._ZN2bn2hw4link7disableEv
                0x0800d3ec       0x6c bn_hw_link.o
                0x0800d3ec                bn::hw::link::disable()
 .text._ZN2bn2hw4link6commitEv
                0x0800d458       0x30 bn_hw_link.o
                0x0800d458                bn::hw::link::commit()
 .text._ZN2bn2hw4link11_timer_intrEv
                0x0800d488       0xf8 bn_hw_link.o
                0x0800d488                bn::hw::link::_timer_intr()
 .text._ZN2bn2hw4link12_serial_intrEv
                0x0800d580      0x1bc bn_hw_link.o
                0x0800d580                bn::hw::link::_serial_intr()
 .text._ZN2bn2hw4link12_GLOBAL__N_117_sendDataCallbackEv
                0x0800d73c       0xe0 bn_hw_link.o
 .text._ZN2bn2hw4link12_GLOBAL__N_124_receiveResponseCallbackERK12LinkResponse
                0x0800d81c      0x158 bn_hw_link.o
 .text.startup._GLOBAL__sub_I__ZN2bn2hw4link4initEv
                0x0800d974       0x68 bn_hw_link.o
 .text._ZN2bn2hw3logERKNS_12istring_baseE
                0x0800d9dc       0x58 bn_hw_log.o
                0x0800d9dc                bn::hw::log(bn::istring_base const&)
 .text._ZN2bn2hw6memory4initEv
                0x0800da34        0x4 bn_hw_memory.o
                0x0800da34                bn::hw::memory::init()
 .text._ZN2bn2hw6memory16ewram_heap_startEv
                0x0800da38        0x8 bn_hw_memory.o
                0x0800da38                bn::hw::memory::ewram_heap_start()
 .text._ZN2bn2hw6memory14ewram_heap_endEv
                0x0800da40        0x8 bn_hw_memory.o
                0x0800da40                bn::hw::memory::ewram_heap_end()
 .text._ZN2bn2hw8palettes12_GLOBAL__N_110lut_effectEPKNS_5colorEPKhiPS3_
                0x0800da48       0x40 bn_hw_palettes.o
 .text._ZN2bn2hw8palettes10brightnessEPKNS_5colorEiiPS2_
                0x0800da88       0x54 bn_hw_palettes.o
                0x0800da88                bn::hw::palettes::brightness(bn::color const*, int, int, bn::color*)
 .text._ZN2bn2hw8palettes8contrastEPKNS_5colorEiiPS2_
                0x0800dadc       0x18 bn_hw_palettes.o
                0x0800dadc                bn::hw::palettes::contrast(bn::color const*, int, int, bn::color*)
 .text._ZN2bn2hw8palettes9intensityEPKNS_5colorEiiPS2_
                0x0800daf4       0x18 bn_hw_palettes.o
                0x0800daf4                bn::hw::palettes::intensity(bn::color const*, int, int, bn::color*)
 .text._ZN2bn2hw8palettes9hue_shiftEPKNS_5colorEiiPS2_
                0x0800db0c      0x154 bn_hw_palettes.o
                0x0800db0c                bn::hw::palettes::hue_shift(bn::color const*, int, int, bn::color*)
 .text._ZN2bn2hw8palettes6rotateEPKNS_5colorEiiPS2_
                0x0800dc60       0x2c bn_hw_palettes.o
                0x0800dc60                bn::hw::palettes::rotate(bn::color const*, int, int, bn::color*)
 .text._ZN2bn2hw4show5errorERKNS_11system_fontERKNS_11string_viewES7_S7_iS7_S7_
                0x0800dc8c      0x3bc bn_hw_show.o
                0x0800dc8c                bn::hw::show::error(bn::system_font const&, bn::string_view const&, bn::string_view const&, bn::string_view const&, int, bn::string_view const&, bn::string_view const&)
 .text._ZN2bn2hw4sram4initEv
                0x0800e048       0x18 bn_hw_sram.o
                0x0800e048                bn::hw::sram::init()
 .text._ZN2bn11system_fontC2Ev
                0x0800e060       0x18 bn_hw_system_font.o
                0x0800e060                bn::system_font::system_font()
                0x0800e060                bn::system_font::system_font()
 .text._ZNK2bn11system_font8tte_fontEv
                0x0800e078        0x4 bn_hw_system_font.o
                0x0800e078                bn::system_font::tte_font() const
 .text._ZN2bn2hw4text5parseEiRNS_5arrayIcLi32EEE
                0x0800e07c       0xbc bn_hw_text.o
                0x0800e07c                bn::hw::text::parse(int, bn::array<char, 32>&)
 .text._ZN2bn2hw4text5parseEjRNS_5arrayIcLi32EEE
                0x0800e138       0xa0 bn_hw_text.o
                0x0800e138                bn::hw::text::parse(unsigned int, bn::array<char, 32>&)
 .text._ZN2bn2hw4text5parseEPKvRNS_5arrayIcLi32EEE
                0x0800e1d8       0x30 bn_hw_text.o
                0x0800e1d8                bn::hw::text::parse(void const*, bn::array<char, 32>&)
 .text.clr_grayscale
                0x0800e208       0x7c tonc_color.o
                0x0800e208                clr_grayscale
 .text.sbmp16_rect
                0x0800e284       0x68 tonc_sbmp16.o
                0x0800e284                sbmp16_rect
 .text.bmp16_drawg_b1cts
                0x0800e2ec       0xb0 bmp16_drawg_b1cs.o
                0x0800e2ec                bmp16_drawg_b1cts
 .text.bmp16_erase
                0x0800e39c       0x24 tte_init_bmp.o
                0x0800e39c                bmp16_erase
 .text.tte_init_bmp
                0x0800e3c0       0x60 tte_init_bmp.o
                0x0800e3c0                tte_init_bmp
 .text.dummy_drawg
                0x0800e420        0x4 tte_main.o
                0x0800e420                dummy_drawg
 .text.dummy_erase
                0x0800e424        0x4 tte_main.o
                0x0800e424                dummy_erase
 .text.tte_init_base
                0x0800e428       0x68 tte_main.o
                0x0800e428                tte_init_base
 .text.utf8_decode_char
                0x0800e490       0xb4 tte_main.o
                0x0800e490                utf8_decode_char
 .text.tte_write
                0x0800e544       0xe8 tte_main.o
                0x0800e544                tte_write
 .text.tte_get_text_size
                0x0800e62c       0xa4 tte_main.o
                0x0800e62c                tte_get_text_size
 .text.tte_set_margins
                0x0800e6d0       0x18 tte_main.o
                0x0800e6d0                tte_set_margins
 .text.IRQ_Init
                0x0800e6e8       0x48 interrupts_gba.o
                0x0800e6e8                IRQ_Init
 .text.IRQ_SetHandler
                0x0800e730       0x10 interrupts_gba.o
                0x0800e730                IRQ_SetHandler
 .text.IRQ_Enable
                0x0800e740       0x64 interrupts_gba.o
                0x0800e740                IRQ_Enable
 .text.IRQ_Disable
                0x0800e7a4       0x60 interrupts_gba.o
                0x0800e7a4                IRQ_Disable
 .text.channel3_refresh_registers
                0x0800e804       0xd0 gbt_player.o
 .text.gbt_refresh_pattern_ptr
                0x0800e8d4       0x84 gbt_player.o
 .text.gbt_ch1234_nop
                0x0800e958        0x4 gbt_player.o
 .text.gbt_ch1234_speed
                0x0800e95c       0x10 gbt_player.o
 .text.gbt_ch1234_jump_pattern
                0x0800e96c       0x14 gbt_player.o
 .text.gbt_ch1234_jump_position
                0x0800e980       0x1c gbt_player.o
 .text.gbt_ch1234_event
                0x0800e99c       0x24 gbt_player.o
 .text.gbt_ch1_pan
                0x0800e9c0       0x10 gbt_player.o
 .text.gbt_ch1_cut_note
                0x0800e9d0       0x10 gbt_player.o
 .text.gbt_ch1_arpeggio
                0x0800e9e0       0x34 gbt_player.o
 .text.gbt_ch1_vibrato
                0x0800ea14       0x20 gbt_player.o
 .text.gbt_ch1_volslide
                0x0800ea34       0x10 gbt_player.o
 .text.gbt_ch2_pan
                0x0800ea44       0x10 gbt_player.o
 .text.gbt_ch2_cut_note
                0x0800ea54       0x10 gbt_player.o
 .text.gbt_ch2_arpeggio
                0x0800ea64       0x34 gbt_player.o
 .text.gbt_ch2_vibrato
                0x0800ea98       0x20 gbt_player.o
 .text.gbt_ch2_volslide
                0x0800eab8       0x10 gbt_player.o
 .text.gbt_ch3_pan
                0x0800eac8       0x10 gbt_player.o
 .text.gbt_ch3_cut_note
                0x0800ead8       0x10 gbt_player.o
 .text.gbt_ch3_arpeggio
                0x0800eae8       0x34 gbt_player.o
 .text.gbt_ch3_vibrato
                0x0800eb1c       0x20 gbt_player.o
 .text.gbt_ch4_pan
                0x0800eb3c       0x14 gbt_player.o
 .text.gbt_ch4_cut_note
                0x0800eb50       0x10 gbt_player.o
 .text.gbt_ch4_volslide
                0x0800eb60       0x10 gbt_player.o
 .text.gbt_update_refresh_panning
                0x0800eb70       0x50 gbt_player.o
 .text.gbt_run_startup_commands.part.0
                0x0800ebc0       0xd0 gbt_player.o
 .text.gbt_update_effects_internal
                0x0800ec90      0x2cc gbt_player.o
 .text.gbt_play
                0x0800ef5c      0x1dc gbt_player.o
                0x0800ef5c                gbt_play
 .text.gbt_volume
                0x0800f138       0x68 gbt_player.o
                0x0800f138                gbt_volume
 .text.gbt_is_playing
                0x0800f1a0        0xc gbt_player.o
                0x0800f1a0                gbt_is_playing
 .text.gbt_pause
                0x0800f1ac       0x48 gbt_player.o
                0x0800f1ac                gbt_pause
 .text.gbt_loop
                0x0800f1f4        0xc gbt_player.o
                0x0800f1f4                gbt_loop
 .text.gbt_stop
                0x0800f200       0x24 gbt_player.o
                0x0800f200                gbt_stop
 .text.gbt_update
                0x0800f224      0x678 gbt_player.o
                0x0800f224                gbt_update
 .text.gbt_get_position
                0x0800f89c       0x4c gbt_player.o
                0x0800f89c                gbt_get_position
 .text.gbt_set_position
                0x0800f8e8       0xe0 gbt_player.o
                0x0800f8e8                gbt_set_position
 .text          0x0800f9c8       0x8c tonc_bios.o
                0x0800f9c8                SoftReset
                0x0800f9cc                RegisterRamReset
                0x0800f9d0                Halt
                0x0800f9d4                Stop
                0x0800f9d8                IntrWait
                0x0800f9dc                VBlankIntrWait
                0x0800f9e0                Div
                0x0800f9e4                DivArm
                0x0800f9e8                Sqrt
                0x0800f9ec                ArcTan
                0x0800f9f0                ArcTan2
                0x0800f9f4                CpuSet
                0x0800f9f8                CpuFastSet
                0x0800f9fc                BiosCheckSum
                0x0800fa00                BgAffineSet
                0x0800fa04                ObjAffineSet
                0x0800fa08                BitUnPack
                0x0800fa0c                LZ77UnCompWram
                0x0800fa10                LZ77UnCompVram
                0x0800fa14                HuffUnComp
                0x0800fa18                RLUnCompWram
                0x0800fa1c                RLUnCompVram
                0x0800fa20                Diff8bitUnFilterWram
                0x0800fa24                Diff8bitUnFilterVram
                0x0800fa28                Diff16bitUnFilter
                0x0800fa2c                SoundBias
                0x0800fa30                SoundDriverInit
                0x0800fa34                SoundDriverMode
                0x0800fa38                SoundDriverMain
                0x0800fa3c                SoundDriverVSync
                0x0800fa40                SoundChannelClear
                0x0800fa44                MidiKey2Freq
                0x0800fa48                MultiBoot
                0x0800fa4c                SoundDriverVSyncOff
                0x0800fa50                SoundDriverVSyncOn
 .text          0x0800fa54       0x3c tonc_memset.o
                0x0800fa54                memset16
 .text          0x0800fa90      0x26c posprintf.o
                0x0800fa94                posprintf
 .text          0x0800fcfc     0x1570 C:/devkitPro/libgba/lib\libmm.a(mm_mas.o)
                0x0800fd70                mmStart
                0x0800fd90                mmJingle
                0x0800fd96                mmPlayModule
                0x0800fe60                mmPause
                0x0800fe7c                mmResume
                0x0800fe8c                mmActive
                0x0800fe92                mmActiveSub
                0x0800fe98                mmSetModuleVolume
                0x0800fea8                mmSetJingleVolume
                0x0800fee4                mmGetPositionTick
                0x0800feea                mmGetPositionRow
                0x0800fef0                mmGetPosition
                0x0800fef6                mmPosition
                0x0800ff10                mmSetModuleTempo
                0x0800ff42                mmSetModulePitch
                0x0800ff84                mmStop
                0x0801004a                mppUpdateSub
                0x080101a6                mpp_Process_VolumeCommand
                0x080103de                mpp_Process_Effect
                0x08010b2c                ST3_FREQTABLE
                0x08010f4c                IT_PitchTable
 .text          0x0801126c       0x14 C:/devkitPro/libgba/lib\libmm.a(mm_main.o)
                0x0801126c                mpp_call_r7
                0x0801126e                mpp_call_r1
                0x08011270                mpp_call_r2
                0x08011272                mpp_call_r3
                0x08011274                mmSetEventHandler
 .text          0x08011280      0x314 C:/devkitPro/libgba/lib\libmm.a(mm_effect.o)
                0x08011280                mmResetEffects
                0x080112ac                mmEffect
                0x080112c2                mmEffectEx
                0x080113c2                mmEffectActive
                0x080113f6                mmEffectVolume
                0x08011412                mmEffectPanning
                0x08011426                mmEffectRate
                0x0801143a                mmEffectCancel
                0x08011474                mmEffectRelease
                0x0801149a                mmEffectScaleRate
                0x080114ae                mmSetEffectsVolume
                0x080114bc                mmEffectCancelAll
                0x080114fc                mmUpdateEffects
 .text          0x08011594      0x1e0 C:/devkitPro/libgba/lib\libmm.a(mm_mixer_gba.o)
                0x08011594                mmMixerSetSource
                0x080115a8                mmMixerSetRead
                0x080115b6                mmMixerSetFreq
                0x080115c6                mmMixerMulFreq
                0x080115da                mmMixerStopChannel
                0x080115ec                mmMixerChannelActive
                0x080115fe                mmMixerSetVolume
                0x0801160c                mmMixerSetPan
                0x0801161a                mmMixerInit
 .text          0x08011774      0x12c C:/devkitPro/libgba/lib\libmm.a(mm_main_gba.o)
                0x08011774                mmInit
                0x080117c8                mmSetVBlankHandler
                0x080117ce                mmFrame
 .text          0x080118a0       0x3c C:/devkitPro/devkitARM/bin/../lib/gcc/arm-none-eabi/13.1.0/thumb\libgcc.a(_call_via_rX.o)
                0x080118a0                _call_via_r0
                0x080118a4                _call_via_r1
                0x080118a8                _call_via_r2
                0x080118ac                _call_via_r3
                0x080118b0                _call_via_r4
                0x080118b4                _call_via_r5
                0x080118b8                _call_via_r6
                0x080118bc                _call_via_r7
                0x080118c0                _call_via_r8
                0x080118c4                _call_via_r9
                0x080118c8                _call_via_sl
                0x080118cc                _call_via_fp
                0x080118d0                _call_via_ip
                0x080118d4                _call_via_sp
                0x080118d8                _call_via_lr
 .text.__libc_init_array
                0x080118dc       0x54 C:/devkitPro/devkitARM/bin/../lib/gcc/arm-none-eabi/13.1.0/../../../../arm-none-eabi/lib/thumb\libg.a(libc_a-init.o)
                0x080118dc                __libc_init_array
 .text.__libc_init_array.__stub
                0x08011930       0xb4 linker stubs
 *(.gnu.linkonce.t.*)
 *(.text.*personality*)
 *(.gnu.warning)
 *(.glue_7t)
 .glue_7t       0x08011a20        0x0 linker stubs
 *(.glue_7)
 .glue_7        0x08011a20        0x0 linker stubs
 *(.vfp11_veneer)
 .vfp11_veneer  0x08011a20        0x0 linker stubs
                0x08011a20                        . = ALIGN (0x4)
                0x08011a20                        __text_end = .

.v4_bx          0x08011a20        0x0
 .v4_bx         0x08011a20        0x0 linker stubs

.iplt           0x08011a20        0x0
 .iplt          0x08011a20        0x0 C:/devkitPro/devkitARM/bin/../lib/gcc/arm-none-eabi/13.1.0/../../../../arm-none-eabi/lib/thumb/gba_crt0.o

.fini           0x08011a20        0xc
 *(.fini)
 .fini          0x08011a20        0x4 C:/devkitPro/devkitARM/bin/../lib/gcc/arm-none-eabi/13.1.0/thumb/crti.o
                0x08011a20                _fini
 .fini          0x08011a24        0x8 C:/devkitPro/devkitARM/bin/../lib/gcc/arm-none-eabi/13.1.0/thumb/crtn.o
                0x08011a2c                        . = ALIGN (0x4)

.rodata         0x08011a2c    0x10cec
 *(.rodata)
 .rodata        0x08011a2c       0xa0 cursor_bn_gfx.o
                0x08011a2c                cursor_bn_gfxTiles
                0x08011aac                cursor_bn_gfxPal
 .rodata        0x08011acc     0x4220 entity_bn_gfx.o
                0x08011acc                entity_bn_gfxTiles
                0x08015ccc                entity_bn_gfxPal
 .rodata        0x08015cec     0x6e20 world_bn_gfx.o
                0x08015cec                world_bn_gfxTiles
                0x0801caec                world_bn_gfxPal
 .rodata        0x0801cb0c     0x1ba0 common_variable_8x16_font_bn_gfx.o
                0x0801cb0c                common_variable_8x16_font_bn_gfxTiles
                0x0801e68c                common_variable_8x16_font_bn_gfxPal
 .rodata        0x0801e6ac      0x190 main.o
 .rodata        0x0801e83c      0x1f8 select.o
 .rodata        0x0801ea34       0x10 bn_sprite_tiles_manager.o