Archive member included to satisfy reference by file (symbol)

C:/devkitPro/libgba/lib\libmm.a(mm_mas.o)
                              bn_hw_audio.bn_noflto.o (mmStart)
C:/devkitPro/libgba/lib\libmm.a(mm_main.o)
                              C:/devkitPro/libgba/lib\libmm.a(mm_mas.o) (mmCallback)
C:/devkitPro/libgba/lib\libmm.a(mm_effect.o)
                              bn_hw_audio.bn_noflto.o (mmEffect)
C:/devkitPro/libgba/lib\libmm.a(mm_mas_arm.o)
                              C:/devkitPro/libgba/lib\libmm.a(mm_mas.o) (mmAllocChannel)
C:/devkitPro/libgba/lib\libmm.a(mm_mixer_gba.o)
                              bn_hw_audio.bn_noflto.o (mmVBlank)
C:/devkitPro/libgba/lib\libmm.a(mm_main_gba.o)
                              C:/devkitPro/libgba/lib\libmm.a(mm_mixer_gba.o) (mm_vblank_function)
C:/devkitPro/devkitARM/bin/../lib/gcc/arm-none-eabi/13.1.0/thumb\libgcc.a(_call_via_rX.o)
                              C:/devkitPro/libgba/lib\libmm.a(mm_main_gba.o) (_call_via_r1)
C:/devkitPro/devkitARM/bin/../lib/gcc/arm-none-eabi/13.1.0/thumb\libgcc.a(_aeabi_ldivmod.o)
                              bn_hw_text.o (__aeabi_ldivmod)
C:/devkitPro/devkitARM/bin/../lib/gcc/arm-none-eabi/13.1.0/thumb\libgcc.a(_aeabi_uldivmod.o)
                              bn_hw_text.o (__aeabi_uldivmod)
C:/devkitPro/devkitARM/bin/../lib/gcc/arm-none-eabi/13.1.0/thumb\libgcc.a(_udivmoddi4.o)
                              C:/devkitPro/devkitARM/bin/../lib/gcc/arm-none-eabi/13.1.0/thumb\libgcc.a(_aeabi_ldivmod.o) (__udivmoddi4)
C:/devkitPro/devkitARM/bin/../lib/gcc/arm-none-eabi/13.1.0/../../../../arm-none-eabi/lib/thumb\libg.a(libc_a-init.o)
                              C:/devkitPro/devkitARM/bin/../lib/gcc/arm-none-eabi/13.1.0/../../../../arm-none-eabi/lib/thumb/gba_crt0.o (__libc_init_array)
C:/devkitPro/devkitARM/bin/../lib/gcc/arm-none-eabi/13.1.0/../../../../arm-none-eabi/lib/thumb\libsysbase.a(libsysbase_libsysbase_a-malloc_vars.o)
                              C:/devkitPro/devkitARM/bin/../lib/gcc/arm-none-eabi/13.1.0/../../../../arm-none-eabi/lib/thumb/gba_crt0.o (fake_heap_end)

Discarded input sections

 .text          0x00000000        0x0 C:/devkitPro/devkitARM/bin/../lib/gcc/arm-none-eabi/13.1.0/../../../../arm-none-eabi/lib/thumb/gba_crt0.o
 .data          0x00000000        0x0 C:/devkitPro/devkitARM/bin/../lib/gcc/arm-none-eabi/13.1.0/../../../../arm-none-eabi/lib/thumb/gba_crt0.o
 .bss           0x00000000        0x0 C:/devkitPro/devkitARM/bin/../lib/gcc/arm-none-eabi/13.1.0/../../../../arm-none-eabi/lib/thumb/gba_crt0.o
 .text          0x00000000        0x0 C:/devkitPro/devkitARM/bin/../lib/gcc/arm-none-eabi/13.1.0/thumb/crti.o
 .data          0x00000000        0x0 C:/devkitPro/devkitARM/bin/../lib/gcc/arm-none-eabi/13.1.0/thumb/crti.o
 .bss           0x00000000        0x0 C:/devkitPro/devkitARM/bin/../lib/gcc/arm-none-eabi/13.1.0/thumb/crti.o
 .text          0x00000000        0x0 C:/devkitPro/devkitARM/bin/../lib/gcc/arm-none-eabi/13.1.0/thumb/crtbegin.o
 .data          0x00000000        0x0 C:/devkitPro/devkitARM/bin/../lib/gcc/arm-none-eabi/13.1.0/thumb/crtbegin.o
 .bss           0x00000000        0x0 C:/devkitPro/devkitARM/bin/../lib/gcc/arm-none-eabi/13.1.0/thumb/crtbegin.o
 .rodata.all_implied_fbits
                0x00000000       0x24 C:/devkitPro/devkitARM/bin/../lib/gcc/arm-none-eabi/13.1.0/thumb/crtbegin.o
 .data.__dso_handle
                0x00000000        0x4 C:/devkitPro/devkitARM/bin/../lib/gcc/arm-none-eabi/13.1.0/thumb/crtbegin.o
 .text          0x00000000        0x0 _bn_audio_soundbank.bin.o
 .data          0x00000000        0x0 _bn_audio_soundbank.bin.o
 .bss           0x00000000        0x0 _bn_audio_soundbank.bin.o
 .text          0x00000000        0x0 cursor_bn_gfx.o
 .data          0x00000000        0x0 cursor_bn_gfx.o
 .bss           0x00000000        0x0 cursor_bn_gfx.o
 .text          0x00000000        0x0 entity_bn_gfx.o
 .data          0x00000000        0x0 entity_bn_gfx.o
 .bss           0x00000000        0x0 entity_bn_gfx.o
 .text          0x00000000        0x0 overworld_bn_gfx.o
 .data          0x00000000        0x0 overworld_bn_gfx.o
 .bss           0x00000000        0x0 overworld_bn_gfx.o
 .rodata        0x00000000     0xe640 overworld_bn_gfx.o
 .text          0x00000000        0x0 selected_bn_gfx.o
 .data          0x00000000        0x0 selected_bn_gfx.o
 .bss           0x00000000        0x0 selected_bn_gfx.o
 .rodata        0x00000000       0x60 selected_bn_gfx.o
 .text          0x00000000        0x0 world_bn_gfx.o
 .data          0x00000000        0x0 world_bn_gfx.o
 .bss           0x00000000        0x0 world_bn_gfx.o
 .text          0x00000000        0x0 common_fixed_8x16_font_bn_gfx.o
 .data          0x00000000        0x0 common_fixed_8x16_font_bn_gfx.o
 .bss           0x00000000        0x0 common_fixed_8x16_font_bn_gfx.o
 .rodata        0x00000000     0x1ba0 common_fixed_8x16_font_bn_gfx.o
 .text          0x00000000        0x0 common_fixed_8x8_font_bn_gfx.o
[...]
Memory Configuration

Name             Origin             Length             Attributes
rom              0x08000000         0x02000000
iwram            0x03000000         0x00008000
ewram            0x02000000         0x00040000
*default*        0x00000000         0xffffffff

Linker script and memory map

                0x08000000                        __text_start = ORIGIN (rom)
                0x02040000                        __eheap_end = (ORIGIN (ewram) + LENGTH (ewram))
                0x03000000                        __iwram_start = ORIGIN (iwram)
                0x03008000                        __iwram_top = (ORIGIN (iwram) + LENGTH (iwram))
                0x03007fa0                        __sp_irq = (__iwram_top - 0x60)
                0x03007f00                        __sp_usr = (__sp_irq - 0xa0)
                0x03007ff8                        __irq_flags = 0x3007ff8
                0x08000000                        . = __text_start

.crt0           0x08000000      0x210
 *(.crt0)
 .crt0          0x08000000      0x210 C:/devkitPro/devkitARM/bin/../lib/gcc/arm-none-eabi/13.1.0/../../../../arm-none-eabi/lib/thumb/gba_crt0.o
                0x08000000                _start
                0x080000c4                __boot_method
                0x080000c5                __slave_number
                0x080000e0                start_vector
                0x08000210                        . = ALIGN (0x4)

.init           0x08000210        0xc
 *(SORT_NONE(.init))
 .init          0x08000210        0x4 C:/devkitPro/devkitARM/bin/../lib/gcc/arm-none-eabi/13.1.0/thumb/crti.o
                0x08000210                _init
 .init          0x08000214        0x8 C:/devkitPro/devkitARM/bin/../lib/gcc/arm-none-eabi/13.1.0/thumb/crtn.o

.plt            0x0800021c        0x0
 *(.plt)
                0x0800021c                        . = ALIGN (0x4)

.text           0x08000220    0x112e0
 *(EXCLUDE_FILE(*.iwram*) .text*)
 .text.__do_global_dtors_aux
                0x08000220       0x2c C:/devkitPro/devkitARM/bin/../lib/gcc/arm-none-eabi/13.1.0/thumb/crtbegin.o
 .text.frame_dummy
                0x0800024c       0x24 C:/devkitPro/devkitARM/bin/../lib/gcc/arm-none-eabi/13.1.0/thumb/crtbegin.o
 .text._ZN3dnd6Player6updateENS_4MathE
                0x08000270       0x2c entity.o
                0x08000270                dnd::Player::update(dnd::Math)
 .text._ZN3dnd6PlayerD2Ev
                0x0800029c       0x94 entity.o
                0x0800029c                dnd::Player::~Player()
                0x0800029c                dnd::Player::~Player()
 .text._ZN3dnd6PlayerD0Ev
                0x08000330       0x9c entity.o
                0x08000330                dnd::Player::~Player()
 .text._ZN3dnd6EntityC2EiiN2bn6randomEiiNS_4MathENS1_21sprite_text_generatorE
                0x080003cc       0x78 entity.o
                0x080003cc                dnd::Entity::Entity(int, int, bn::random, int, int, dnd::Math, bn::sprite_text_generator)
                0x080003cc                dnd::Entity::Entity(int, int, bn::random, int, int, dnd::Math, bn::sprite_text_generator)
 .text.startup.main
                0x08000444       0x7c main.o
                0x08000444                main
 .text._ZN3dnd4Math9isoToCartEN2bn5pointE
                0x080004c0       0x50 math.o
                0x080004c0                dnd::Math::isoToCart(bn::point)
 .text._ZN3_bn6assert9show_argsIA22_cEEvPKcS4_S4_iRKT_
                0x08000510       0x50 tile.o
                0x08000510                void _bn::assert::show_args<char [22]>(char const*, char const*, char const*, int, char const (&) [22])
 .text._ZN3dnd4TileC2EN2bn10sprite_ptrE
                0x08000560       0x84 tile.o
                0x08000560                dnd::Tile::Tile(bn::sprite_ptr)
                0x08000560                dnd::Tile::Tile(bn::sprite_ptr)
 .text._ZN3dnd6PlayerC2EiiN2bn6randomENS_4MathENS1_21sprite_text_generatorE
                0x080005e4      0x2a4 world.o
                0x080005e4                dnd::Player::Player(int, int, bn::random, dnd::Math, bn::sprite_text_generator)
                0x080005e4                dnd::Player::Player(int, int, bn::random, dnd::Math, bn::sprite_text_generator)
 .text._ZN3dnd5WorldC2ENS_4MathEN2bn21sprite_text_generatorE
                0x08000888      0x2b4 world.o
                0x08000888                dnd::World::World(dnd::Math, bn::sprite_text_generator)
                0x08000888                dnd::World::World(dnd::Math, bn::sprite_text_generator)
 .text._ZN3_bn6assert9show_argsIJA16_ciA4_ciEEEvPKcS5_S5_iDpRKT_
                0x08000b3c       0x6c world.o
                0x08000b3c                void _bn::assert::show_args<char [16], int, char [4], int>(char const*, char const*, char const*, int, char const (&) [16], int const&, char const (&) [4], int const&)
 .text._ZN3dnd5World8setDepthEb
                0x08000ba8      0x1e8 world.o
                0x08000ba8                dnd::World::setDepth(bool)
 .text._ZN3dnd5World6updateEv
                0x08000d90       0x90 world.o
                0x08000d90                dnd::World::update()
 .text._ZN2bn13audio_manager4initEv
                0x08000e20        0xc bn_audio_manager.o
                0x08000e20                bn::audio_manager::init()
 .text._ZN2bn13audio_manager7disableEv
                0x08000e2c        0xc bn_audio_manager.o
                0x08000e2c                bn::audio_manager::disable()
 .text._ZN2bn13audio_manager22disable_vblank_handlerEv
                0x08000e38        0xc bn_audio_manager.o
                0x08000e38                bn::audio_manager::disable_vblank_handler()
 .text._ZN2bn13audio_manager6updateEv
                0x08000e44       0x18 bn_audio_manager.o
                0x08000e44                bn::audio_manager::update()
 .text._ZN2bn13audio_manager6commitEv
                0x08000e5c        0xc bn_audio_manager.o
                0x08000e5c                bn::audio_manager::commit()
 .text._ZN3_bn6assert9show_argsIA18_ciEEvPKcS4_S4_iRKT_RKT0_
                0x08000e68       0x58 bn_audio_manager.o
                0x08000e68                void _bn::assert::show_args<char [18], int>(char const*, char const*, char const*, int, char const (&) [18], int const&)
 .text._ZN3_bn6assert9show_argsIA14_ciEEvPKcS4_S4_iRKT_RKT0_
                0x08000ec0       0x58 bn_audio_manager.o
                0x08000ec0                void _bn::assert::show_args<char [14], int>(char const*, char const*, char const*, int, char const (&) [14], int const&)
 .text._ZN2bn13audio_manager16execute_commandsEv
                0x08000f18      0x240 bn_audio_manager.o
                0x08000f18                bn::audio_manager::execute_commands()
 .text._ZN3_bn6assert9show_argsIA26_ciEEvPKcS4_S4_iRKT_RKT0_
                0x08001158       0x58 bn_audio_manager.o
                0x08001158                void _bn::assert::show_args<char [26], int>(char const*, char const*, char const*, int, char const (&) [26], int const&)
 .text._ZN3_bn6assert9show_argsIA33_cEEvPKcS4_S4_iRKT_
                0x080011b0       0x50 bn_audio_manager.o
                0x080011b0                void _bn::assert::show_args<char [33]>(char const*, char const*, char const*, int, char const (&) [33])
 .text._ZN3_bn6assert9show_argsIA25_cEEvPKcS4_S4_iRKT_
                0x08001200       0x50 bn_audio_manager.o
                0x08001200                void _bn::assert::show_args<char [25]>(char const*, char const*, char const*, int, char const (&) [25])
 .text._ZN2bn13audio_manager10stop_musicEv
                0x08001250       0x70 bn_audio_manager.o
                0x08001250                bn::audio_manager::stop_music()
 .text._ZN2bn13audio_manager4stopEv
                0x080012c0       0x60 bn_audio_manager.o
                0x080012c0                bn::audio_manager::stop()
 .text._ZN3_bn6assert9show_argsIA24_cEEvPKcS4_S4_iRKT_
                0x08001320       0x50 bn_audio_manager.o
                0x08001320                void _bn::assert::show_args<char [24]>(char const*, char const*, char const*, int, char const (&) [24])
 .text.startup._GLOBAL__sub_I__ZN2bn5audio16update_on_vblankEv
                0x08001370       0x38 bn_audio_manager.o
 .text._ZN2bn18best_fit_allocator4freeEPv
                0x080013a8      0x110 bn_best_fit_allocator.o
                0x080013a8                bn::best_fit_allocator::free(void*)
 .text._ZN3_bn6assert9show_argsIA23_cEEvPKcS4_S4_iRKT_
                0x080014b8       0x50 bn_best_fit_allocator.o
                0x080014b8                void _bn::assert::show_args<char [23]>(char const*, char const*, char const*, int, char const (&) [23])
 .text._ZN2bn18best_fit_allocatorD2Ev
                0x08001508       0x34 bn_best_fit_allocator.o
                0x08001508                bn::best_fit_allocator::~best_fit_allocator()
                0x08001508                bn::best_fit_allocator::~best_fit_allocator()
 .text._ZN3_bn6assert9show_argsIA16_ciEEvPKcS4_S4_iRKT_RKT0_
                0x0800153c       0x58 bn_best_fit_allocator.o
                0x0800153c                void _bn::assert::show_args<char [16], int>(char const*, char const*, char const*, int, char const (&) [16], int const&)
 .text._ZN3_bn6assert9show_argsIA14_cEEvPKcS4_S4_iRKT_
                0x08001594       0x50 bn_best_fit_allocator.o
                0x08001594                void _bn::assert::show_args<char [14]>(char const*, char const*, char const*, int, char const (&) [14])
 .text._ZN3_bn6assert9show_argsIA21_cEEvPKcS4_S4_iRKT_
                0x080015e4       0x50 bn_best_fit_allocator.o
                0x080015e4                void _bn::assert::show_args<char [21]>(char const*, char const*, char const*, int, char const (&) [21])
 .text._ZN2bn18best_fit_allocator5resetEPvi
                0x08001634       0xc4 bn_best_fit_allocator.o
                0x08001634                bn::best_fit_allocator::reset(void*, int)
 .text._ZN2bn13ostringstream11append_argsIiJA4_ciEEEvRKT_DpRKT0_.isra.0
                0x080016f8       0x24 bn_bg_blocks_manager.o
 .text._ZNK2bn18regular_bg_map_ptr2idEv
                0x0800171c       0x18 bn_bg_blocks_manager.o
                0x0800171c                bn::regular_bg_map_ptr::id() const
 .text._ZNK2bn18regular_bg_map_ptr10dimensionsEv
                0x08001734       0x20 bn_bg_blocks_manager.o
                0x08001734                bn::regular_bg_map_ptr::dimensions() const
 .text._ZNK2bn20regular_bg_tiles_ptr3cbbEv
                0x08001754       0x18 bn_bg_blocks_manager.o
                0x08001754                bn::regular_bg_tiles_ptr::cbb() const
 .text._ZNK2bn17affine_bg_map_ptr2idEv
                0x0800176c       0x18 bn_bg_blocks_manager.o
                0x0800176c                bn::affine_bg_map_ptr::id() const
 .text._ZNK2bn17affine_bg_map_ptr10dimensionsEv
                0x08001784       0x20 bn_bg_blocks_manager.o
                0x08001784                bn::affine_bg_map_ptr::dimensions() const
 .text._ZNK2bn19affine_bg_tiles_ptr3cbbEv
                0x080017a4       0x18 bn_bg_blocks_manager.o
                0x080017a4                bn::affine_bg_tiles_ptr::cbb() const
 .text._ZN2bn17bg_blocks_manager15decrease_usagesEi
                0x080017bc       0x98 bn_bg_blocks_manager.o
                0x080017bc                bn::bg_blocks_manager::decrease_usages(int)
 .text._ZN2bn17bg_blocks_manager12_GLOBAL__N_110items_list12insert_afterEiRKNS1_9item_typeE.constprop.0
                0x08001854      0x250 bn_bg_blocks_manager.o
 .text._ZN2bn17bg_blocks_manager4initEv
                0x08001aa4       0x7c bn_bg_blocks_manager.o
                0x08001aa4                bn::bg_blocks_manager::init()
 .text._ZN2bn17bg_blocks_manager11must_commitEi
                0x08001b20       0x18 bn_bg_blocks_manager.o
                0x08001b20                bn::bg_blocks_manager::must_commit(int)
 .text._ZN3_bn6assert9show_argsIA27_ciEEvPKcS4_S4_iRKT_RKT0_
                0x08001b38       0x58 bn_bg_blocks_manager.o
                0x08001b38                void _bn::assert::show_args<char [27], int>(char const*, char const*, char const*, int, char const (&) [27], int const&)
 .text._ZN3_bn6assert9show_argsIA15_ciEEvPKcS4_S4_iRKT_RKT0_
                0x08001b90       0x58 bn_bg_blocks_manager.o
                0x08001b90                void _bn::assert::show_args<char [15], int>(char const*, char const*, char const*, int, char const (&) [15], int const&)
 .text._ZN3_bn6assert9show_argsIJA22_ciA4_ciEEEvPKcS5_S5_iDpRKT_
                0x08001be8       0x5c bn_bg_blocks_manager.o
                0x08001be8                void _bn::assert::show_args<char [22], int, char [4], int>(char const*, char const*, char const*, int, char const (&) [22], int const&, char const (&) [4], int const&)
 .text._ZN3_bn6assert9show_argsIJA58_ciA4_ciEEEvPKcS5_S5_iDpRKT_
                0x08001c44       0x5c bn_bg_blocks_manager.o
                0x08001c44                void _bn::assert::show_args<char [58], int, char [4], int>(char const*, char const*, char const*, int, char const (&) [58], int const&, char const (&) [4], int const&)
 .text._ZN3_bn6assert9show_argsIA22_ciEEvPKcS4_S4_iRKT_RKT0_
                0x08001ca0       0x58 bn_bg_blocks_manager.o
                0x08001ca0                void _bn::assert::show_args<char [22], int>(char const*, char const*, char const*, int, char const (&) [22], int const&)
 .text._ZN3_bn6assert9show_argsIA19_cEEvPKcS4_S4_iRKT_
                0x08001cf8       0x50 bn_bg_blocks_manager.o
                0x08001cf8                void _bn::assert::show_args<char [19]>(char const*, char const*, char const*, int, char const (&) [19])
 .text._ZNK2bn18regular_bg_map_ptr5tilesEv
                0x08001d48       0x48 bn_bg_blocks_manager.o
                0x08001d48                bn::regular_bg_map_ptr::tiles() const
 .text._ZNK2bn17affine_bg_map_ptr5tilesEv
                0x08001d90       0x48 bn_bg_blocks_manager.o
                0x08001d90                bn::affine_bg_map_ptr::tiles() const
 .text._ZNK2bn18regular_bg_map_ptr3bppEv
                0x08001dd8       0x4c bn_bg_blocks_manager.o
                0x08001dd8                bn::regular_bg_map_ptr::bpp() const
 .text._ZN2bn17bg_blocks_manager21update_affine_map_rowEiii
                0x08001e24      0x104 bn_bg_blocks_manager.o
                0x08001e24                bn::bg_blocks_manager::update_affine_map_row(int, int, int)
 .text._ZN2bn17bg_blocks_manager23set_affine_map_positionEiii
                0x08001f28      0x1c4 bn_bg_blocks_manager.o
                0x08001f28                bn::bg_blocks_manager::set_affine_map_position(int, int, int)
 .text._ZN2bn17bg_blocks_manager21update_affine_map_colEiii
                0x080020ec      0x224 bn_bg_blocks_manager.o
                0x080020ec                bn::bg_blocks_manager::update_affine_map_col(int, int, int)
 .text._ZN2bn17bg_blocks_manager22update_regular_map_colEiii
                0x08002310      0x174 bn_bg_blocks_manager.o
                0x08002310                bn::bg_blocks_manager::update_regular_map_col(int, int, int)
 .text._ZN2bn17bg_blocks_manager22update_regular_map_rowEiii
                0x08002484      0x14c bn_bg_blocks_manager.o
                0x08002484                bn::bg_blocks_manager::update_regular_map_row(int, int, int)
 .text._ZN2bn17bg_blocks_manager24set_regular_map_positionEiii
                0x080025d0      0x1d4 bn_bg_blocks_manager.o
                0x080025d0                bn::bg_blocks_manager::set_regular_map_position(int, int, int)
 .text._ZN2bn17bg_blocks_manager12_GLOBAL__N_112_commit_itemERKNS1_9item_typeE
                0x080027a4      0x2b8 bn_bg_blocks_manager.o
 .text._ZN2bn17bg_blocks_manager6commitEv
                0x08002a5c       0x40 bn_bg_blocks_manager.o
                0x08002a5c                bn::bg_blocks_manager::commit()
 .text._ZN3_bn6assert9show_argsIA26_cEEvPKcS4_S4_iRKT_
                0x08002a9c       0x50 bn_bg_blocks_manager.o
                0x08002a9c                void _bn::assert::show_args<char [26]>(char const*, char const*, char const*, int, char const (&) [26])
 .text._ZN3_bn6assert9show_argsIA31_cEEvPKcS4_S4_iRKT_
                0x08002aec       0x50 bn_bg_blocks_manager.o
                0x08002aec                void _bn::assert::show_args<char [31]>(char const*, char const*, char const*, int, char const (&) [31])
 .text._ZN3_bn6assert9show_argsIA17_cEEvPKcS4_S4_iRKT_
                0x08002b3c       0x50 bn_bg_blocks_manager.o
                0x08002b3c                void _bn::assert::show_args<char [17]>(char const*, char const*, char const*, int, char const (&) [17])
 .text._ZN3_bn6assert9show_argsIA39_ciEEvPKcS4_S4_iRKT_RKT0_
                0x08002b8c       0x58 bn_bg_blocks_manager.o
                0x08002b8c                void _bn::assert::show_args<char [39], int>(char const*, char const*, char const*, int, char const (&) [39], int const&)
 .text._ZN3_bn6assert9show_argsIA25_ciEEvPKcS4_S4_iRKT_RKT0_
                0x08002be4       0x58 bn_bg_blocks_manager.o
                0x08002be4                void _bn::assert::show_args<char [25], int>(char const*, char const*, char const*, int, char const (&) [25], int const&)
 .text._ZN2bn14iunordered_mapIPKviNS_17bg_blocks_manager12_GLOBAL__N_115identity_hasherENS_8equal_toIS2_EEE5eraseERKNS8_14const_iteratorE.constprop.0.isra.0
                0x08002c3c      0x1a4 bn_bg_blocks_manager.o
 .text._ZN2bn17bg_blocks_manager12_GLOBAL__N_121_remove_adjacent_itemEiRNS1_9item_typeE
                0x08002de0       0xcc bn_bg_blocks_manager.o
 .text._ZN2bn17bg_blocks_manager6updateEv
                0x08002eac      0x200 bn_bg_blocks_manager.o
                0x08002eac                bn::bg_blocks_manager::update()
 .text.startup._GLOBAL__sub_I__ZN2bn7bg_maps16used_cells_countEv
                0x080030ac       0x98 bn_bg_blocks_manager.o
 .text.exit._GLOBAL__sub_D__ZN2bn7bg_maps16used_cells_countEv
                0x08003144       0x50 bn_bg_blocks_manager.o
 .text._ZN2bn11bgs_manager12_GLOBAL__N_133_update_item_hw_affine_attributesERKNS1_9item_typeE
                0x08003194       0x48 bn_bgs_manager.o
 .text._ZN2bn13ostringstream11append_argsIiJA4_ciEEEvRKT_DpRKT0_.isra.0
                0x080031dc       0x24 bn_bgs_manager.o
 .text._ZN2bn11bgs_manager5hw_idEPv
                0x08003200        0x8 bn_bgs_manager.o
                0x08003200                bn::bgs_manager::hw_id(void*)
 .text._ZN2bn11bgs_manager11hw_positionEPv
                0x08003208        0x4 bn_bgs_manager.o
                0x08003208                bn::bgs_manager::hw_position(void*)
 .text._ZN2bn11bgs_manager14mat_attributesEPv
                0x0800320c        0x4 bn_bgs_manager.o
                0x0800320c                bn::bgs_manager::mat_attributes(void*)
 .text._ZN2bn11bgs_manager20update_windows_flagsEPj
                0x08003210       0x7c bn_bgs_manager.o
                0x08003210                bn::bgs_manager::update_windows_flags(unsigned int*)
 .text._ZN2bn11bgs_manager36fill_hblank_effect_regular_positionsEiPKNS_7fixed_tILi12EEEPt
                0x0800328c       0x38 bn_bgs_manager.o
                0x0800328c                bn::bgs_manager::fill_hblank_effect_regular_positions(int, bn::fixed_t<12> const*, unsigned short*)
 .text._ZN2bn11bgs_manager45fill_hblank_effect_pivot_horizontal_positionsEPvPKNS_7fixed_tILi12EEEPj
                0x080032c4       0x24 bn_bgs_manager.o
                0x080032c4                bn::bgs_manager::fill_hblank_effect_pivot_horizontal_positions(void*, bn::fixed_t<12> const*, unsigned int*)
 .text._ZN2bn11bgs_manager43fill_hblank_effect_pivot_vertical_positionsEPvPKNS_7fixed_tILi12EEEPj
                0x080032e8       0x24 bn_bgs_manager.o
                0x080032e8                bn::bgs_manager::fill_hblank_effect_pivot_vertical_positions(void*, bn::fixed_t<12> const*, unsigned int*)
 .text._ZN2bn11bgs_manager6commitEb
                0x0800330c       0x58 bn_bgs_manager.o
                0x0800330c                bn::bgs_manager::commit(bool)
 .text._ZN2bn11bgs_manager4stopEv
                0x08003364       0x28 bn_bgs_manager.o
                0x08003364                bn::bgs_manager::stop()
 .text._ZN3_bn6assert9show_argsIA30_cEEvPKcS4_S4_iRKT_
                0x0800338c       0x50 bn_bgs_manager.o
                0x0800338c                void _bn::assert::show_args<char [30]>(char const*, char const*, char const*, int, char const (&) [30])
 .text._ZN3_bn6assert9show_argsIJA60_ciA4_ciEEEvPKcS5_S5_iDpRKT_
                0x080033dc       0x5c bn_bgs_manager.o
                0x080033dc                void _bn::assert::show_args<char [60], int, char [4], int>(char const*, char const*, char const*, int, char const (&) [60], int const&, char const (&) [4], int const&)
 .text._ZN3_bn6assert9show_argsIJA59_ciA4_ciEEEvPKcS5_S5_iDpRKT_
                0x08003438       0x5c bn_bgs_manager.o
                0x08003438                void _bn::assert::show_args<char [59], int, char [4], int>(char const*, char const*, char const*, int, char const (&) [59], int const&, char const (&) [4], int const&)
 .text._ZN3_bn6assert9show_argsIJA57_ciA4_ciEEEvPKcS5_S5_iDpRKT_
                0x08003494       0x5c bn_bgs_manager.o
                0x08003494                void _bn::assert::show_args<char [57], int, char [4], int>(char const*, char const*, char const*, int, char const (&) [57], int const&, char const (&) [4], int const&)
 .text._ZN2bn11bgs_manager14update_camerasEv
                0x080034f0      0x2b4 bn_bgs_manager.o
                0x080034f0                bn::bgs_manager::update_cameras()
 .text._ZN3_bn6assert9show_argsIA27_cEEvPKcS4_S4_iRKT_
                0x080037a4       0x50 bn_bgs_manager.o
                0x080037a4                void _bn::assert::show_args<char [27]>(char const*, char const*, char const*, int, char const (&) [27])
 .text._ZN2bn11bgs_manager15rebuild_handlesEv.part.0
                0x080037f4      0x198 bn_bgs_manager.o
 .text._ZN2bn11bgs_manager37fill_hblank_effect_regular_attributesEPvPKNS_21regular_bg_attributesEPt
                0x0800398c      0x100 bn_bgs_manager.o
                0x0800398c                bn::bgs_manager::fill_hblank_effect_regular_attributes(void*, bn::regular_bg_attributes const*, unsigned short*)
 .text._ZN2bn11bgs_manager6updateEv
                0x08003a8c      0x1d0 bn_bgs_manager.o
                0x08003a8c                bn::bgs_manager::update()
 .text._ZN2bn11bgs_manager15commit_big_mapsEv
                0x08003c5c      0x1d4 bn_bgs_manager.o
                0x08003c5c                bn::bgs_manager::commit_big_maps()
 .text._ZN2bn11bgs_manager36fill_hblank_effect_affine_attributesEPvPKNS_20affine_bg_attributesEPt
                0x08003e30      0x104 bn_bgs_manager.o
                0x08003e30                bn::bgs_manager::fill_hblank_effect_affine_attributes(void*, bn::affine_bg_attributes const*, unsigned short*)
 .text._ZN2bn11bgs_manager10affine_mapEPv
                0x08003f34       0x34 bn_bgs_manager.o
                0x08003f34                bn::bgs_manager::affine_map(void*)
 .text._ZN2bn11bgs_manager11regular_mapEPv
                0x08003f68       0x34 bn_bgs_manager.o
                0x08003f68                bn::bgs_manager::regular_map(void*)
 .text._ZN3_bn6assert9show_argsIA15_cEEvPKcS4_S4_iRKT_
                0x08003f9c       0x50 bn_bgs_manager.o
                0x08003f9c                void _bn::assert::show_args<char [15]>(char const*, char const*, char const*, int, char const (&) [15])
 .text._ZN3_bn6assert9show_argsIA13_cEEvPKcS4_S4_iRKT_
                0x08003fec       0x50 bn_bgs_manager.o
                0x08003fec                void _bn::assert::show_args<char [13]>(char const*, char const*, char const*, int, char const (&) [13])
 .text.startup._GLOBAL__sub_I__ZN2bn3bgs16used_items_countEv
                0x0800403c       0x80 bn_bgs_manager.o
 .text.exit._GLOBAL__sub_D__ZN2bn3bgs16used_items_countEv
                0x080040bc       0x14 bn_bgs_manager.o
 .text._ZN2bn10camera_ptrD2Ev
                0x080040d0       0x38 bn_cameras_manager.o
                0x080040d0                bn::camera_ptr::~camera_ptr()
                0x080040d0                bn::camera_ptr::~camera_ptr()
 .text._ZNK2bn10camera_ptr8positionEv
                0x08004108       0x14 bn_cameras_manager.o
                0x08004108                bn::camera_ptr::position() const
 .text._ZN2bn15cameras_manager4initEv
                0x0800411c       0x10 bn_cameras_manager.o
                0x0800411c                bn::cameras_manager::init()
 .text._ZN2bn15cameras_manager6updateEv
                0x0800412c       0x28 bn_cameras_manager.o
                0x0800412c                bn::cameras_manager::update()
 .text._ZN3_bn6assert9show_argsIA23_ciEEvPKcS4_S4_iRKT_RKT0_
                0x08004154       0x58 bn_color_effect.o
                0x08004154                void _bn::assert::show_args<char [23], int>(char const*, char const*, char const*, int, char const (&) [23], int const&)
 .text._ZN2bn4core12_GLOBAL__N_14stopEb.constprop.0
                0x080041ac       0x54 bn_core.o
 .text._ZN2bn4core12_GLOBAL__N_111update_implEv
                0x08004200       0xd8 bn_core.o
 .text._ZN2bn11string_viewC2EPKc
                0x080042d8       0x1c bn_core.o
                0x080042d8                bn::string_view::string_view(char const*)
                0x080042d8                bn::string_view::string_view(char const*)
 .text._ZN2bn4core6updateEv
                0x080042f4       0x68 bn_core.o
                0x080042f4                bn::core::update()
 .text._ZN2bn4core4initERKNS_11string_viewE
                0x0800435c       0x94 bn_core.o
                0x0800435c                bn::core::init(bn::string_view const&)
 .text._ZN2bn4core4initEv
                0x080043f0       0x18 bn_core.o
                0x080043f0                bn::core::init()
 .text._ZN2bn4core9on_vblankEv
                0x08004408       0x2c bn_core.o
                0x08004408                bn::core::on_vblank()
 .text._ZN3_bn6assert4showEPKcS2_S2_iRKN2bn12istring_baseE
                0x08004434       0x80 bn_core.o
                0x08004434                _bn::assert::show(char const*, char const*, char const*, int, bn::istring_base const&)
 .text.startup._GLOBAL__sub_I__ZN2bn4core4initEv
                0x080044b4       0x44 bn_core.o
 .text._ZN2bn15display_manager12_GLOBAL__N_134_update_rect_windows_hw_boundariesEi
                0x080044f8       0x8c bn_display_manager.o
 .text._ZN2bn15display_manager4initEv
                0x08004584       0x40 bn_display_manager.o
                0x08004584                bn::display_manager::init()
 .text._ZN2bn15display_manager8set_modeEi
                0x080045c4       0x1c bn_display_manager.o
                0x080045c4                bn::display_manager::set_mode(int)
 .text._ZN2bn15display_manager14set_bg_enabledEib
                0x080045e0       0x1c bn_display_manager.o
                0x080045e0                bn::display_manager::set_bg_enabled(int, bool)
 .text._ZN2bn15display_manager15disable_all_bgsEv
                0x080045fc       0x18 bn_display_manager.o
                0x080045fc                bn::display_manager::disable_all_bgs()
 .text._ZN2bn15display_manager36fill_mosaic_hblank_effect_attributesEPKNS_17mosaic_attributesEPt
                0x08004614       0xb4 bn_display_manager.o
                0x08004614                bn::display_manager::fill_mosaic_hblank_effect_attributes(bn::mosaic_attributes const*, unsigned short*)
 .text._ZN2bn15display_manager23set_blending_bg_enabledEib
                0x080046c8       0x14 bn_display_manager.o
                0x080046c8                bn::display_manager::set_blending_bg_enabled(int, bool)
 .text._ZN2bn15display_manager32blending_transparency_top_weightEv
                0x080046dc       0x18 bn_display_manager.o
                0x080046dc                bn::display_manager::blending_transparency_top_weight()
 .text._ZN2bn15display_manager35blending_transparency_bottom_weightEv
                0x080046f4       0x28 bn_display_manager.o
                0x080046f4                bn::display_manager::blending_transparency_bottom_weight()
 .text._ZN2bn15display_manager51fill_blending_transparency_hblank_effect_attributesEPKNS_32blending_transparency_attributesEPt
                0x0800471c       0x30 bn_display_manager.o
                0x0800471c                bn::display_manager::fill_blending_transparency_hblank_effect_attributes(bn::blending_transparency_attributes const*, unsigned short*)
 .text._ZN2bn15display_manager21blending_fade_enabledEv
                0x0800474c       0x10 bn_display_manager.o
                0x0800474c                bn::display_manager::blending_fade_enabled()
 .text._ZN2bn15display_manager39fill_blending_fade_hblank_effect_alphasEPKNS_19blending_fade_alphaEPt
                0x0800475c       0x24 bn_display_manager.o
                0x0800475c                bn::display_manager::fill_blending_fade_hblank_effect_alphas(bn::blending_fade_alpha const*, unsigned short*)
 .text._ZN2bn15display_manager26update_windows_visible_bgsEv
                0x08004780       0x10 bn_display_manager.o
                0x08004780                bn::display_manager::update_windows_visible_bgs()
 .text._ZN2bn15display_manager36rect_window_hw_horizontal_boundariesEi
                0x08004790       0x14 bn_display_manager.o
                0x08004790                bn::display_manager::rect_window_hw_horizontal_boundaries(int)
 .text._ZN2bn15display_manager34rect_window_hw_vertical_boundariesEi
                0x080047a4       0x14 bn_display_manager.o
                0x080047a4                bn::display_manager::rect_window_hw_vertical_boundaries(int)
 .text._ZN2bn15display_manager52fill_rect_window_hblank_effect_horizontal_boundariesERKNS_4pairIiiEEPKNS1_INS_7fixed_tILi12EEES6_EEPt
                0x080047b8      0x13c bn_display_manager.o
                0x080047b8                bn::display_manager::fill_rect_window_hblank_effect_horizontal_boundaries(bn::pair<int, int> const&, bn::pair<bn::fixed_t<12>, bn::fixed_t<12> > const*, unsigned short*)
 .text._ZN2bn15display_manager50fill_rect_window_hblank_effect_vertical_boundariesERKNS_4pairIiiEEPKNS1_INS_7fixed_tILi12EEES6_EEPt
                0x080048f4      0x13c bn_display_manager.o
                0x080048f4                bn::display_manager::fill_rect_window_hblank_effect_vertical_boundaries(bn::pair<int, int> const&, bn::pair<bn::fixed_t<12>, bn::fixed_t<12> > const*, unsigned short*)
 .text._ZN2bn15display_manager36fill_green_swap_hblank_effect_statesEPKbPt
                0x08004a30       0x38 bn_display_manager.o
                0x08004a30                bn::display_manager::fill_green_swap_hblank_effect_states(bool const*, unsigned short*)
 .text._ZN2bn15display_manager14update_camerasEv
                0x08004a68       0x40 bn_display_manager.o
                0x08004a68                bn::display_manager::update_cameras()
 .text._ZN2bn15display_manager6updateEv
                0x08004aa8      0x218 bn_display_manager.o
                0x08004aa8                bn::display_manager::update()
 .text._ZN2bn15display_manager6commitEv
                0x08004cc0      0x164 bn_display_manager.o
                0x08004cc0                bn::display_manager::commit()
 .text._ZN2bn15display_manager4stopEv
                0x08004e24       0x28 bn_display_manager.o
                0x08004e24                bn::display_manager::stop()
 .text._ZN3_bn6assert9show_argsIA66_cEEvPKcS4_S4_iRKT_
                0x08004e4c       0x50 bn_display_manager.o
                0x08004e4c                void _bn::assert::show_args<char [66]>(char const*, char const*, char const*, int, char const (&) [66])
 .text.startup._GLOBAL__sub_I__ZNK2bn6window7show_bgERKNS_14regular_bg_ptrE
                0x08004e9c       0x7c bn_display_manager.o
 .text.exit._GLOBAL__sub_D__ZNK2bn6window7show_bgERKNS_14regular_bg_ptrE
                0x08004f18       0x38 bn_display_manager.o
 .text._ZN2bn18igeneric_pool_baseC2EPci
                0x08004f50       0x10 bn_generic_pool.o
                0x08004f50                bn::igeneric_pool_base::igeneric_pool_base(char*, int)
                0x08004f50                bn::igeneric_pool_base::igeneric_pool_base(char*, int)
 .text._ZN2bn18igeneric_pool_base5_freeEPc
                0x08004f60       0x10 bn_generic_pool.o
                0x08004f60                bn::igeneric_pool_base::_free(char*)
 .text._ZN3_bn6assert9show_argsIA18_cEEvPKcS4_S4_iRKT_
                0x08004f70       0x50 bn_generic_pool.o
                0x08004f70                void _bn::assert::show_args<char [18]>(char const*, char const*, char const*, int, char const (&) [18])
 .text._ZN2bn18igeneric_pool_baseD2Ev
                0x08004fc0       0x30 bn_generic_pool.o
                0x08004fc0                bn::igeneric_pool_base::~igeneric_pool_base()
                0x08004fc0                bn::igeneric_pool_base::~igeneric_pool_base()
 .text._ZN2bn18igeneric_pool_base9_allocateEv
                0x08004ff0       0x48 bn_generic_pool.o
                0x08004ff0                bn::igeneric_pool_base::_allocate()
 .text._ZN2bn12gpio_manager6commitEv
                0x08005038       0x48 bn_gpio_manager.o
                0x08005038                bn::gpio_manager::commit()
 .text._ZN2bn12gpio_manager4stopEv
                0x08005080       0x3c bn_gpio_manager.o
                0x08005080                bn::gpio_manager::stop()
 .text._ZN2bn22hblank_effects_manager12_GLOBAL__N_19item_type18_output_values_ptrEv
                0x080050bc       0x40 bn_hblank_effects_manager.o
 .text._ZN2bn7type_idINS_4pairIiiEEEENS_9type_id_tEv
                0x080050fc        0x8 bn_hblank_effects_manager.o
                0x080050fc                bn::type_id_t bn::type_id<bn::pair<int, int> >()
 .text._ZN2bn7type_idINS_33regular_bg_attributes_hbe_handler15last_value_typeEEENS_9type_id_tEv
                0x08005104        0x8 bn_hblank_effects_manager.o
                0x08005104                bn::type_id_t bn::type_id<bn::regular_bg_attributes_hbe_handler::last_value_type>()
 .text._ZN2bn7type_idINS_32affine_bg_attributes_hbe_handler15last_value_typeEEENS_9type_id_tEv
                0x0800510c        0x8 bn_hblank_effects_manager.o
                0x0800510c                bn::type_id_t bn::type_id<bn::affine_bg_attributes_hbe_handler::last_value_type>()
 .text._ZN2bn7type_idIiEENS_9type_id_tEv
                0x08005114        0x8 bn_hblank_effects_manager.o
                0x08005114                bn::type_id_t bn::type_id<int>()
 .text._ZN2bn7type_idINS_47affine_bg_pivot_horizontal_position_hbe_handler15last_value_typeEEENS_9type_id_tEv
                0x0800511c        0x8 bn_hblank_effects_manager.o
                0x0800511c                bn::type_id_t bn::type_id<bn::affine_bg_pivot_horizontal_position_hbe_handler::last_value_type>()
 .text._ZN2bn7type_idINS_45affine_bg_pivot_vertical_position_hbe_handler15last_value_typeEEENS_9type_id_tEv
                0x08005124        0x8 bn_hblank_effects_manager.o
                0x08005124                bn::type_id_t bn::type_id<bn::affine_bg_pivot_vertical_position_hbe_handler::last_value_type>()
 .text._ZN2bn7type_idINS_35sprite_first_attributes_hbe_handler15last_value_typeEEENS_9type_id_tEv
                0x0800512c        0x8 bn_hblank_effects_manager.o
                0x0800512c                bn::type_id_t bn::type_id<bn::sprite_first_attributes_hbe_handler::last_value_type>()
 .text._ZN2bn7type_idINS_35sprite_second_attributes_last_valueEEENS_9type_id_tEv
                0x08005134        0x8 bn_hblank_effects_manager.o
                0x08005134                bn::type_id_t bn::type_id<bn::sprite_second_attributes_last_value>()
 .text._ZN2bn7type_idINS_17sprite_shape_sizeEEENS_9type_id_tEv
                0x0800513c        0x8 bn_hblank_effects_manager.o
                0x0800513c                bn::type_id_t bn::type_id<bn::sprite_shape_size>()
 .text._ZN2bn22hblank_effects_manager7disableEv
                0x08005144       0x24 bn_hblank_effects_manager.o
                0x08005144                bn::hblank_effects_manager::disable()
 .text._ZN2bn22hblank_effects_manager6commitEv
                0x08005168       0x74 bn_hblank_effects_manager.o
                0x08005168                bn::hblank_effects_manager::commit()
 .text._ZN2bn22hblank_effects_manager12_GLOBAL__N_110_is_uint32ENS0_12handler_typeE
                0x080051dc       0x64 bn_hblank_effects_manager.o
 .text._ZN2bn22hblank_effects_manager12_GLOBAL__N_19item_type12check_updateEv
                0x08005240     0x1ac0 bn_hblank_effects_manager.o
 .text._ZN2bn22hblank_effects_manager6updateEv
                0x08006d00      0x1ec bn_hblank_effects_manager.o
                0x08006d00                bn::hblank_effects_manager::update()
 .text._ZN2bn22hblank_effects_manager4initEv
                0x08006eec       0xd4 bn_hblank_effects_manager.o
                0x08006eec                bn::hblank_effects_manager::init()
 .text.startup._GLOBAL__sub_I__ZN2bn4hbes10used_countEv
                0x08006fc0       0xfc bn_hblank_effects_manager.o
 .text.exit._GLOBAL__sub_D__ZN2bn4hbes10used_countEv
                0x080070bc       0x3c bn_hblank_effects_manager.o
 .text._ZN2bn12hdma_manager7disableEv
                0x080070f8       0x30 bn_hdma_manager.o
                0x080070f8                bn::hdma_manager::disable()
 .text._ZN2bn12hdma_manager10force_stopEv
                0x08007128       0x3c bn_hdma_manager.o
                0x08007128                bn::hdma_manager::force_stop()
 .text._ZN2bn12hdma_manager6updateEv
                0x08007164       0x6c bn_hdma_manager.o
                0x08007164                bn::hdma_manager::update()
 .text._ZN2bn12hdma_manager6commitEb
                0x080071d0      0x118 bn_hdma_manager.o
                0x080071d0                bn::hdma_manager::commit(bool)
 .text.startup._GLOBAL__sub_I__ZN2bn4hdma7runningEv
                0x080072e8       0x34 bn_hdma_manager.o
 .text._ZN2bn6keypad9a_pressedEv
                0x0800731c       0x10 bn_keypad_manager.o
                0x0800731c                bn::keypad::a_pressed()
 .text._ZN2bn6keypad9b_pressedEv
                0x0800732c       0x10 bn_keypad_manager.o
                0x0800732c                bn::keypad::b_pressed()
 .text._ZN2bn14keypad_manager4stopEv
                0x0800733c        0x4 bn_keypad_manager.o
                0x0800733c                bn::keypad_manager::stop()
 .text._ZN3_bn6assert9show_argsIJA19_ciA4_ciEEEvPKcS5_S5_iDpRKT_
                0x08007340       0x6c bn_keypad_manager.o
                0x08007340                void _bn::assert::show_args<char [19], int, char [4], int>(char const*, char const*, char const*, int, char const (&) [19], int const&, char const (&) [4], int const&)
 .text._ZN2bn14keypad_manager6updateEv
                0x080073ac       0xa8 bn_keypad_manager.o
                0x080073ac                bn::keypad_manager::update()
 .text._ZN3_bn6assert9show_argsIA24_ciEEvPKcS4_S4_iRKT_RKT0_
                0x08007454       0x58 bn_keypad_manager.o
                0x08007454                void _bn::assert::show_args<char [24], int>(char const*, char const*, char const*, int, char const (&) [24], int const&)
 .text._ZN2bn14keypad_manager4initERKNS_11string_viewE
                0x080074ac       0x58 bn_keypad_manager.o
                0x080074ac                bn::keypad_manager::init(bn::string_view const&)
 .text._ZN3_bn6assert9show_argsIA16_cEEvPKcS4_S4_iRKT_
                0x08007504       0x50 bn_keypad_manager.o
                0x08007504                void _bn::assert::show_args<char [16]>(char const*, char const*, char const*, int, char const (&) [16])
 .text._ZN2bn12link_manager4initEv
                0x08007554        0xc bn_link_manager.o
                0x08007554                bn::link_manager::init()
 .text._ZN2bn12link_manager6activeEv
                0x08007560        0xc bn_link_manager.o
                0x08007560                bn::link_manager::active()
 .text._ZN2bn12link_manager7disableEv
                0x0800756c       0x18 bn_link_manager.o
                0x0800756c                bn::link_manager::disable()
 .text._ZN2bn3logERKNS_12istring_baseE
                0x08007584        0xc bn_log.o
                0x08007584                bn::log(bn::istring_base const&)
 .text._ZdlPvj  0x08007590       0x18 bn_memory_manager.o
                0x08007590                operator delete(void*, unsigned int)
 .text._ZN2bn14memory_manager4initEv
                0x080075a8       0x20 bn_memory_manager.o
                0x080075a8                bn::memory_manager::init()
 .text.exit._GLOBAL__sub_D__Znwj
                0x080075c8       0x14 bn_memory_manager.o
 .text._ZN2bn2hw8palettes9grayscaleEPKNS_5colorEiiPS2_.part.0
                0x080075dc       0x40 bn_palettes_manager.o
 .text._ZN2bn14bg_palette_ptrC2ERKS0_
                0x0800761c       0x2c bn_palettes_manager.o
                0x0800761c                bn::bg_palette_ptr::bg_palette_ptr(bn::bg_palette_ptr const&)
                0x0800761c                bn::bg_palette_ptr::bg_palette_ptr(bn::bg_palette_ptr const&)
 .text._ZNK2bn14bg_palette_ptr3bppEv
                0x08007648       0x20 bn_palettes_manager.o
                0x08007648                bn::bg_palette_ptr::bpp() const
 .text._ZNK2bn18sprite_palette_ptr3bppEv
                0x08007668       0x1c bn_palettes_manager.o
                0x08007668                bn::sprite_palette_ptr::bpp() const
 .text._ZNK2bn13palettes_bank10log_statusEv
                0x08007684      0x178 bn_palettes_manager.o
                0x08007684                bn::palettes_bank::log_status() const
 .text._ZNK2bn13palettes_bank20retrieve_commit_dataEv
                0x080077fc       0x4c bn_palettes_manager.o
                0x080077fc                bn::palettes_bank::retrieve_commit_data() const
 .text._ZNK2bn13palettes_bank12_same_colorsERKNS_4spanIKNS_5colorEEEi
                0x08007848       0x50 bn_palettes_manager.o
                0x08007848                bn::palettes_bank::_same_colors(bn::span<bn::color const> const&, int) const
 .text._ZN2bn13palettes_bank10find_bpp_4ERKNS_4spanIKNS_5colorEEEt
                0x08007898       0xdc bn_palettes_manager.o
                0x08007898                bn::palettes_bank::find_bpp_4(bn::span<bn::color const> const&, unsigned short)
 .text._ZNK2bn13palettes_bank21_apply_global_effectsEiPNS_5colorE
                0x08007974      0x13c bn_palettes_manager.o
                0x08007974                bn::palettes_bank::_apply_global_effects(int, bn::color*) const
 .text._ZNK2bn13palettes_bank25fill_hblank_effect_colorsEPKNS_5colorEPt
                0x08007ab0       0x30 bn_palettes_manager.o
                0x08007ab0                bn::palettes_bank::fill_hblank_effect_colors(bn::color const*, unsigned short*) const
 .text._ZNK2bn13palettes_bank7palette13apply_effectsEiPNS_5colorE
                0x08007ae0       0xbc bn_palettes_manager.o
                0x08007ae0                bn::palettes_bank::palette::apply_effects(int, bn::color*) const
 .text._ZNK2bn13palettes_bank25fill_hblank_effect_colorsEiPKNS_5colorEPt
                0x08007b9c       0x44 bn_palettes_manager.o
                0x08007b9c                bn::palettes_bank::fill_hblank_effect_colors(int, bn::color const*, unsigned short*) const
 .text._ZN2bn13palettes_bank15_update_paletteEi
                0x08007be0       0x6c bn_palettes_manager.o
                0x08007be0                bn::palettes_bank::_update_palette(int)
 .text._ZN2bn13palettes_bank6updateEv
                0x08007c4c      0x124 bn_palettes_manager.o
                0x08007c4c                bn::palettes_bank::update()
 .text._ZN2bn13palettes_bankC2Ev
                0x08007d70       0xcc bn_palettes_manager.o
                0x08007d70                bn::palettes_bank::palettes_bank()
                0x08007d70                bn::palettes_bank::palettes_bank()
 .text._ZN2bn16palettes_manager20sprite_palettes_bankEv
                0x08007e3c        0x8 bn_palettes_manager.o
                0x08007e3c                bn::palettes_manager::sprite_palettes_bank()
 .text._ZN2bn16palettes_manager16bg_palettes_bankEv
                0x08007e44        0x8 bn_palettes_manager.o
                0x08007e44                bn::palettes_manager::bg_palettes_bank()
 .text._ZN2bn16palettes_manager6updateEv
                0x08007e4c       0x20 bn_palettes_manager.o
                0x08007e4c                bn::palettes_manager::update()
 .text._ZN2bn16palettes_manager6commitEb
                0x08007e6c       0xf4 bn_palettes_manager.o
                0x08007e6c                bn::palettes_manager::commit(bool)
 .text._ZN2bn16palettes_manager4stopEv
                0x08007f60       0x20 bn_palettes_manager.o
                0x08007f60                bn::palettes_manager::stop()
 .text._ZN3_bn6assert9show_argsIA35_cEEvPKcS4_S4_iRKT_
                0x08007f80       0x50 bn_palettes_manager.o
                0x08007f80                void _bn::assert::show_args<char [35]>(char const*, char const*, char const*, int, char const (&) [35])
 .text._ZN2bn13palettes_bank11colors_hashERKNS_4spanIKNS_5colorEEE
                0x08007fd0       0x50 bn_palettes_manager.o
                0x08007fd0                bn::palettes_bank::colors_hash(bn::span<bn::color const> const&)
 .text._ZN3_bn6assert9show_argsIJA43_ciA36_cA42_cEEEvPKcS6_S6_iDpRKT_
                0x08008020       0x68 bn_palettes_manager.o
                0x08008020                void _bn::assert::show_args<char [43], int, char [36], char [42]>(char const*, char const*, char const*, int, char const (&) [43], int const&, char const (&) [36], char const (&) [42])
 .text._ZN2bn13palettes_bank12create_bpp_8ERKNS_4spanIKNS_5colorEEENS_16compression_typeEb
                0x08008088      0x22c bn_palettes_manager.o
                0x08008088                bn::palettes_bank::create_bpp_8(bn::span<bn::color const> const&, bn::compression_type, bool)
 .text._ZNK2bn19sprite_palette_item10decompressENS_4spanINS_5colorEEE
                0x080082b4      0x16c bn_palettes_manager.o
                0x080082b4                bn::sprite_palette_item::decompress(bn::span<bn::color>) const
 .text._ZN2bn13palettes_bank12create_bpp_4ERKNS_4spanIKNS_5colorEEEtb
                0x08008420      0x298 bn_palettes_manager.o
                0x08008420                bn::palettes_bank::create_bpp_4(bn::span<bn::color const> const&, unsigned short, bool)
 .text._ZN2bn12_GLOBAL__N_112_create_implERKNS_19sprite_palette_itemEb
                0x080086b8       0x7c bn_palettes_manager.o
 .text._ZNK2bn19sprite_palette_item14create_paletteEv
                0x08008734       0x48 bn_palettes_manager.o
                0x08008734                bn::sprite_palette_item::create_palette() const
 .text._ZN2bn14iunordered_mapItsNS_13palettes_bank15identity_hasherENS_8equal_toItEEE5eraseERKNS5_14const_iteratorE.isra.0
                0x0800877c      0x170 bn_palettes_manager.o
 .text._ZN2bn13palettes_bank15decrease_usagesEi.part.0
                0x080088ec       0xdc bn_palettes_manager.o
 .text._ZN2bn14bg_palette_ptrD2Ev
                0x080089c8       0x3c bn_palettes_manager.o
                0x080089c8                bn::bg_palette_ptr::~bg_palette_ptr()
                0x080089c8                bn::bg_palette_ptr::~bg_palette_ptr()
 .text._ZN2bn18sprite_palette_ptrD2Ev
                0x08008a04       0x30 bn_palettes_manager.o
                0x08008a04                bn::sprite_palette_ptr::~sprite_palette_ptr()
                0x08008a04                bn::sprite_palette_ptr::~sprite_palette_ptr()
 .text._ZN2bn14bg_palette_ptraSERKS0_
                0x08008a34       0x5c bn_palettes_manager.o
                0x08008a34                bn::bg_palette_ptr::operator=(bn::bg_palette_ptr const&)
 .text.startup._GLOBAL__sub_I__ZN2bn11bg_palettes17used_colors_countEv
                0x08008a90       0x20 bn_palettes_manager.o
 .text._ZNK2bn21sprite_affine_mat_ptr15horizontal_flipEv
                0x08008ab0       0x18 bn_sprite_affine_mats_manager.o
                0x08008ab0                bn::sprite_affine_mat_ptr::horizontal_flip() const
 .text._ZNK2bn21sprite_affine_mat_ptr13vertical_flipEv
                0x08008ac8       0x18 bn_sprite_affine_mats_manager.o
                0x08008ac8                bn::sprite_affine_mat_ptr::vertical_flip() const
 .text._ZN2bn26sprite_affine_mats_manager20retrieve_commit_dataEv
                0x08008ae0       0x38 bn_sprite_affine_mats_manager.o
                0x08008ae0                bn::sprite_affine_mats_manager::retrieve_commit_data()
 .text._ZN3_bn6assert9show_argsIA37_cEEvPKcS4_S4_iRKT_
                0x08008b18       0x50 bn_sprite_affine_mats_manager.o
                0x08008b18                void _bn::assert::show_args<char [37]>(char const*, char const*, char const*, int, char const (&) [37])
 .text._ZN2bn26sprite_affine_mats_manager15decrease_usagesEi.part.0
                0x08008b68       0x68 bn_sprite_affine_mats_manager.o
 .text._ZN2bn21sprite_affine_mat_ptrD2Ev
                0x08008bd0       0x34 bn_sprite_affine_mats_manager.o
                0x08008bd0                bn::sprite_affine_mat_ptr::~sprite_affine_mat_ptr()
                0x08008bd0                bn::sprite_affine_mat_ptr::~sprite_affine_mat_ptr()
 .text._ZN2bn26sprite_affine_mats_manager6updateEv
                0x08008c04       0xa0 bn_sprite_affine_mats_manager.o
                0x08008c04                bn::sprite_affine_mats_manager::update()
 .text._ZN2bn26sprite_affine_mats_manager4initEPv
                0x08008ca4       0x6c bn_sprite_affine_mats_manager.o
                0x08008ca4                bn::sprite_affine_mats_manager::init(void*)
 .text._ZN2bn26sprite_affine_mats_manager14dettach_spriteEiRNS_24intrusive_list_node_typeE
                0x08008d10       0x50 bn_sprite_affine_mats_manager.o
                0x08008d10                bn::sprite_affine_mats_manager::dettach_sprite(int, bn::intrusive_list_node_type&)
 .text.startup._GLOBAL__sub_I__ZN2bn18sprite_affine_mats10used_countEv
                0x08008d60       0x98 bn_sprite_affine_mats_manager.o
 .text.exit._GLOBAL__sub_D__ZN2bn18sprite_affine_mats10used_countEv
                0x08008df8       0x3c bn_sprite_affine_mats_manager.o
 .text._ZN2bn22isprite_animate_action9_set_refsERNS_10sprite_ptrERNS_17sprite_tiles_itemERNS_7ivectorItEE
                0x08008e34        0x4 bn_sprite_animate_actions.o
                0x08008e34                bn::isprite_animate_action::_set_refs(bn::sprite_ptr&, bn::sprite_tiles_item&, bn::ivector<unsigned short>&)
 .text._ZN2bn22isprite_animate_action7_assignERKS0_
                0x08008e38       0x10 bn_sprite_animate_actions.o
                0x08008e38                bn::isprite_animate_action::_assign(bn::isprite_animate_action const&)
 .text._ZN2bn22isprite_animate_action16set_wait_updatesEi
                0x08008e48       0x68 bn_sprite_animate_actions.o
                0x08008e48                bn::isprite_animate_action::set_wait_updates(int)
 .text._ZN3_bn6assert9show_argsIA33_ciEEvPKcS4_S4_iRKT_RKT0_
                0x08008eb0       0x58 bn_sprite_animate_actions.o
                0x08008eb0                void _bn::assert::show_args<char [33], int>(char const*, char const*, char const*, int, char const (&) [33], int const&)
 .text._ZN2bn22isprite_animate_action24_assign_graphics_indexesERKNS_4spanIKtEE
                0x08008f08       0x84 bn_sprite_animate_actions.o
                0x08008f08                bn::isprite_animate_action::_assign_graphics_indexes(bn::span<unsigned short const> const&)
 .text._ZN2bn22isprite_animate_action6updateEv
                0x08008f8c       0xb8 bn_sprite_animate_actions.o
                0x08008f8c                bn::isprite_animate_action::update()
 .text._ZN2bn21sprite_text_generator5_initEv
                0x08009044      0x17c bn_sprite_text_generator.o
                0x08009044                bn::sprite_text_generator::_init()
 .text._ZN2bn21sprite_text_generatorC2ERKNS_11sprite_fontE
                0x080091c0       0x2c bn_sprite_text_generator.o
                0x080091c0                bn::sprite_text_generator::sprite_text_generator(bn::sprite_font const&)
                0x080091c0                bn::sprite_text_generator::sprite_text_generator(bn::sprite_font const&)
 .text._ZN3_bn6assert9show_argsIA54_cEEvPKcS4_S4_iRKT_
                0x080091ec       0x50 bn_sprite_text_generator.o
                0x080091ec                void _bn::assert::show_args<char [54]>(char const*, char const*, char const*, int, char const (&) [54])
 .text._ZN3_bn6assert9show_argsIJA25_ciA4_ctEEEvPKcS5_S5_iDpRKT_
                0x0800923c       0x6c bn_sprite_text_generator.o
                0x0800923c                void _bn::assert::show_args<char [25], int, char [4], unsigned short>(char const*, char const*, char const*, int, char const (&) [25], int const&, char const (&) [4], unsigned short const&)
 .text._ZNK2bn16sprite_tiles_ptr2idEv
                0x080092a8       0x18 bn_sprite_tiles_manager.o
                0x080092a8                bn::sprite_tiles_ptr::id() const
 .text._ZNK2bn16sprite_tiles_ptr11tiles_countEv
                0x080092c0       0x18 bn_sprite_tiles_manager.o
                0x080092c0                bn::sprite_tiles_ptr::tiles_count() const
 .text._ZN2bn20sprite_tiles_manager10log_statusEv
                0x080092d8      0x1ec bn_sprite_tiles_manager.o
                0x080092d8                bn::sprite_tiles_manager::log_status()
 .text._ZN2bn20sprite_tiles_manager19commit_uncompressedEb
                0x080094c4       0xdc bn_sprite_tiles_manager.o
                0x080094c4                bn::sprite_tiles_manager::commit_uncompressed(bool)
 .text._ZN2bn20sprite_tiles_manager17commit_compressedEv
                0x080095a0       0xe4 bn_sprite_tiles_manager.o
                0x080095a0                bn::sprite_tiles_manager::commit_compressed()
 .text._ZN3_bn6assert9show_argsIJA44_cPKN2bn4tileEA4_cS6_EEEvPKcS9_S9_iDpRKT_
                0x08009684       0x6c bn_sprite_tiles_manager.o
                0x08009684                void _bn::assert::show_args<char [44], bn::tile const*, char [4], bn::tile const*>(char const*, char const*, char const*, int, char const (&) [44], bn::tile const* const&, char const (&) [4], bn::tile const* const&)
 .text._ZN3_bn6assert9show_argsIJA46_ciA4_cjEEEvPKcS5_S5_iDpRKT_
                0x080096f0       0x6c bn_sprite_tiles_manager.o
                0x080096f0                void _bn::assert::show_args<char [46], int, char [4], unsigned int>(char const*, char const*, char const*, int, char const (&) [46], int const&, char const (&) [4], unsigned int const&)
 .text._ZN3_bn6assert9show_argsIJA28_cA15_cPKN2bn4tileEA16_ciA34_cNS4_11string_viewEEEEvPKcSC_SC_iDpRKT_
                0x0800975c       0x84 bn_sprite_tiles_manager.o
                0x0800975c                void _bn::assert::show_args<char [28], char [15], bn::tile const*, char [16], int, char [34], bn::string_view>(char const*, char const*, char const*, int, char const (&) [28], char const (&) [15], bn::tile const* const&, char const (&) [16], int const&, char const (&) [34], bn::string_view const&)
 .text._ZN3_bn6assert9show_argsIA53_cEEvPKcS4_S4_iRKT_
                0x080097e0       0x50 bn_sprite_tiles_manager.o
                0x080097e0                void _bn::assert::show_args<char [53]>(char const*, char const*, char const*, int, char const (&) [53])
 .text._ZN3_bn6assert9show_argsIJA32_cA15_cPKN2bn4tileEA16_ciA34_cNS4_11string_viewEEEEvPKcSC_SC_iDpRKT_
                0x08009830       0x84 bn_sprite_tiles_manager.o
                0x08009830                void _bn::assert::show_args<char [32], char [15], bn::tile const*, char [16], int, char [34], bn::string_view>(char const*, char const*, char const*, int, char const (&) [32], char const (&) [15], bn::tile const* const&, char const (&) [16], int const&, char const (&) [34], bn::string_view const&)
 .text._ZN2bn20sprite_tiles_manager4initEv
                0x080098b4       0xf4 bn_sprite_tiles_manager.o
                0x080098b4                bn::sprite_tiles_manager::init()
 .text._ZN2bn20sprite_tiles_manager12_GLOBAL__N_122_insert_to_commit_itemEiRNS1_9item_typeE.part.0
                0x080099a8       0x6c bn_sprite_tiles_manager.o
 .text._ZN2bn20sprite_tiles_manager12_GLOBAL__N_117_insert_free_itemEiPt
                0x08009a14       0xcc bn_sprite_tiles_manager.o
 .text._ZN2bn20sprite_tiles_manager12_GLOBAL__N_116_erase_free_itemEi
                0x08009ae0       0xe4 bn_sprite_tiles_manager.o
 .text._ZN2bn20sprite_tiles_manager12_GLOBAL__N_121_erase_to_commit_itemEiRNS1_9item_typeE
                0x08009bc4      0x100 bn_sprite_tiles_manager.o
 .text._ZN2bn20sprite_tiles_manager15decrease_usagesEi
                0x08009cc4      0x134 bn_sprite_tiles_manager.o
                0x08009cc4                bn::sprite_tiles_manager::decrease_usages(int)
 .text._ZN2bn16sprite_tiles_ptrD2Ev
                0x08009df8       0x18 bn_sprite_tiles_manager.o
                0x08009df8                bn::sprite_tiles_ptr::~sprite_tiles_ptr()
                0x08009df8                bn::sprite_tiles_ptr::~sprite_tiles_ptr()
 .text._ZN2bn20sprite_tiles_manager12_GLOBAL__N_110_find_implEPKNS_4tileENS_16compression_typeEi
                0x08009e10      0x28c bn_sprite_tiles_manager.o
 .text._ZNK2bn17sprite_tiles_item10find_tilesEi
                0x0800a09c       0xe0 bn_sprite_tiles_manager.o
                0x0800a09c                bn::sprite_tiles_item::find_tiles(int) const
 .text._ZN2bn14iunordered_mapIPKNS_4tileEiNS_4hashIS3_EENS_8equal_toIS3_EEE5eraseERKNS8_14const_iteratorE.isra.0
                0x0800a17c      0x178 bn_sprite_tiles_manager.o
 .text._ZN2bn20sprite_tiles_manager12_GLOBAL__N_112_create_itemEiPKNS_4tileENS_16compression_typeEib
                0x0800a2f4      0x2ec bn_sprite_tiles_manager.o
 .text._ZN2bn20sprite_tiles_manager6updateEv
                0x0800a5e0      0x234 bn_sprite_tiles_manager.o
                0x0800a5e0                bn::sprite_tiles_manager::update()
 .text._ZN2bn20sprite_tiles_manager12_GLOBAL__N_112_create_implEPKNS_4tileENS_16compression_typeEi
                0x0800a814      0x200 bn_sprite_tiles_manager.o
 .text._ZN2bn20sprite_tiles_manager10create_newERKNS_4spanIKNS_4tileEEENS_16compression_typeE
                0x0800aa14      0x18c bn_sprite_tiles_manager.o
                0x0800aa14                bn::sprite_tiles_manager::create_new(bn::span<bn::tile const> const&, bn::compression_type)
 .text._ZNK2bn17sprite_tiles_item16create_new_tilesEi
                0x0800aba0       0xd4 bn_sprite_tiles_manager.o
                0x0800aba0                bn::sprite_tiles_item::create_new_tiles(int) const
 .text._ZN2bn20sprite_tiles_manager6createERKNS_4spanIKNS_4tileEEENS_16compression_typeE
                0x0800ac74      0x13c bn_sprite_tiles_manager.o
                0x0800ac74                bn::sprite_tiles_manager::create(bn::span<bn::tile const> const&, bn::compression_type)
 .text._ZNK2bn17sprite_tiles_item12create_tilesEv
                0x0800adb0       0x84 bn_sprite_tiles_manager.o
                0x0800adb0                bn::sprite_tiles_item::create_tiles() const
 .text.startup._GLOBAL__sub_I__ZN2bn12sprite_tiles16used_tiles_countEv
                0x0800ae34      0x11c bn_sprite_tiles_manager.o
 .text._ZN2bn15sprites_manager12_GLOBAL__N_125_update_indexes_to_commitERKNS_20sprites_manager_itemE
                0x0800af50       0x48 bn_sprites_manager.o
 .text._ZN2bn13ostringstream11append_argsIiJA4_ciEEEvRKT_DpRKT0_.isra.0
                0x0800af98       0x24 bn_sprites_manager.o
 .text._ZN2bn15sprites_manager12_GLOBAL__N_123_update_item_dimensionsERNS_20sprites_manager_itemE
                0x0800afbc       0xcc bn_sprites_manager.o
 .text._ZN2bn10sprite_ptrC2ERKS0_
                0x0800b088        0xc bn_sprites_manager.o
                0x0800b088                bn::sprite_ptr::sprite_ptr(bn::sprite_ptr const&)
                0x0800b088                bn::sprite_ptr::sprite_ptr(bn::sprite_ptr const&)
 .text._ZNK2bn10sprite_ptr1xEv
                0x0800b094        0x8 bn_sprites_manager.o
                0x0800b094                bn::sprite_ptr::x() const
 .text._ZNK2bn10sprite_ptr1yEv
                0x0800b09c        0x8 bn_sprites_manager.o
                0x0800b09c                bn::sprite_ptr::y() const
 .text._ZN2bn10sprite_ptr5set_yENS_7fixed_tILi12EEE
                0x0800b0a4       0x44 bn_sprites_manager.o
                0x0800b0a4                bn::sprite_ptr::set_y(bn::fixed_t<12>)
 .text._ZN2bn15sprites_manager4initEv
                0x0800b0e8       0x34 bn_sprites_manager.o
                0x0800b0e8                bn::sprites_manager::init()
 .text._ZN2bn15sprites_manager5hw_idEPv
                0x0800b11c        0x8 bn_sprites_manager.o
                0x0800b11c                bn::sprites_manager::hw_id(void*)
 .text._ZN2bn15sprites_manager5shapeEPv
                0x0800b124        0x8 bn_sprites_manager.o
                0x0800b124                bn::sprites_manager::shape(void*)
 .text._ZN2bn15sprites_manager4sizeEPv
                0x0800b12c        0x8 bn_sprites_manager.o
                0x0800b12c                bn::sprites_manager::size(void*)
 .text._ZN2bn15sprites_manager10shape_sizeEPv
                0x0800b134       0x14 bn_sprites_manager.o
                0x0800b134                bn::sprites_manager::shape_size(void*)
 .text._ZN2bn15sprites_manager11hw_positionEPv
                0x0800b148        0x4 bn_sprites_manager.o
                0x0800b148                bn::sprites_manager::hw_position(void*)
 .text._ZN2bn15sprites_manager9view_modeEPv
                0x0800b14c        0xc bn_sprites_manager.o
                0x0800b14c                bn::sprites_manager::view_mode(void*)
 .text._ZN2bn15sprites_manager10affine_matEPv
                0x0800b158        0x4 bn_sprites_manager.o
                0x0800b158                bn::sprites_manager::affine_mat(void*)
 .text._ZN2bn15sprites_manager39fill_hblank_effect_horizontal_positionsEPviPKNS_7fixed_tILi12EEEPt
                0x0800b15c       0x44 bn_sprites_manager.o
                0x0800b15c                bn::sprites_manager::fill_hblank_effect_horizontal_positions(void*, int, bn::fixed_t<12> const*, unsigned short*)
 .text._ZN2bn15sprites_manager37fill_hblank_effect_vertical_positionsEPviPKNS_7fixed_tILi12EEEPt
                0x0800b1a0       0x44 bn_sprites_manager.o
                0x0800b1a0                bn::sprites_manager::fill_hblank_effect_vertical_positions(void*, int, bn::fixed_t<12> const*, unsigned short*)
 .text._ZN2bn15sprites_manager35fill_hblank_effect_first_attributesEiNS_12sprite_shapeENS_8bpp_modeEiPKNS_23sprite_first_attributesEPt
                0x0800b1e4      0x108 bn_sprites_manager.o
                0x0800b1e4                bn::sprites_manager::fill_hblank_effect_first_attributes(int, bn::sprite_shape, bn::bpp_mode, int, bn::sprite_first_attributes const*, unsigned short*)
 .text._ZN2bn15sprites_manager44fill_hblank_effect_regular_second_attributesEPviNS_11sprite_sizeEPKNS_32sprite_regular_second_attributesEPt
                0x0800b2ec       0x60 bn_sprites_manager.o
                0x0800b2ec                bn::sprites_manager::fill_hblank_effect_regular_second_attributes(void*, int, bn::sprite_size, bn::sprite_regular_second_attributes const*, unsigned short*)
 .text._ZN2bn15sprites_manager43fill_hblank_effect_affine_second_attributesEPviNS_11sprite_sizeEPKNS_31sprite_affine_second_attributesEPt
                0x0800b34c       0x58 bn_sprites_manager.o
                0x0800b34c                bn::sprites_manager::fill_hblank_effect_affine_second_attributes(void*, int, bn::sprite_size, bn::sprite_affine_second_attributes const*, unsigned short*)
 .text._ZN2bn15sprites_manager14update_camerasEv
                0x0800b3a4       0x2c bn_sprites_manager.o
                0x0800b3a4                bn::sprites_manager::update_cameras()
 .text._ZN2bn15sprites_manager6commitEb
                0x0800b3d0       0xa4 bn_sprites_manager.o
                0x0800b3d0                bn::sprites_manager::commit(bool)
 .text._ZNK2bn17sprite_shape_size11tiles_countENS_8bpp_modeE.isra.0
                0x0800b474      0x14c bn_sprites_manager.o
 .text._ZN2bn15sprites_manager12_GLOBAL__N_118_remove_affine_matERNS_20sprites_manager_itemE
                0x0800b5c0       0xd4 bn_sprites_manager.o
 .text._ZN2bn15sprites_manager40remove_identity_affine_mat_if_not_neededEPv
                0x0800b694       0x18 bn_sprites_manager.o
                0x0800b694                bn::sprites_manager::remove_identity_affine_mat_if_not_needed(void*)
 .text._ZN2bn15sprites_manager7paletteEPv
                0x0800b6ac       0x34 bn_sprites_manager.o
                0x0800b6ac                bn::sprites_manager::palette(void*)
 .text._ZN2bn15sprites_manager9set_tilesEPvONS_16sprite_tiles_ptrE
                0x0800b6e0      0x124 bn_sprites_manager.o
                0x0800b6e0                bn::sprites_manager::set_tiles(void*, bn::sprite_tiles_ptr&&)
 .text._ZN2bn10sprite_ptr9set_tilesERKNS_17sprite_tiles_itemEi
                0x0800b804       0x80 bn_sprites_manager.o
                0x0800b804                bn::sprite_ptr::set_tiles(bn::sprite_tiles_item const&, int)
 .text._ZN2bn15sprites_manager6updateEv
                0x0800b884      0x17c bn_sprites_manager.o
                0x0800b884                bn::sprites_manager::update()
 .text._ZN3_bn6assert9show_argsIJA27_ciA4_ciEEEvPKcS5_S5_iDpRKT_
                0x0800ba00       0x5c bn_sprites_manager.o
                0x0800ba00                void _bn::assert::show_args<char [27], int, char [4], int>(char const*, char const*, char const*, int, char const (&) [27], int const&, char const (&) [4], int const&)
 .text._ZN2bn15sprites_manager35fill_hblank_effect_third_attributesENS_17sprite_shape_sizeEPKNS_23sprite_third_attributesEPt
                0x0800ba5c       0xc8 bn_sprites_manager.o
                0x0800ba5c                bn::sprites_manager::fill_hblank_effect_third_attributes(bn::sprite_shape_size, bn::sprite_third_attributes const*, unsigned short*)
 .text._ZN2bn14sorted_sprites6sorter6insertERNS_20sprites_manager_itemE
                0x0800bb24      0x170 bn_sprites_manager.o
                0x0800bb24                bn::sorted_sprites::sorter::insert(bn::sprites_manager_item&)
 .text._ZN2bn15sprites_manager6createERKNS_11fixed_pointERKNS_17sprite_shape_sizeEONS_16sprite_tiles_ptrEONS_18sprite_palette_ptrE
                0x0800bc94      0x1dc bn_sprites_manager.o
                0x0800bc94                bn::sprites_manager::create(bn::fixed_point const&, bn::sprite_shape_size const&, bn::sprite_tiles_ptr&&, bn::sprite_palette_ptr&&)
 .text._ZNK2bn11sprite_item13create_spriteENS_7fixed_tILi12EEES2_
                0x0800be70       0x44 bn_sprites_manager.o
                0x0800be70                bn::sprite_item::create_sprite(bn::fixed_t<12>, bn::fixed_t<12>) const
 .text._ZN2bn15sprites_manager15set_bg_priorityEPvi
                0x0800beb4      0x148 bn_sprites_manager.o
                0x0800beb4                bn::sprites_manager::set_bg_priority(void*, int)
 .text._ZN2bn10sprite_ptr15set_bg_priorityEi
                0x0800bffc       0x10 bn_sprites_manager.o
                0x0800bffc                bn::sprite_ptr::set_bg_priority(int)
 .text._ZN2bn15sprites_manager15decrease_usagesEPv
                0x0800c00c      0x17c bn_sprites_manager.o
                0x0800c00c                bn::sprites_manager::decrease_usages(void*)
 .text._ZN2bn10sprite_ptrD2Ev
                0x0800c188       0x18 bn_sprites_manager.o
                0x0800c188                bn::sprite_ptr::~sprite_ptr()
                0x0800c188                bn::sprite_ptr::~sprite_ptr()
 .text.startup._GLOBAL__sub_I__ZN2bn7sprites16used_items_countEv
                0x0800c1a0       0x9c bn_sprites_manager.o
 .text.exit._GLOBAL__sub_D__ZN2bn7sprites16used_items_countEv
                0x0800c23c       0x4c bn_sprites_manager.o
 .text._ZN2bn13ostringstreamC2ERNS_12istring_baseE
                0x0800c288        0x8 bn_sstream.o
                0x0800c288                bn::ostringstream::ostringstream(bn::istring_base&)
                0x0800c288                bn::ostringstream::ostringstream(bn::istring_base&)
 .text._ZN2bn13ostringstream6appendEPKc
                0x0800c290       0x94 bn_sstream.o
                0x0800c290                bn::ostringstream::append(char const*)
 .text._ZN2bn13ostringstream6appendEi
                0x0800c324       0xa8 bn_sstream.o
                0x0800c324                bn::ostringstream::append(int)
 .text._ZN2bn13ostringstream6appendERKNS_11string_viewE
                0x0800c3cc       0x9c bn_sstream.o
                0x0800c3cc                bn::ostringstream::append(bn::string_view const&)
 .text._ZN2bn13ostringstream6appendEj
                0x0800c468       0xa8 bn_sstream.o
                0x0800c468                bn::ostringstream::append(unsigned int)
 .text._ZN2bn13ostringstream6appendEPKv
                0x0800c510       0xfc bn_sstream.o
                0x0800c510                bn::ostringstream::append(void const*)
 .text._ZN2bn13ostringstream6appendEc
                0x0800c60c       0x44 bn_sstream.o
                0x0800c60c                bn::ostringstream::append(char)
 .text._ZN2bn5timerC2Ev
                0x0800c650       0x18 bn_timer.o
                0x0800c650                bn::timer::timer()
                0x0800c650                bn::timer::timer()
 .text._ZNK2bn5timer13elapsed_ticksEv
                0x0800c668       0x38 bn_timer.o
                0x0800c668                bn::timer::elapsed_ticks() const
 .text._ZN2bn5timer7restartEv
                0x0800c6a0       0x18 bn_timer.o
                0x0800c6a0                bn::timer::restart()
 .text._ZN2bn2hw5audio12_GLOBAL__N_124_disabled_vblank_handlerEv
                0x0800c6b8       0x10 bn_hw_audio.bn_noflto.o
 .text._ZN2bn2hw5audio12_GLOBAL__N_17_commitEv
                0x0800c6c8       0x7c bn_hw_audio.bn_noflto.o
 .text._ZN2bn2hw5audio12_GLOBAL__N_123_enabled_vblank_handlerEv
                0x0800c744       0x24 bn_hw_audio.bn_noflto.o
 .text._ZN2bn2hw5audio4initEv
                0x0800c768       0x68 bn_hw_audio.bn_noflto.o
                0x0800c768                bn::hw::audio::init()
 .text._ZN2bn2hw5audio7disableEv
                0x0800c7d0       0x30 bn_hw_audio.bn_noflto.o
                0x0800c7d0                bn::hw::audio::disable()
 .text._ZN2bn2hw5audio13music_playingEv
                0x0800c800       0x10 bn_hw_audio.bn_noflto.o
                0x0800c800                bn::hw::audio::music_playing()
 .text._ZN2bn2hw5audio10play_musicEib
                0x0800c810       0x24 bn_hw_audio.bn_noflto.o
                0x0800c810                bn::hw::audio::play_music(int, bool)
 .text._ZN2bn2hw5audio10stop_musicEv
                0x0800c834        0xc bn_hw_audio.bn_noflto.o
                0x0800c834                bn::hw::audio::stop_music()
 .text._ZN2bn2hw5audio11pause_musicEv
                0x0800c840        0xc bn_hw_audio.bn_noflto.o
                0x0800c840                bn::hw::audio::pause_music()
 .text._ZN2bn2hw5audio12resume_musicEv
                0x0800c84c        0xc bn_hw_audio.bn_noflto.o
                0x0800c84c                bn::hw::audio::resume_music()
 .text._ZN2bn2hw5audio14music_positionEv
                0x0800c858        0xc bn_hw_audio.bn_noflto.o
                0x0800c858                bn::hw::audio::music_position()
 .text._ZN2bn2hw5audio18set_music_positionEi
                0x0800c864        0xc bn_hw_audio.bn_noflto.o
                0x0800c864                bn::hw::audio::set_music_position(int)
 .text._ZN2bn2hw5audio16set_music_volumeEi
                0x0800c870        0xc bn_hw_audio.bn_noflto.o
                0x0800c870                bn::hw::audio::set_music_volume(int)
 .text._ZN2bn2hw5audio15set_music_tempoEi
                0x0800c87c        0xc bn_hw_audio.bn_noflto.o
                0x0800c87c                bn::hw::audio::set_music_tempo(int)
 .text._ZN2bn2hw5audio15set_music_pitchEi
                0x0800c888        0xc bn_hw_audio.bn_noflto.o
                0x0800c888                bn::hw::audio::set_music_pitch(int)
 .text._ZN2bn2hw5audio22disable_vblank_handlerEv
                0x0800c894       0x14 bn_hw_audio.bn_noflto.o
                0x0800c894                bn::hw::audio::disable_vblank_handler()
 .text._ZN2bn2hw5audio6updateEb
                0x0800c8a8       0x18 bn_hw_audio.bn_noflto.o
                0x0800c8a8                bn::hw::audio::update(bool)
 .text._ZN2bn2hw5audio6commitEv
                0x0800c8c0       0x20 bn_hw_audio.bn_noflto.o
                0x0800c8c0                bn::hw::audio::commit()
 .text._ZN2bn2hw5audio12_GLOBAL__N_119_add_sound_to_queueEit
                0x0800c8e0       0xa0 bn_hw_audio.bn_noflto.o
 .text._ZN2bn2hw5audio15stop_all_soundsEv
                0x0800c980       0x6c bn_hw_audio.bn_noflto.o
                0x0800c980                bn::hw::audio::stop_all_sounds()
 .text._ZN2bn2hw5audio12_GLOBAL__N_119_check_sounds_queueEv.part.0
                0x0800c9ec       0x98 bn_hw_audio.bn_noflto.o
 .text._ZN2bn2hw5audio10play_soundEiiiii
                0x0800ca84       0x44 bn_hw_audio.bn_noflto.o
                0x0800ca84                bn::hw::audio::play_sound(int, int, int, int, int)
 .text._ZN2bn2hw5audio10play_soundEii
                0x0800cac8       0x30 bn_hw_audio.bn_noflto.o
                0x0800cac8                bn::hw::audio::play_sound(int, int)
 .text._ZN2bn2hw5audio19update_sounds_queueEv
                0x0800caf8       0x90 bn_hw_audio.bn_noflto.o
                0x0800caf8                bn::hw::audio::update_sounds_queue()
 .text.startup._GLOBAL__sub_I__ZN2bn2hw5audio4initEv
                0x0800cb88       0x30 bn_hw_audio.bn_noflto.o
 .text.exit._GLOBAL__sub_D__ZN2bn2hw5audio4initEv
                0x0800cbb8       0x74 bn_hw_audio.bn_noflto.o
 .text.__cxa_pure_virtual
                0x0800cc2c       0x24 bn_hw_common.bn_noflto.o
                0x0800cc2c                __cxa_pure_virtual
 .text._ZN3_bn6assert9show_argsIA40_cEEvPKcS4_S4_iRKT_
                0x0800cc50       0x50 bn_hw_common.bn_noflto.o
                0x0800cc50                void _bn::assert::show_args<char [40]>(char const*, char const*, char const*, int, char const (&) [40])
 .text.__aeabi_idiv0
                0x0800cca0       0x24 bn_hw_common.bn_noflto.o
                0x0800cca0                __aeabi_idiv0
 .text._ZN2bn2hw8game_pak14_slow_game_pakEv
                0x0800ccc4       0x88 bn_hw_game_pak.bn_ewram.o
                0x0800ccc4                bn::hw::game_pak::_slow_game_pak()
 .text._ZN2bn2hw8game_pak4initEv
                0x0800cd4c       0x28 bn_hw_game_pak.o
                0x0800cd4c                bn::hw::game_pak::init()
 .text._ZN2bn2hw3irq4initEv
                0x0800cd74        0xc bn_hw_irq.o
                0x0800cd74                bn::hw::irq::init()
 .text._ZN2bn2hw3irq7set_isrENS1_2idEPFvvE
                0x0800cd80       0x10 bn_hw_irq.o
                0x0800cd80                bn::hw::irq::set_isr(bn::hw::irq::id, void (*)())
 .text._ZN2bn2hw3irq6enableENS1_2idE
                0x0800cd90       0x10 bn_hw_irq.o
                0x0800cd90                bn::hw::irq::enable(bn::hw::irq::id)
 .text._ZN2bn2hw3irq7disableENS1_2idE
                0x0800cda0       0x10 bn_hw_irq.o
                0x0800cda0                bn::hw::irq::disable(bn::hw::irq::id)
 .text._ZN2bn2hw4link12_GLOBAL__N_119_resetStateCallbackEv
                0x0800cdb0       0x4c bn_hw_link.o
 .text._ZN2bn2hw4link4initEv
                0x0800cdfc       0xc0 bn_hw_link.o
                0x0800cdfc                bn::hw::link::init()
 .text._ZN2bn2hw4link6activeEv
                0x0800cebc       0x10 bn_hw_link.o
                0x0800cebc                bn::hw::link::active()
 .text._ZN2bn2hw4link7disableEv
                0x0800cecc       0x6c bn_hw_link.o
                0x0800cecc                bn::hw::link::disable()
 .text._ZN2bn2hw4link6commitEv
                0x0800cf38       0x30 bn_hw_link.o
                0x0800cf38                bn::hw::link::commit()
 .text._ZN2bn2hw4link11_timer_intrEv
                0x0800cf68       0xf8 bn_hw_link.o
                0x0800cf68                bn::hw::link::_timer_intr()
 .text._ZN2bn2hw4link12_serial_intrEv
                0x0800d060      0x1bc bn_hw_link.o
                0x0800d060                bn::hw::link::_serial_intr()
 .text._ZN2bn2hw4link12_GLOBAL__N_117_sendDataCallbackEv
                0x0800d21c       0xe0 bn_hw_link.o
 .text._ZN2bn2hw4link12_GLOBAL__N_124_receiveResponseCallbackERK12LinkResponse
                0x0800d2fc      0x158 bn_hw_link.o
 .text.startup._GLOBAL__sub_I__ZN2bn2hw4link4initEv
                0x0800d454       0x68 bn_hw_link.o
 .text._ZN2bn2hw3logERKNS_12istring_baseE
                0x0800d4bc       0x58 bn_hw_log.o
                0x0800d4bc                bn::hw::log(bn::istring_base const&)
 .text._ZN2bn2hw6memory4initEv
                0x0800d514        0x4 bn_hw_memory.o
                0x0800d514                bn::hw::memory::init()
 .text._ZN2bn2hw6memory16ewram_heap_startEv
                0x0800d518        0x8 bn_hw_memory.o
                0x0800d518                bn::hw::memory::ewram_heap_start()
 .text._ZN2bn2hw6memory14ewram_heap_endEv
                0x0800d520        0x8 bn_hw_memory.o
                0x0800d520                bn::hw::memory::ewram_heap_end()
 .text._ZN2bn2hw8palettes12_GLOBAL__N_110lut_effectEPKNS_5colorEPKhiPS3_
                0x0800d528       0x40 bn_hw_palettes.o
 .text._ZN2bn2hw8palettes10brightnessEPKNS_5colorEiiPS2_
                0x0800d568       0x54 bn_hw_palettes.o
                0x0800d568                bn::hw::palettes::brightness(bn::color const*, int, int, bn::color*)
 .text._ZN2bn2hw8palettes8contrastEPKNS_5colorEiiPS2_
                0x0800d5bc       0x18 bn_hw_palettes.o
                0x0800d5bc                bn::hw::palettes::contrast(bn::color const*, int, int, bn::color*)
 .text._ZN2bn2hw8palettes9intensityEPKNS_5colorEiiPS2_
                0x0800d5d4       0x18 bn_hw_palettes.o
                0x0800d5d4                bn::hw::palettes::intensity(bn::color const*, int, int, bn::color*)
 .text._ZN2bn2hw8palettes9hue_shiftEPKNS_5colorEiiPS2_
                0x0800d5ec      0x154 bn_hw_palettes.o
                0x0800d5ec                bn::hw::palettes::hue_shift(bn::color const*, int, int, bn::color*)
 .text._ZN2bn2hw8palettes6rotateEPKNS_5colorEiiPS2_
                0x0800d740       0x2c bn_hw_palettes.o
                0x0800d740                bn::hw::palettes::rotate(bn::color const*, int, int, bn::color*)
 .text._ZN2bn2hw4show5errorERKNS_11system_fontERKNS_11string_viewES7_S7_iS7_S7_
                0x0800d76c      0x3bc bn_hw_show.o
                0x0800d76c                bn::hw::show::error(bn::system_font const&, bn::string_view const&, bn::string_view const&, bn::string_view const&, int, bn::string_view const&, bn::string_view const&)
 .text._ZN2bn2hw4sram4initEv
                0x0800db28       0x18 bn_hw_sram.o
                0x0800db28                bn::hw::sram::init()
 .text._ZN2bn11system_fontC2Ev
                0x0800db40       0x18 bn_hw_system_font.o
                0x0800db40                bn::system_font::system_font()
                0x0800db40                bn::system_font::system_font()
 .text._ZNK2bn11system_font8tte_fontEv
                0x0800db58        0x4 bn_hw_system_font.o
                0x0800db58                bn::system_font::tte_font() const
 .text._ZN2bn2hw4text5parseEiRNS_5arrayIcLi32EEE
                0x0800db5c       0xbc bn_hw_text.o
                0x0800db5c                bn::hw::text::parse(int, bn::array<char, 32>&)
 .text._ZN2bn2hw4text5parseEjRNS_5arrayIcLi32EEE
                0x0800dc18       0xa0 bn_hw_text.o
                0x0800dc18                bn::hw::text::parse(unsigned int, bn::array<char, 32>&)
 .text._ZN2bn2hw4text5parseEPKvRNS_5arrayIcLi32EEE
                0x0800dcb8       0x30 bn_hw_text.o
                0x0800dcb8                bn::hw::text::parse(void const*, bn::array<char, 32>&)
 .text.clr_grayscale
                0x0800dce8       0x7c tonc_color.o
                0x0800dce8                clr_grayscale
 .text.sbmp16_rect
                0x0800dd64       0x68 tonc_sbmp16.o
                0x0800dd64                sbmp16_rect
 .text.bmp16_drawg_b1cts
                0x0800ddcc       0xb0 bmp16_drawg_b1cs.o
                0x0800ddcc                bmp16_drawg_b1cts
 .text.bmp16_erase
                0x0800de7c       0x24 tte_init_bmp.o
                0x0800de7c                bmp16_erase
 .text.tte_init_bmp
                0x0800dea0       0x60 tte_init_bmp.o
                0x0800dea0                tte_init_bmp
 .text.dummy_drawg
                0x0800df00        0x4 tte_main.o
                0x0800df00                dummy_drawg
 .text.dummy_erase
                0x0800df04        0x4 tte_main.o
                0x0800df04                dummy_erase
 .text.tte_init_base
                0x0800df08       0x68 tte_main.o
                0x0800df08                tte_init_base
 .text.utf8_decode_char
                0x0800df70       0xb4 tte_main.o
                0x0800df70                utf8_decode_char
 .text.tte_write
                0x0800e024       0xe8 tte_main.o
                0x0800e024                tte_write
 .text.tte_get_text_size
                0x0800e10c       0xa4 tte_main.o
                0x0800e10c                tte_get_text_size
 .text.tte_set_margins
                0x0800e1b0       0x18 tte_main.o
                0x0800e1b0                tte_set_margins
 .text.IRQ_Init
                0x0800e1c8       0x48 interrupts_gba.o
                0x0800e1c8                IRQ_Init
 .text.IRQ_SetHandler
                0x0800e210       0x10 interrupts_gba.o
                0x0800e210                IRQ_SetHandler
 .text.IRQ_Enable
                0x0800e220       0x64 interrupts_gba.o
                0x0800e220                IRQ_Enable
 .text.IRQ_Disable
                0x0800e284       0x60 interrupts_gba.o
                0x0800e284                IRQ_Disable
 .text.channel3_refresh_registers
                0x0800e2e4       0xd0 gbt_player.o
 .text.gbt_refresh_pattern_ptr
                0x0800e3b4       0x84 gbt_player.o
 .text.gbt_ch1234_nop
                0x0800e438        0x4 gbt_player.o
 .text.gbt_ch1234_speed
                0x0800e43c       0x10 gbt_player.o
 .text.gbt_ch1234_jump_pattern
                0x0800e44c       0x14 gbt_player.o
 .text.gbt_ch1234_jump_position
                0x0800e460       0x1c gbt_player.o
 .text.gbt_ch1234_event
                0x0800e47c       0x24 gbt_player.o
 .text.gbt_ch1_pan
                0x0800e4a0       0x10 gbt_player.o
 .text.gbt_ch1_cut_note
                0x0800e4b0       0x10 gbt_player.o
 .text.gbt_ch1_arpeggio
                0x0800e4c0       0x34 gbt_player.o
 .text.gbt_ch1_vibrato
                0x0800e4f4       0x20 gbt_player.o
 .text.gbt_ch1_volslide
                0x0800e514       0x10 gbt_player.o
 .text.gbt_ch2_pan
                0x0800e524       0x10 gbt_player.o
 .text.gbt_ch2_cut_note
                0x0800e534       0x10 gbt_player.o
 .text.gbt_ch2_arpeggio
                0x0800e544       0x34 gbt_player.o
 .text.gbt_ch2_vibrato
                0x0800e578       0x20 gbt_player.o
 .text.gbt_ch2_volslide
                0x0800e598       0x10 gbt_player.o
 .text.gbt_ch3_pan
                0x0800e5a8       0x10 gbt_player.o
 .text.gbt_ch3_cut_note
                0x0800e5b8       0x10 gbt_player.o
 .text.gbt_ch3_arpeggio
                0x0800e5c8       0x34 gbt_player.o
 .text.gbt_ch3_vibrato
                0x0800e5fc       0x20 gbt_player.o
 .text.gbt_ch4_pan
                0x0800e61c       0x14 gbt_player.o
 .text.gbt_ch4_cut_note
                0x0800e630       0x10 gbt_player.o
 .text.gbt_ch4_volslide
                0x0800e640       0x10 gbt_player.o
 .text.gbt_update_refresh_panning
                0x0800e650       0x50 gbt_player.o
 .text.gbt_run_startup_commands.part.0
                0x0800e6a0       0xd0 gbt_player.o
 .text.gbt_update_effects_internal
                0x0800e770      0x2cc gbt_player.o
 .text.gbt_play
                0x0800ea3c      0x1dc gbt_player.o
                0x0800ea3c                gbt_play
 .text.gbt_volume
                0x0800ec18       0x68 gbt_player.o
                0x0800ec18                gbt_volume
 .text.gbt_is_playing
                0x0800ec80        0xc gbt_player.o
                0x0800ec80                gbt_is_playing
 .text.gbt_pause
                0x0800ec8c       0x48 gbt_player.o
                0x0800ec8c                gbt_pause
 .text.gbt_loop
                0x0800ecd4        0xc gbt_player.o
                0x0800ecd4                gbt_loop
 .text.gbt_stop
                0x0800ece0       0x24 gbt_player.o
                0x0800ece0                gbt_stop
 .text.gbt_update
                0x0800ed04      0x678 gbt_player.o
                0x0800ed04                gbt_update
 .text.gbt_get_position
                0x0800f37c       0x4c gbt_player.o
                0x0800f37c                gbt_get_position
 .text.gbt_set_position
                0x0800f3c8       0xe0 gbt_player.o
                0x0800f3c8                gbt_set_position
 .text          0x0800f4a8       0x8c tonc_bios.o
                0x0800f4a8                SoftReset
                0x0800f4ac                RegisterRamReset
                0x0800f4b0                Halt
                0x0800f4b4                Stop
                0x0800f4b8                IntrWait
                0x0800f4bc                VBlankIntrWait
                0x0800f4c0                Div
                0x0800f4c4                DivArm
                0x0800f4c8                Sqrt
                0x0800f4cc                ArcTan
                0x0800f4d0                ArcTan2
                0x0800f4d4                CpuSet
                0x0800f4d8                CpuFastSet
                0x0800f4dc                BiosCheckSum
                0x0800f4e0                BgAffineSet
                0x0800f4e4                ObjAffineSet
                0x0800f4e8                BitUnPack
                0x0800f4ec                LZ77UnCompWram
                0x0800f4f0                LZ77UnCompVram
                0x0800f4f4                HuffUnComp
                0x0800f4f8                RLUnCompWram
                0x0800f4fc                RLUnCompVram
                0x0800f500                Diff8bitUnFilterWram
                0x0800f504                Diff8bitUnFilterVram
                0x0800f508                Diff16bitUnFilter
                0x0800f50c                SoundBias
                0x0800f510                SoundDriverInit
                0x0800f514                SoundDriverMode
                0x0800f518                SoundDriverMain
                0x0800f51c                SoundDriverVSync
                0x0800f520                SoundChannelClear
                0x0800f524                MidiKey2Freq
                0x0800f528                MultiBoot
                0x0800f52c                SoundDriverVSyncOff
                0x0800f530                SoundDriverVSyncOn
 .text          0x0800f534       0x3c tonc_memset.o
                0x0800f534                memset16
 .text          0x0800f570      0x26c posprintf.o
                0x0800f574                posprintf
 .text          0x0800f7dc     0x1570 C:/devkitPro/libgba/lib\libmm.a(mm_mas.o)
                0x0800f850                mmStart
                0x0800f870                mmJingle
                0x0800f876                mmPlayModule
                0x0800f940                mmPause
                0x0800f95c                mmResume
                0x0800f96c                mmActive
                0x0800f972                mmActiveSub
                0x0800f978                mmSetModuleVolume
                0x0800f988                mmSetJingleVolume
                0x0800f9c4                mmGetPositionTick
                0x0800f9ca                mmGetPositionRow
                0x0800f9d0                mmGetPosition
                0x0800f9d6                mmPosition
                0x0800f9f0                mmSetModuleTempo
                0x0800fa22                mmSetModulePitch
                0x0800fa64                mmStop
                0x0800fb2a                mppUpdateSub
                0x0800fc86                mpp_Process_VolumeCommand
                0x0800febe                mpp_Process_Effect
                0x0801060c                ST3_FREQTABLE
                0x08010a2c                IT_PitchTable
 .text          0x08010d4c       0x14 C:/devkitPro/libgba/lib\libmm.a(mm_main.o)
                0x08010d4c                mpp_call_r7
                0x08010d4e                mpp_call_r1
                0x08010d50                mpp_call_r2
                0x08010d52                mpp_call_r3
                0x08010d54                mmSetEventHandler
 .text          0x08010d60      0x314 C:/devkitPro/libgba/lib\libmm.a(mm_effect.o)
                0x08010d60                mmResetEffects
                0x08010d8c                mmEffect
                0x08010da2                mmEffectEx
                0x08010ea2                mmEffectActive
                0x08010ed6                mmEffectVolume
                0x08010ef2                mmEffectPanning
                0x08010f06                mmEffectRate
                0x08010f1a                mmEffectCancel
                0x08010f54                mmEffectRelease
                0x08010f7a                mmEffectScaleRate
                0x08010f8e                mmSetEffectsVolume
                0x08010f9c                mmEffectCancelAll
                0x08010fdc                mmUpdateEffects
 .text          0x08011074      0x1e0 C:/devkitPro/libgba/lib\libmm.a(mm_mixer_gba.o)
                0x08011074                mmMixerSetSource
                0x08011088                mmMixerSetRead
                0x08011096                mmMixerSetFreq
                0x080110a6                mmMixerMulFreq
                0x080110ba                mmMixerStopChannel
                0x080110cc                mmMixerChannelActive
                0x080110de                mmMixerSetVolume
                0x080110ec                mmMixerSetPan
                0x080110fa                mmMixerInit
 .text          0x08011254      0x12c C:/devkitPro/libgba/lib\libmm.a(mm_main_gba.o)
                0x08011254                mmInit
                0x080112a8                mmSetVBlankHandler
                0x080112ae                mmFrame
 .text          0x08011380       0x3c C:/devkitPro/devkitARM/bin/../lib/gcc/arm-none-eabi/13.1.0/thumb\libgcc.a(_call_via_rX.o)
                0x08011380                _call_via_r0
                0x08011384                _call_via_r1
                0x08011388                _call_via_r2
                0x0801138c                _call_via_r3
                0x08011390                _call_via_r4
                0x08011394                _call_via_r5
                0x08011398                _call_via_r6
                0x0801139c                _call_via_r7
                0x080113a0                _call_via_r8
                0x080113a4                _call_via_r9
                0x080113a8                _call_via_sl
                0x080113ac                _call_via_fp
                0x080113b0                _call_via_ip
                0x080113b4                _call_via_sp
                0x080113b8                _call_via_lr
 .text.__libc_init_array
                0x080113bc       0x54 C:/devkitPro/devkitARM/bin/../lib/gcc/arm-none-eabi/13.1.0/../../../../arm-none-eabi/lib/thumb\libg.a(libc_a-init.o)
                0x080113bc                __libc_init_array
 .text.__libc_init_array.__stub
                0x08011410       0xb4 linker stubs
 *(.gnu.linkonce.t.*)
 *(.text.*personality*)
 *(.gnu.warning)
 *(.glue_7t)
 .glue_7t       0x08011500        0x0 linker stubs
 *(.glue_7)
 .glue_7        0x08011500        0x0 linker stubs
 *(.vfp11_veneer)
 .vfp11_veneer  0x08011500        0x0 linker stubs
                0x08011500                        . = ALIGN (0x4)
                0x08011500                        __text_end = .

.v4_bx          0x08011500        0x0
 .v4_bx         0x08011500        0x0 linker stubs

.iplt           0x08011500        0x0
 .iplt          0x08011500        0x0 C:/devkitPro/devkitARM/bin/../lib/gcc/arm-none-eabi/13.1.0/../../../../arm-none-eabi/lib/thumb/gba_crt0.o

.fini           0x08011500        0xc
 *(.fini)
 .fini          0x08011500        0x4 C:/devkitPro/devkitARM/bin/../lib/gcc/arm-none-eabi/13.1.0/thumb/crti.o
                0x08011500                _fini
 .fini          0x08011504        0x8 C:/devkitPro/devkitARM/bin/../lib/gcc/arm-none-eabi/13.1.0/thumb/crtn.o
                0x0801150c                        . = ALIGN (0x4)

.rodata         0x0801150c    0x10af4
 *(.rodata)
 .rodata        0x0801150c       0xa0 cursor_bn_gfx.o
                0x0801150c                cursor_bn_gfxTiles
                0x0801158c                cursor_bn_gfxPal
 .rodata        0x080115ac     0x4220 entity_bn_gfx.o
                0x080115ac                entity_bn_gfxTiles
                0x080157ac                entity_bn_gfxPal
 .rodata        0x080157cc     0x6e20 world_bn_gfx.o
                0x080157cc                world_bn_gfxTiles
                0x0801c5cc                world_bn_gfxPal
 .rodata        0x0801c5ec     0x1ba0 common_variable_8x16_font_bn_gfx.o
                0x0801c5ec                common_variable_8x16_font_bn_gfxTiles
                0x0801e16c                common_variable_8x16_font_bn_gfxPal
 .rodata        0x0801e18c      0x190 main.o
 .rodata        0x0801e31c       0x10 bn_sprite_tiles_manager.o
 .rodata        0x0801e32c       0x90 gbt_player.o
 .rodata        0x0801e3bc      0xef8 verdana9.o